{"type":"operationStart","subtype":"profile","data":{"_id":"qHPxLUkjaPlTeWix","timestamp":"2025-09-02T16:02:03.989Z","state":"queued","mode":"standard","creationDate":"2025-09-02T16:02:03.990Z","modificationDate":"2025-09-02T16:02:03.990Z","shortid":"hdWGlqq","$entitySet":"profiles"},"doDiffs":false,"timestamp":1756828923989,"id":"9eujl4p3uk54jea","previousOperationId":null,"operationId":"mjlyirn2u96tgh9"}
{"type":"log","level":"info","message":"Render request 1 queued for execution and waiting for available worker","previousOperationId":"mjlyirn2u96tgh9","timestamp":1756828923989,"id":"8zcywfw7amu4fe4"}
{"type":"operationStart","subtype":"render","name":"report-collaborators","previousOperationId":"mjlyirn2u96tgh9","timestamp":1756828924004,"id":"1ms8yb3q8php8s1","previousEventId":"9eujl4p3uk54jea","operationId":"93f5as3m3k6vpxu"}
{"type":"log","timestamp":1756828924005,"level":"info","message":"Starting rendering request 1","meta":{"rootId":"78en403fbgr1wgd","id":"78en403fbgr1wgd"},"id":"4q1uamzet64560u","previousOperationId":"93f5as3m3k6vpxu"}
{"type":"log","timestamp":1756828924005,"level":"info","message":"Rendering template { name: report-collaborators, recipe: chrome-pdf, engine: jsrender, preview: false }","meta":{"rootId":"78en403fbgr1wgd","id":"78en403fbgr1wgd"},"id":"kq49bfyp57haih0","previousOperationId":"93f5as3m3k6vpxu"}
{"type":"log","timestamp":1756828924006,"level":"debug","message":"Inline data specified.","meta":{"rootId":"78en403fbgr1wgd","id":"78en403fbgr1wgd"},"id":"b5n0t8lpfi5hqzs","previousOperationId":"93f5as3m3k6vpxu"}
{"type":"log","timestamp":1756828924007,"level":"debug","message":"Base url not specified, skipping its injection.","meta":{"rootId":"78en403fbgr1wgd","id":"78en403fbgr1wgd"},"id":"kye2pwnsb1kg9e4","previousOperationId":"93f5as3m3k6vpxu"}
{"type":"operationStart","subtype":"engine","name":"jsrender","timestamp":1756828924008,"id":"z349go5km93hpot","previousEventId":"1ms8yb3q8php8s1","operationId":"6ho4rexkw9xm2kd","previousOperationId":"93f5as3m3k6vpxu"}
{"type":"log","timestamp":1756828924008,"level":"debug","message":"Rendering engine jsrender","meta":{"rootId":"78en403fbgr1wgd","id":"78en403fbgr1wgd"},"id":"y5gg5llr34hxort","previousOperationId":"6ho4rexkw9xm2kd"}
{"type":"operationEnd","operationId":"6ho4rexkw9xm2kd","timestamp":1756828924288,"id":"xi1mod8h4wn3dib","previousEventId":"z349go5km93hpot","previousOperationId":"6ho4rexkw9xm2kd"}
{"type":"operationStart","subtype":"recipe","name":"chrome-pdf","timestamp":1756828924288,"id":"cy85hkngem0loaf","previousEventId":"xi1mod8h4wn3dib","operationId":"yqhd8buakwogvbo","previousOperationId":"6ho4rexkw9xm2kd"}
{"type":"log","timestamp":1756828924289,"level":"debug","message":"Executing recipe chrome-pdf","meta":{"rootId":"78en403fbgr1wgd","id":"78en403fbgr1wgd"},"id":"86k3rlsxuoumnqr","previousOperationId":"yqhd8buakwogvbo"}
{"type":"log","timestamp":1756828924704,"level":"debug","message":"Converting with chrome Chrome/136.0.7103.49 using chrome-pool strategy","meta":{"rootId":"78en403fbgr1wgd","id":"78en403fbgr1wgd"},"id":"2bc37akutbewr1k","previousOperationId":"yqhd8buakwogvbo"}
{"type":"log","timestamp":1756828924738,"level":"debug","message":"Page request: GET (document) file:///tmp/jsreport/autocleanup/6e40c20a-7318-48df-9361-2fcfc7efac43-chrome-pdf.html","meta":{"rootId":"78en403fbgr1wgd","id":"78en403fbgr1wgd"},"id":"7l1cx7bmw4idswi","previousOperationId":"yqhd8buakwogvbo"}
{"type":"log","timestamp":1756828924746,"level":"debug","message":"Page request finished: GET (document) 200 file:///tmp/jsreport/autocleanup/6e40c20a-7318-48df-9361-2fcfc7efac43-chrome-pdf.html","meta":{"rootId":"78en403fbgr1wgd","id":"78en403fbgr1wgd"},"id":"8gebf0ij63gs1g9","previousOperationId":"yqhd8buakwogvbo"}
{"type":"log","timestamp":1756828924756,"level":"debug","message":"Running chrome with params {\"printBackground\":true,\"timeout\":59695,\"margin\":{}}","meta":{"rootId":"78en403fbgr1wgd","id":"78en403fbgr1wgd"},"id":"kd598omahjw6qy1","previousOperationId":"yqhd8buakwogvbo"}
{"type":"operationEnd","operationId":"yqhd8buakwogvbo","timestamp":1756828924804,"id":"qqs3teigwg2znvt","previousEventId":"cy85hkngem0loaf","previousOperationId":"yqhd8buakwogvbo"}
{"type":"log","timestamp":1756828924805,"level":"debug","message":"Skipping storing report.","meta":{"rootId":"78en403fbgr1wgd","id":"78en403fbgr1wgd"},"id":"fuckdxoxjw5ecyb","previousOperationId":"yqhd8buakwogvbo"}
{"type":"log","timestamp":1756828924805,"level":"info","message":"Rendering request 1 finished in 817 ms","meta":{"rootId":"78en403fbgr1wgd","id":"78en403fbgr1wgd"},"id":"jdcso3x7upmlvzq","previousOperationId":"yqhd8buakwogvbo"}
{"type":"operationEnd","subtype":"render","operationId":"93f5as3m3k6vpxu","timestamp":1756828924805,"id":"qqfuut4a0cji5y9","previousEventId":"qqs3teigwg2znvt","previousOperationId":"yqhd8buakwogvbo"}
{"type":"operationEnd","doDiffs":false,"previousEventId":"9eujl4p3uk54jea","previousOperationId":"mjlyirn2u96tgh9","operationId":"mjlyirn2u96tgh9","timestamp":1756828924807,"id":"oe9g87qak6m2o0p"}
