{"type":"operationStart","subtype":"profile","data":{"_id":"gWkDpIUNIjqm4Alw","timestamp":"2025-08-06T20:03:07.103Z","state":"queued","mode":"standard","creationDate":"2025-08-06T20:03:07.104Z","modificationDate":"2025-08-06T20:03:07.104Z","shortid":"ezgEQgX","$entitySet":"profiles"},"doDiffs":false,"timestamp":1754510587104,"id":"w5zr3tw9se3u3gz","previousOperationId":null,"operationId":"cd32sdua3jmgdsy"}
{"type":"log","level":"info","message":"Render request 1 queued for execution and waiting for available worker","previousOperationId":"cd32sdua3jmgdsy","timestamp":1754510587104,"id":"lxw54avmiinntp8"}
{"type":"operationStart","subtype":"render","name":"report-collaborators","previousOperationId":"cd32sdua3jmgdsy","timestamp":1754510587115,"id":"pgjrl0kjs8p3h6l","previousEventId":"w5zr3tw9se3u3gz","operationId":"9n05vqubiu1rk7m"}
{"type":"log","timestamp":1754510587115,"level":"info","message":"Starting rendering request 1","meta":{"rootId":"e4p7q6106jgazm0","id":"e4p7q6106jgazm0"},"id":"5i613gmtj4wow4r","previousOperationId":"9n05vqubiu1rk7m"}
{"type":"log","timestamp":1754510587116,"level":"info","message":"Rendering template { name: report-collaborators, recipe: chrome-pdf, engine: jsrender, preview: false }","meta":{"rootId":"e4p7q6106jgazm0","id":"e4p7q6106jgazm0"},"id":"emfgytbto8b1tlh","previousOperationId":"9n05vqubiu1rk7m"}
{"type":"log","timestamp":1754510587117,"level":"debug","message":"Inline data specified.","meta":{"rootId":"e4p7q6106jgazm0","id":"e4p7q6106jgazm0"},"id":"vpn1dj8anrshbcf","previousOperationId":"9n05vqubiu1rk7m"}
{"type":"log","timestamp":1754510587117,"level":"debug","message":"Base url not specified, skipping its injection.","meta":{"rootId":"e4p7q6106jgazm0","id":"e4p7q6106jgazm0"},"id":"r9yd6p4n7uy7ju7","previousOperationId":"9n05vqubiu1rk7m"}
{"type":"operationStart","subtype":"engine","name":"jsrender","timestamp":1754510587118,"id":"avzqt228zg3r409","previousEventId":"pgjrl0kjs8p3h6l","operationId":"0ybznu31diblpsd","previousOperationId":"9n05vqubiu1rk7m"}
{"type":"log","timestamp":1754510587118,"level":"debug","message":"Rendering engine jsrender","meta":{"rootId":"e4p7q6106jgazm0","id":"e4p7q6106jgazm0"},"id":"59ehpi1detl48o3","previousOperationId":"0ybznu31diblpsd"}
{"type":"operationEnd","operationId":"0ybznu31diblpsd","timestamp":1754510587368,"id":"f1u9l6bg37lqeem","previousEventId":"avzqt228zg3r409","previousOperationId":"0ybznu31diblpsd"}
{"type":"operationStart","subtype":"recipe","name":"chrome-pdf","timestamp":1754510587368,"id":"9srmrsd0lnto4tc","previousEventId":"f1u9l6bg37lqeem","operationId":"3uog6gifjsv1kzx","previousOperationId":"0ybznu31diblpsd"}
{"type":"log","timestamp":1754510587368,"level":"debug","message":"Executing recipe chrome-pdf","meta":{"rootId":"e4p7q6106jgazm0","id":"e4p7q6106jgazm0"},"id":"x1a94e6j8sdzdiz","previousOperationId":"3uog6gifjsv1kzx"}
{"type":"log","timestamp":1754510587780,"level":"debug","message":"Converting with chrome Chrome/136.0.7103.49 using chrome-pool strategy","meta":{"rootId":"e4p7q6106jgazm0","id":"e4p7q6106jgazm0"},"id":"k0z5wkzmdhz1krt","previousOperationId":"3uog6gifjsv1kzx"}
{"type":"log","timestamp":1754510587815,"level":"debug","message":"Page request: GET (document) file:///tmp/jsreport/autocleanup/58d644f8-7aae-4f6e-b604-c33505944bc5-chrome-pdf.html","meta":{"rootId":"e4p7q6106jgazm0","id":"e4p7q6106jgazm0"},"id":"i8yyf3cz535c04f","previousOperationId":"3uog6gifjsv1kzx"}
{"type":"log","timestamp":1754510587823,"level":"debug","message":"Page request finished: GET (document) 200 file:///tmp/jsreport/autocleanup/58d644f8-7aae-4f6e-b604-c33505944bc5-chrome-pdf.html","meta":{"rootId":"e4p7q6106jgazm0","id":"e4p7q6106jgazm0"},"id":"k3gvuuwei3og7b5","previousOperationId":"3uog6gifjsv1kzx"}
{"type":"log","timestamp":1754510587833,"level":"debug","message":"Running chrome with params {\"printBackground\":true,\"timeout\":59731,\"margin\":{}}","meta":{"rootId":"e4p7q6106jgazm0","id":"e4p7q6106jgazm0"},"id":"ab3gvpgo1oh57h9","previousOperationId":"3uog6gifjsv1kzx"}
{"type":"operationEnd","operationId":"3uog6gifjsv1kzx","timestamp":1754510587876,"id":"nahjqfsaqlc6hlm","previousEventId":"9srmrsd0lnto4tc","previousOperationId":"3uog6gifjsv1kzx"}
{"type":"log","timestamp":1754510587876,"level":"debug","message":"Skipping storing report.","meta":{"rootId":"e4p7q6106jgazm0","id":"e4p7q6106jgazm0"},"id":"cqf1ls576gsws2c","previousOperationId":"3uog6gifjsv1kzx"}
{"type":"log","timestamp":1754510587876,"level":"info","message":"Rendering request 1 finished in 774 ms","meta":{"rootId":"e4p7q6106jgazm0","id":"e4p7q6106jgazm0"},"id":"rtvd8o1tx8m8j4t","previousOperationId":"3uog6gifjsv1kzx"}
{"type":"operationEnd","subtype":"render","operationId":"9n05vqubiu1rk7m","timestamp":1754510587876,"id":"juer4oih5zi5k3x","previousEventId":"nahjqfsaqlc6hlm","previousOperationId":"3uog6gifjsv1kzx"}
{"type":"operationEnd","doDiffs":false,"previousEventId":"w5zr3tw9se3u3gz","previousOperationId":"cd32sdua3jmgdsy","operationId":"cd32sdua3jmgdsy","timestamp":1754510587878,"id":"ug0sxjmxiqf4hl8"}
