{"type":"operationStart","subtype":"profile","data":{"_id":"OjUmW6FmZPoHcZTG","timestamp":"2025-10-07T18:39:00.096Z","state":"queued","mode":"standard","creationDate":"2025-10-07T18:39:00.099Z","modificationDate":"2025-10-07T18:39:00.099Z","shortid":"AKJRzum","$entitySet":"profiles"},"doDiffs":false,"timestamp":1759862340098,"id":"z6ibe3uwshzitf6","previousOperationId":null,"operationId":"37q1btl44kfs7dv"}
{"type":"log","level":"info","message":"Render request 2 queued for execution and waiting for available worker","previousOperationId":"37q1btl44kfs7dv","timestamp":1759862340098,"id":"7oepuh24o6iaa20"}
{"type":"operationStart","subtype":"render","name":"report-collaborators","previousOperationId":"37q1btl44kfs7dv","timestamp":1759862340120,"id":"grvjd7gd2w0lx78","previousEventId":"z6ibe3uwshzitf6","operationId":"mxntuq4mvpf2yeb"}
{"type":"log","timestamp":1759862340122,"level":"info","message":"Starting rendering request 2","meta":{"rootId":"ogokxk0wln5ru2j","id":"ogokxk0wln5ru2j"},"id":"s29fctccuurexr7","previousOperationId":"mxntuq4mvpf2yeb"}
{"type":"log","timestamp":1759862340123,"level":"info","message":"Rendering template { name: report-collaborators, recipe: chrome-pdf, engine: jsrender, preview: true }","meta":{"rootId":"ogokxk0wln5ru2j","id":"ogokxk0wln5ru2j"},"id":"ah89i3gb272k6hy","previousOperationId":"mxntuq4mvpf2yeb"}
{"type":"log","timestamp":1759862340126,"level":"debug","message":"Data item not defined for this template.","meta":{"rootId":"ogokxk0wln5ru2j","id":"ogokxk0wln5ru2j"},"id":"d5pq5wbu3bx0r06","previousOperationId":"mxntuq4mvpf2yeb"}
{"type":"log","timestamp":1759862340129,"level":"debug","message":"Base url not specified, skipping its injection.","meta":{"rootId":"ogokxk0wln5ru2j","id":"ogokxk0wln5ru2j"},"id":"ujbmtrw9802vgzq","previousOperationId":"mxntuq4mvpf2yeb"}
{"type":"operationStart","subtype":"engine","name":"jsrender","timestamp":1759862340131,"id":"sy01gjrpz9e7jyl","previousEventId":"grvjd7gd2w0lx78","operationId":"x8ngk6p7t8kiee8","previousOperationId":"mxntuq4mvpf2yeb"}
{"type":"log","timestamp":1759862340132,"level":"debug","message":"Rendering engine jsrender","meta":{"rootId":"ogokxk0wln5ru2j","id":"ogokxk0wln5ru2j"},"id":"qrdn510bkhzuro5","previousOperationId":"x8ngk6p7t8kiee8"}
{"type":"operationEnd","operationId":"x8ngk6p7t8kiee8","timestamp":1759862340631,"id":"boo6lzdvjont7gb","previousEventId":"sy01gjrpz9e7jyl","previousOperationId":"x8ngk6p7t8kiee8"}
{"type":"operationStart","subtype":"recipe","name":"chrome-pdf","timestamp":1759862340632,"id":"qnzbc5yyiqmn0mf","previousEventId":"boo6lzdvjont7gb","operationId":"ic1c6pl9qdj01z5","previousOperationId":"x8ngk6p7t8kiee8"}
{"type":"log","timestamp":1759862340632,"level":"debug","message":"Executing recipe chrome-pdf","meta":{"rootId":"ogokxk0wln5ru2j","id":"ogokxk0wln5ru2j"},"id":"kb1e7jq6f2ttmet","previousOperationId":"ic1c6pl9qdj01z5"}
{"type":"log","timestamp":1759862341320,"level":"debug","message":"Converting with chrome Chrome/136.0.7103.49 using chrome-pool strategy","meta":{"rootId":"ogokxk0wln5ru2j","id":"ogokxk0wln5ru2j"},"id":"0d7ur7993vghhwh","previousOperationId":"ic1c6pl9qdj01z5"}
{"type":"log","timestamp":1759862341401,"level":"debug","message":"Page request: GET (document) file:///tmp/jsreport/autocleanup/9619ee34-5a69-4d2c-99dd-68f2755fa108-chrome-pdf.html","meta":{"rootId":"ogokxk0wln5ru2j","id":"ogokxk0wln5ru2j"},"id":"d95sho6vphmuct0","previousOperationId":"ic1c6pl9qdj01z5"}
{"type":"log","timestamp":1759862341430,"level":"debug","message":"Page request finished: GET (document) 200 file:///tmp/jsreport/autocleanup/9619ee34-5a69-4d2c-99dd-68f2755fa108-chrome-pdf.html","meta":{"rootId":"ogokxk0wln5ru2j","id":"ogokxk0wln5ru2j"},"id":"p5h4gmqzuf2pmuh","previousOperationId":"ic1c6pl9qdj01z5"}
{"type":"log","timestamp":1759862341458,"level":"debug","message":"Running chrome with params {\"printBackground\":true,\"timeout\":59441,\"margin\":{}}","meta":{"rootId":"ogokxk0wln5ru2j","id":"ogokxk0wln5ru2j"},"id":"nolj84imbw1i507","previousOperationId":"ic1c6pl9qdj01z5"}
{"type":"operationEnd","operationId":"ic1c6pl9qdj01z5","timestamp":1759862341554,"id":"mekccy8rwepc7ev","previousEventId":"qnzbc5yyiqmn0mf","previousOperationId":"ic1c6pl9qdj01z5"}
{"type":"log","timestamp":1759862341556,"level":"debug","message":"Skipping storing report.","meta":{"rootId":"ogokxk0wln5ru2j","id":"ogokxk0wln5ru2j"},"id":"fg76mc5om4e8cp8","previousOperationId":"ic1c6pl9qdj01z5"}
{"type":"log","timestamp":1759862341556,"level":"info","message":"Rendering request 2 finished in 1461 ms","meta":{"rootId":"ogokxk0wln5ru2j","id":"ogokxk0wln5ru2j"},"id":"s8a5a1hko369790","previousOperationId":"ic1c6pl9qdj01z5"}
{"type":"operationEnd","subtype":"render","operationId":"mxntuq4mvpf2yeb","timestamp":1759862341556,"id":"3mglcqbvp3kun5d","previousEventId":"mekccy8rwepc7ev","previousOperationId":"ic1c6pl9qdj01z5"}
{"type":"operationEnd","doDiffs":false,"previousEventId":"z6ibe3uwshzitf6","previousOperationId":"37q1btl44kfs7dv","operationId":"37q1btl44kfs7dv","timestamp":1759862341561,"id":"n7uv3q13oanxf23"}
