{"type":"operationStart","subtype":"profile","data":{"_id":"k6WdnZHRrQRlXqiM","timestamp":"2025-09-02T16:54:02.161Z","state":"queued","mode":"standard","creationDate":"2025-09-02T16:54:02.162Z","modificationDate":"2025-09-02T16:54:02.162Z","shortid":"AV3EI-8","$entitySet":"profiles"},"doDiffs":false,"timestamp":1756832042161,"id":"xsyq8rkk16udoyv","previousOperationId":null,"operationId":"bbillkn293ozutp"}
{"type":"log","level":"info","message":"Render request 1 queued for execution and waiting for available worker","previousOperationId":"bbillkn293ozutp","timestamp":1756832042161,"id":"7zmq9o1vsmje04g"}
{"type":"operationStart","subtype":"render","name":"report-collaborators","previousOperationId":"bbillkn293ozutp","timestamp":1756832042186,"id":"gyduusqsa8nbsd8","previousEventId":"xsyq8rkk16udoyv","operationId":"w7kn2iu8w45k3ta"}
{"type":"log","timestamp":1756832042186,"level":"info","message":"Starting rendering request 1","meta":{"rootId":"rxs1c7aoql8ye8f","id":"rxs1c7aoql8ye8f"},"id":"sqbsjn1euyz164o","previousOperationId":"w7kn2iu8w45k3ta"}
{"type":"log","timestamp":1756832042187,"level":"info","message":"Rendering template { name: report-collaborators, recipe: chrome-pdf, engine: jsrender, preview: false }","meta":{"rootId":"rxs1c7aoql8ye8f","id":"rxs1c7aoql8ye8f"},"id":"0yf0i2w3z0l19bi","previousOperationId":"w7kn2iu8w45k3ta"}
{"type":"log","timestamp":1756832042188,"level":"debug","message":"Inline data specified.","meta":{"rootId":"rxs1c7aoql8ye8f","id":"rxs1c7aoql8ye8f"},"id":"sqpba0twqs7rtfn","previousOperationId":"w7kn2iu8w45k3ta"}
{"type":"log","timestamp":1756832042190,"level":"debug","message":"Base url not specified, skipping its injection.","meta":{"rootId":"rxs1c7aoql8ye8f","id":"rxs1c7aoql8ye8f"},"id":"r5knbaoqb0l5ht9","previousOperationId":"w7kn2iu8w45k3ta"}
{"type":"operationStart","subtype":"engine","name":"jsrender","timestamp":1756832042190,"id":"m5utmj9o91mxlka","previousEventId":"gyduusqsa8nbsd8","operationId":"okpq8t02386lf6d","previousOperationId":"w7kn2iu8w45k3ta"}
{"type":"log","timestamp":1756832042190,"level":"debug","message":"Rendering engine jsrender","meta":{"rootId":"rxs1c7aoql8ye8f","id":"rxs1c7aoql8ye8f"},"id":"ebq5z08ct9t9d3j","previousOperationId":"okpq8t02386lf6d"}
{"type":"operationEnd","operationId":"okpq8t02386lf6d","timestamp":1756832042401,"id":"esz1tzt004mt0v6","previousEventId":"m5utmj9o91mxlka","previousOperationId":"okpq8t02386lf6d"}
{"type":"operationStart","subtype":"recipe","name":"chrome-pdf","timestamp":1756832042402,"id":"6fpxartxka9wign","previousEventId":"esz1tzt004mt0v6","operationId":"fn6bg5ey4liviuz","previousOperationId":"okpq8t02386lf6d"}
{"type":"log","timestamp":1756832042402,"level":"debug","message":"Executing recipe chrome-pdf","meta":{"rootId":"rxs1c7aoql8ye8f","id":"rxs1c7aoql8ye8f"},"id":"eglneyo1hoczc3p","previousOperationId":"fn6bg5ey4liviuz"}
{"type":"log","timestamp":1756832042577,"level":"debug","message":"Converting with chrome Chrome/136.0.7103.49 using chrome-pool strategy","meta":{"rootId":"rxs1c7aoql8ye8f","id":"rxs1c7aoql8ye8f"},"id":"f8osfgwqqqskh8k","previousOperationId":"fn6bg5ey4liviuz"}
{"type":"log","timestamp":1756832042600,"level":"debug","message":"Page request: GET (document) file:///tmp/jsreport/autocleanup/94a3a094-7b40-4cc3-8220-bddc3a89b438-chrome-pdf.html","meta":{"rootId":"rxs1c7aoql8ye8f","id":"rxs1c7aoql8ye8f"},"id":"m1dgo644afstngf","previousOperationId":"fn6bg5ey4liviuz"}
{"type":"log","timestamp":1756832042607,"level":"debug","message":"Page request finished: GET (document) 200 file:///tmp/jsreport/autocleanup/94a3a094-7b40-4cc3-8220-bddc3a89b438-chrome-pdf.html","meta":{"rootId":"rxs1c7aoql8ye8f","id":"rxs1c7aoql8ye8f"},"id":"uwl916loqgnr4o8","previousOperationId":"fn6bg5ey4liviuz"}
{"type":"log","timestamp":1756832042613,"level":"debug","message":"Running chrome with params {\"printBackground\":true,\"timeout\":59755,\"margin\":{}}","meta":{"rootId":"rxs1c7aoql8ye8f","id":"rxs1c7aoql8ye8f"},"id":"7mwxzay5b5ez91r","previousOperationId":"fn6bg5ey4liviuz"}
{"type":"operationEnd","operationId":"fn6bg5ey4liviuz","timestamp":1756832042641,"id":"1z9t2nfpfbpyzty","previousEventId":"6fpxartxka9wign","previousOperationId":"fn6bg5ey4liviuz"}
{"type":"log","timestamp":1756832042642,"level":"debug","message":"Skipping storing report.","meta":{"rootId":"rxs1c7aoql8ye8f","id":"rxs1c7aoql8ye8f"},"id":"pi6n97mhp6bb8s7","previousOperationId":"fn6bg5ey4liviuz"}
{"type":"log","timestamp":1756832042642,"level":"info","message":"Rendering request 1 finished in 482 ms","meta":{"rootId":"rxs1c7aoql8ye8f","id":"rxs1c7aoql8ye8f"},"id":"haqfayv7bix4ipw","previousOperationId":"fn6bg5ey4liviuz"}
{"type":"operationEnd","subtype":"render","operationId":"w7kn2iu8w45k3ta","timestamp":1756832042642,"id":"apu58czmuep7f9l","previousEventId":"1z9t2nfpfbpyzty","previousOperationId":"fn6bg5ey4liviuz"}
{"type":"operationEnd","doDiffs":false,"previousEventId":"xsyq8rkk16udoyv","previousOperationId":"bbillkn293ozutp","operationId":"bbillkn293ozutp","timestamp":1756832042643,"id":"m9najeyext735pu"}
