{"type":"operationStart","subtype":"profile","data":{"_id":"bZvsyptPjRoQPwmg","timestamp":"2025-08-06T20:03:29.718Z","state":"queued","mode":"standard","creationDate":"2025-08-06T20:03:29.719Z","modificationDate":"2025-08-06T20:03:29.719Z","shortid":"kb-lC62","$entitySet":"profiles"},"doDiffs":false,"timestamp":1754510609718,"id":"9dq6lmyoonox2jl","previousOperationId":null,"operationId":"t5bbx44q47quro1"}
{"type":"log","level":"info","message":"Render request 2 queued for execution and waiting for available worker","previousOperationId":"t5bbx44q47quro1","timestamp":1754510609718,"id":"xxnzavjvdsmu8gw"}
{"type":"operationStart","subtype":"render","name":"report-collaborators","previousOperationId":"t5bbx44q47quro1","timestamp":1754510609730,"id":"gn9eooix1agx00e","previousEventId":"9dq6lmyoonox2jl","operationId":"prrimysdxthjvqw"}
{"type":"log","timestamp":1754510609731,"level":"info","message":"Starting rendering request 2","meta":{"rootId":"vkdjvgyrba6xbk7","id":"vkdjvgyrba6xbk7"},"id":"9vj6qjmrvdz9qn0","previousOperationId":"prrimysdxthjvqw"}
{"type":"log","timestamp":1754510609731,"level":"info","message":"Rendering template { name: report-collaborators, recipe: chrome-pdf, engine: jsrender, preview: false }","meta":{"rootId":"vkdjvgyrba6xbk7","id":"vkdjvgyrba6xbk7"},"id":"usspmkholy85n6m","previousOperationId":"prrimysdxthjvqw"}
{"type":"log","timestamp":1754510609732,"level":"debug","message":"Inline data specified.","meta":{"rootId":"vkdjvgyrba6xbk7","id":"vkdjvgyrba6xbk7"},"id":"2ojd8l8hd8vgs5h","previousOperationId":"prrimysdxthjvqw"}
{"type":"log","timestamp":1754510609734,"level":"debug","message":"Base url not specified, skipping its injection.","meta":{"rootId":"vkdjvgyrba6xbk7","id":"vkdjvgyrba6xbk7"},"id":"foqdajg11tfwpth","previousOperationId":"prrimysdxthjvqw"}
{"type":"operationStart","subtype":"engine","name":"jsrender","timestamp":1754510609735,"id":"a07w7e7n70e8hjf","previousEventId":"gn9eooix1agx00e","operationId":"vcuf3w0jtgijf0m","previousOperationId":"prrimysdxthjvqw"}
{"type":"log","timestamp":1754510609735,"level":"debug","message":"Rendering engine jsrender","meta":{"rootId":"vkdjvgyrba6xbk7","id":"vkdjvgyrba6xbk7"},"id":"17qljrwub26yro5","previousOperationId":"vcuf3w0jtgijf0m"}
{"type":"operationEnd","operationId":"vcuf3w0jtgijf0m","timestamp":1754510609946,"id":"327geyb3455f0wk","previousEventId":"a07w7e7n70e8hjf","previousOperationId":"vcuf3w0jtgijf0m"}
{"type":"operationStart","subtype":"recipe","name":"chrome-pdf","timestamp":1754510609946,"id":"sbwa1vai3eir0qc","previousEventId":"327geyb3455f0wk","operationId":"rkr0thvwlf5oqst","previousOperationId":"vcuf3w0jtgijf0m"}
{"type":"log","timestamp":1754510609946,"level":"debug","message":"Executing recipe chrome-pdf","meta":{"rootId":"vkdjvgyrba6xbk7","id":"vkdjvgyrba6xbk7"},"id":"4tp9a3put4umzqs","previousOperationId":"rkr0thvwlf5oqst"}
{"type":"log","timestamp":1754510610122,"level":"debug","message":"Converting with chrome Chrome/136.0.7103.49 using chrome-pool strategy","meta":{"rootId":"vkdjvgyrba6xbk7","id":"vkdjvgyrba6xbk7"},"id":"evtkrqjp4yqs5bt","previousOperationId":"rkr0thvwlf5oqst"}
{"type":"log","timestamp":1754510610143,"level":"debug","message":"Page request: GET (document) file:///tmp/jsreport/autocleanup/bf1628c4-00c9-4cf2-b721-5331fe6aa477-chrome-pdf.html","meta":{"rootId":"vkdjvgyrba6xbk7","id":"vkdjvgyrba6xbk7"},"id":"6t6j1c4qjxarsr3","previousOperationId":"rkr0thvwlf5oqst"}
{"type":"log","timestamp":1754510610149,"level":"debug","message":"Page request finished: GET (document) 200 file:///tmp/jsreport/autocleanup/bf1628c4-00c9-4cf2-b721-5331fe6aa477-chrome-pdf.html","meta":{"rootId":"vkdjvgyrba6xbk7","id":"vkdjvgyrba6xbk7"},"id":"12ryzoz9iiwj8f3","previousOperationId":"rkr0thvwlf5oqst"}
{"type":"log","timestamp":1754510610156,"level":"debug","message":"Running chrome with params {\"printBackground\":true,\"timeout\":59767,\"margin\":{}}","meta":{"rootId":"vkdjvgyrba6xbk7","id":"vkdjvgyrba6xbk7"},"id":"if0ny6qonv1a5si","previousOperationId":"rkr0thvwlf5oqst"}
{"type":"operationEnd","operationId":"rkr0thvwlf5oqst","timestamp":1754510610184,"id":"05kq27w6t9qh0ta","previousEventId":"sbwa1vai3eir0qc","previousOperationId":"rkr0thvwlf5oqst"}
{"type":"log","timestamp":1754510610184,"level":"debug","message":"Skipping storing report.","meta":{"rootId":"vkdjvgyrba6xbk7","id":"vkdjvgyrba6xbk7"},"id":"5r724mafdlp0cbc","previousOperationId":"rkr0thvwlf5oqst"}
{"type":"log","timestamp":1754510610184,"level":"info","message":"Rendering request 2 finished in 466 ms","meta":{"rootId":"vkdjvgyrba6xbk7","id":"vkdjvgyrba6xbk7"},"id":"2wwwt174jv246mj","previousOperationId":"rkr0thvwlf5oqst"}
{"type":"operationEnd","subtype":"render","operationId":"prrimysdxthjvqw","timestamp":1754510610184,"id":"33r9cc2f87qjwgc","previousEventId":"05kq27w6t9qh0ta","previousOperationId":"rkr0thvwlf5oqst"}
{"type":"operationEnd","doDiffs":false,"previousEventId":"9dq6lmyoonox2jl","previousOperationId":"t5bbx44q47quro1","operationId":"t5bbx44q47quro1","timestamp":1754510610185,"id":"85579ial4e87jsz"}
