{"type":"operationStart","subtype":"profile","data":{"_id":"UrdEr6BVMLvg9grK","timestamp":"2025-10-08T01:02:55.744Z","state":"queued","mode":"standard","creationDate":"2025-10-08T01:02:55.745Z","modificationDate":"2025-10-08T01:02:55.745Z","shortid":"yqaFYp3","$entitySet":"profiles"},"doDiffs":false,"timestamp":1759885375744,"id":"7lckxu42ct17grq","previousOperationId":null,"operationId":"3ojvdwexu0ugwka"}
{"type":"log","level":"info","message":"Render request 14 queued for execution and waiting for available worker","previousOperationId":"3ojvdwexu0ugwka","timestamp":1759885375744,"id":"wuzyuh4le3hg723"}
{"type":"operationStart","subtype":"render","name":"report-royalt-person","previousOperationId":"3ojvdwexu0ugwka","timestamp":1759885375750,"id":"8wrrxnxbwum3biw","previousEventId":"7lckxu42ct17grq","operationId":"88g3skmvgrnt64g"}
{"type":"log","timestamp":1759885375750,"level":"info","message":"Starting rendering request 14","meta":{"rootId":"09921d8pzbazba3","id":"09921d8pzbazba3"},"id":"cjle8ntior4lh3w","previousOperationId":"88g3skmvgrnt64g"}
{"type":"log","timestamp":1759885375750,"level":"info","message":"Rendering template { name: report-royalt-person, recipe: chrome-pdf, engine: jsrender, preview: false }","meta":{"rootId":"09921d8pzbazba3","id":"09921d8pzbazba3"},"id":"to4zxc2lwlcmnx2","previousOperationId":"88g3skmvgrnt64g"}
{"type":"log","timestamp":1759885375751,"level":"debug","message":"Inline data specified.","meta":{"rootId":"09921d8pzbazba3","id":"09921d8pzbazba3"},"id":"fs5gx1or3pljioj","previousOperationId":"88g3skmvgrnt64g"}
{"type":"log","timestamp":1759885375753,"level":"debug","message":"Base url not specified, skipping its injection.","meta":{"rootId":"09921d8pzbazba3","id":"09921d8pzbazba3"},"id":"y4vuq94g6droo9g","previousOperationId":"88g3skmvgrnt64g"}
{"type":"operationStart","subtype":"engine","name":"jsrender","timestamp":1759885375753,"id":"jvk27tgjhyxza6l","previousEventId":"8wrrxnxbwum3biw","operationId":"lkltgq1yf9714kr","previousOperationId":"88g3skmvgrnt64g"}
{"type":"log","timestamp":1759885375753,"level":"debug","message":"Rendering engine jsrender","meta":{"rootId":"09921d8pzbazba3","id":"09921d8pzbazba3"},"id":"01rq31wp4do85of","previousOperationId":"lkltgq1yf9714kr"}
{"type":"operationEnd","operationId":"lkltgq1yf9714kr","timestamp":1759885375763,"id":"bx441dbt8yjitwf","previousEventId":"jvk27tgjhyxza6l","previousOperationId":"lkltgq1yf9714kr"}
{"type":"operationStart","subtype":"recipe","name":"chrome-pdf","timestamp":1759885375763,"id":"0d0xz21s5b10m6j","previousEventId":"bx441dbt8yjitwf","operationId":"qh5pg88noyqz42w","previousOperationId":"lkltgq1yf9714kr"}
{"type":"log","timestamp":1759885375764,"level":"debug","message":"Executing recipe chrome-pdf","meta":{"rootId":"09921d8pzbazba3","id":"09921d8pzbazba3"},"id":"fpvmbe6cey0454r","previousOperationId":"qh5pg88noyqz42w"}
{"type":"log","timestamp":1759885375768,"level":"debug","message":"Converting with chrome Chrome/136.0.7103.49 using chrome-pool strategy","meta":{"rootId":"09921d8pzbazba3","id":"09921d8pzbazba3"},"id":"lv2dpzjbo2hiim9","previousOperationId":"qh5pg88noyqz42w"}
{"type":"log","timestamp":1759885375823,"level":"debug","message":"Page request: GET (document) file:///tmp/jsreport/autocleanup/892c85ec-32cd-4b8b-af9e-43703b28c186-chrome-pdf.html","meta":{"rootId":"09921d8pzbazba3","id":"09921d8pzbazba3"},"id":"c47vd6vkqstzrl1","previousOperationId":"qh5pg88noyqz42w"}
{"type":"log","timestamp":1759885375841,"level":"debug","message":"Page request finished: GET (document) 200 file:///tmp/jsreport/autocleanup/892c85ec-32cd-4b8b-af9e-43703b28c186-chrome-pdf.html","meta":{"rootId":"09921d8pzbazba3","id":"09921d8pzbazba3"},"id":"v39dairn30tty5p","previousOperationId":"qh5pg88noyqz42w"}
{"type":"log","timestamp":1759885375863,"level":"debug","message":"Running chrome with params {\"printBackground\":true,\"timeout\":59977,\"margin\":{}}","meta":{"rootId":"09921d8pzbazba3","id":"09921d8pzbazba3"},"id":"v2bbo55vgg7benu","previousOperationId":"qh5pg88noyqz42w"}
{"type":"operationEnd","operationId":"qh5pg88noyqz42w","timestamp":1759885375936,"id":"1zx13xwwfi1mawo","previousEventId":"0d0xz21s5b10m6j","previousOperationId":"qh5pg88noyqz42w"}
{"type":"log","timestamp":1759885375936,"level":"debug","message":"Skipping storing report.","meta":{"rootId":"09921d8pzbazba3","id":"09921d8pzbazba3"},"id":"7t3ltad6s6wsmd8","previousOperationId":"qh5pg88noyqz42w"}
{"type":"log","timestamp":1759885375937,"level":"info","message":"Rendering request 14 finished in 194 ms","meta":{"rootId":"09921d8pzbazba3","id":"09921d8pzbazba3"},"id":"woc94wfekwvcta0","previousOperationId":"qh5pg88noyqz42w"}
{"type":"operationEnd","subtype":"render","operationId":"88g3skmvgrnt64g","timestamp":1759885375937,"id":"ch3evr01xpl8441","previousEventId":"1zx13xwwfi1mawo","previousOperationId":"qh5pg88noyqz42w"}
{"type":"operationEnd","doDiffs":false,"previousEventId":"7lckxu42ct17grq","previousOperationId":"3ojvdwexu0ugwka","operationId":"3ojvdwexu0ugwka","timestamp":1759885375939,"id":"9su6d07ig3zy6y0"}
