{"type":"operationStart","subtype":"profile","data":{"_id":"Zy1bfWEQyqJto1Cs","timestamp":"2025-10-07T18:55:06.488Z","state":"queued","mode":"standard","creationDate":"2025-10-07T18:55:06.490Z","modificationDate":"2025-10-07T18:55:06.490Z","shortid":"tkCer4-","$entitySet":"profiles"},"doDiffs":false,"timestamp":1759863306489,"id":"mqfjwbxqdys5b99","previousOperationId":null,"operationId":"nu5i4opx8q8lixl"}
{"type":"log","level":"info","message":"Render request 5 queued for execution and waiting for available worker","previousOperationId":"nu5i4opx8q8lixl","timestamp":1759863306489,"id":"zql00fcff9az1bc"}
{"type":"operationStart","subtype":"render","name":"report-royalt-person","previousOperationId":"nu5i4opx8q8lixl","timestamp":1759863306510,"id":"y54li8jlna5cx8q","previousEventId":"mqfjwbxqdys5b99","operationId":"ga62gcd8y8xh56j"}
{"type":"log","timestamp":1759863306510,"level":"info","message":"Starting rendering request 5","meta":{"rootId":"1w7eky48qg9qkx1","id":"1w7eky48qg9qkx1"},"id":"ha9fbjwp0cj3mq3","previousOperationId":"ga62gcd8y8xh56j"}
{"type":"log","timestamp":1759863306510,"level":"info","message":"Rendering template { name: report-royalt-person, recipe: chrome-pdf, engine: jsrender, preview: true }","meta":{"rootId":"1w7eky48qg9qkx1","id":"1w7eky48qg9qkx1"},"id":"w79egxfzl1no4wx","previousOperationId":"ga62gcd8y8xh56j"}
{"type":"log","timestamp":1759863306511,"level":"debug","message":"Inline data specified.","meta":{"rootId":"1w7eky48qg9qkx1","id":"1w7eky48qg9qkx1"},"id":"32nqcg3hrsps2op","previousOperationId":"ga62gcd8y8xh56j"}
{"type":"log","timestamp":1759863306513,"level":"debug","message":"Base url not specified, skipping its injection.","meta":{"rootId":"1w7eky48qg9qkx1","id":"1w7eky48qg9qkx1"},"id":"oree2kfrbtnv2m2","previousOperationId":"ga62gcd8y8xh56j"}
{"type":"operationStart","subtype":"engine","name":"jsrender","timestamp":1759863306514,"id":"qkuuc1hgv43gw81","previousEventId":"y54li8jlna5cx8q","operationId":"07czftc5yss46yi","previousOperationId":"ga62gcd8y8xh56j"}
{"type":"log","timestamp":1759863306514,"level":"debug","message":"Rendering engine jsrender","meta":{"rootId":"1w7eky48qg9qkx1","id":"1w7eky48qg9qkx1"},"id":"e52y3dlyrz7ik1d","previousOperationId":"07czftc5yss46yi"}
{"type":"operationEnd","operationId":"07czftc5yss46yi","timestamp":1759863306524,"id":"ddn6i17phlrai5o","previousEventId":"qkuuc1hgv43gw81","previousOperationId":"07czftc5yss46yi"}
{"type":"operationStart","subtype":"recipe","name":"chrome-pdf","timestamp":1759863306525,"id":"mhmhi6bzlpjvm9a","previousEventId":"ddn6i17phlrai5o","operationId":"y6zvdd142whu798","previousOperationId":"07czftc5yss46yi"}
{"type":"log","timestamp":1759863306525,"level":"debug","message":"Executing recipe chrome-pdf","meta":{"rootId":"1w7eky48qg9qkx1","id":"1w7eky48qg9qkx1"},"id":"af4faz0xdv5hd7s","previousOperationId":"y6zvdd142whu798"}
{"type":"log","timestamp":1759863306528,"level":"debug","message":"Converting with chrome Chrome/136.0.7103.49 using chrome-pool strategy","meta":{"rootId":"1w7eky48qg9qkx1","id":"1w7eky48qg9qkx1"},"id":"sjn1w8j09iuwtbb","previousOperationId":"y6zvdd142whu798"}
{"type":"log","timestamp":1759863306584,"level":"debug","message":"Page request: GET (document) file:///tmp/jsreport/autocleanup/f3f268db-9af7-454f-af90-5025348f5f12-chrome-pdf.html","meta":{"rootId":"1w7eky48qg9qkx1","id":"1w7eky48qg9qkx1"},"id":"7jkexvuozscjbue","previousOperationId":"y6zvdd142whu798"}
{"type":"log","timestamp":1759863306603,"level":"debug","message":"Page request finished: GET (document) 200 file:///tmp/jsreport/autocleanup/f3f268db-9af7-454f-af90-5025348f5f12-chrome-pdf.html","meta":{"rootId":"1w7eky48qg9qkx1","id":"1w7eky48qg9qkx1"},"id":"musyjsibcluw1gm","previousOperationId":"y6zvdd142whu798"}
{"type":"log","timestamp":1759863306617,"level":"debug","message":"Running chrome with params {\"printBackground\":true,\"timeout\":59962,\"margin\":{}}","meta":{"rootId":"1w7eky48qg9qkx1","id":"1w7eky48qg9qkx1"},"id":"udx0ga9ketfnrvd","previousOperationId":"y6zvdd142whu798"}
{"type":"operationEnd","operationId":"y6zvdd142whu798","timestamp":1759863306699,"id":"dim56kjd7t5mpjn","previousEventId":"mhmhi6bzlpjvm9a","previousOperationId":"y6zvdd142whu798"}
{"type":"log","timestamp":1759863306699,"level":"debug","message":"Skipping storing report.","meta":{"rootId":"1w7eky48qg9qkx1","id":"1w7eky48qg9qkx1"},"id":"wyrgaxcq0avuyg5","previousOperationId":"y6zvdd142whu798"}
{"type":"log","timestamp":1759863306699,"level":"info","message":"Rendering request 5 finished in 211 ms","meta":{"rootId":"1w7eky48qg9qkx1","id":"1w7eky48qg9qkx1"},"id":"4ll75eholat342v","previousOperationId":"y6zvdd142whu798"}
{"type":"operationEnd","subtype":"render","operationId":"ga62gcd8y8xh56j","timestamp":1759863306699,"id":"0ns37vph19j6a7h","previousEventId":"dim56kjd7t5mpjn","previousOperationId":"y6zvdd142whu798"}
{"type":"operationEnd","doDiffs":false,"previousEventId":"mqfjwbxqdys5b99","previousOperationId":"nu5i4opx8q8lixl","operationId":"nu5i4opx8q8lixl","timestamp":1759863306703,"id":"fd2m1jn6l4o4j51"}
