{"type":"operationStart","subtype":"profile","data":{"_id":"1t2DWFVHAVZtSnZB","timestamp":"2025-10-07T18:56:15.501Z","state":"queued","mode":"standard","creationDate":"2025-10-07T18:56:15.503Z","modificationDate":"2025-10-07T18:56:15.503Z","shortid":"oWD1ctd","$entitySet":"profiles"},"doDiffs":false,"timestamp":1759863375502,"id":"2wk1hk5xcjou33i","previousOperationId":null,"operationId":"67puoso2p8yaod6"}
{"type":"log","level":"info","message":"Render request 6 queued for execution and waiting for available worker","previousOperationId":"67puoso2p8yaod6","timestamp":1759863375502,"id":"1dz0c8b8be3ghhv"}
{"type":"operationStart","subtype":"render","name":"report-royalt-person","previousOperationId":"67puoso2p8yaod6","timestamp":1759863375514,"id":"g4v8q95418yv066","previousEventId":"2wk1hk5xcjou33i","operationId":"66xjbm9dvtwgt4p"}
{"type":"log","timestamp":1759863375514,"level":"info","message":"Starting rendering request 6","meta":{"rootId":"7e8k3wcvxvn70vg","id":"7e8k3wcvxvn70vg"},"id":"s0eawyj1emcgsry","previousOperationId":"66xjbm9dvtwgt4p"}
{"type":"log","timestamp":1759863375514,"level":"info","message":"Rendering template { name: report-royalt-person, recipe: chrome-pdf, engine: jsrender, preview: true }","meta":{"rootId":"7e8k3wcvxvn70vg","id":"7e8k3wcvxvn70vg"},"id":"24hwfx074q6lg81","previousOperationId":"66xjbm9dvtwgt4p"}
{"type":"log","timestamp":1759863375514,"level":"debug","message":"Inline data specified.","meta":{"rootId":"7e8k3wcvxvn70vg","id":"7e8k3wcvxvn70vg"},"id":"v2gxrkmqxv4r0js","previousOperationId":"66xjbm9dvtwgt4p"}
{"type":"log","timestamp":1759863375516,"level":"debug","message":"Base url not specified, skipping its injection.","meta":{"rootId":"7e8k3wcvxvn70vg","id":"7e8k3wcvxvn70vg"},"id":"fpz5icjc89yhwvr","previousOperationId":"66xjbm9dvtwgt4p"}
{"type":"operationStart","subtype":"engine","name":"jsrender","timestamp":1759863375516,"id":"3goygb9o2mbqtpn","previousEventId":"g4v8q95418yv066","operationId":"jjb8w6zmhu9tvt1","previousOperationId":"66xjbm9dvtwgt4p"}
{"type":"log","timestamp":1759863375516,"level":"debug","message":"Rendering engine jsrender","meta":{"rootId":"7e8k3wcvxvn70vg","id":"7e8k3wcvxvn70vg"},"id":"efuxjdypa0ooby2","previousOperationId":"jjb8w6zmhu9tvt1"}
{"type":"operationEnd","operationId":"jjb8w6zmhu9tvt1","timestamp":1759863375531,"id":"yonjkrjd5bq5p5j","previousEventId":"3goygb9o2mbqtpn","previousOperationId":"jjb8w6zmhu9tvt1"}
{"type":"operationStart","subtype":"recipe","name":"chrome-pdf","timestamp":1759863375531,"id":"qa0qxbo7vdntiyg","previousEventId":"yonjkrjd5bq5p5j","operationId":"1bu23b7xlwqpt9u","previousOperationId":"jjb8w6zmhu9tvt1"}
{"type":"log","timestamp":1759863375531,"level":"debug","message":"Executing recipe chrome-pdf","meta":{"rootId":"7e8k3wcvxvn70vg","id":"7e8k3wcvxvn70vg"},"id":"kngejk59aa0xt4e","previousOperationId":"1bu23b7xlwqpt9u"}
{"type":"log","timestamp":1759863375534,"level":"debug","message":"Converting with chrome Chrome/136.0.7103.49 using chrome-pool strategy","meta":{"rootId":"7e8k3wcvxvn70vg","id":"7e8k3wcvxvn70vg"},"id":"r03zexqyktsk984","previousOperationId":"1bu23b7xlwqpt9u"}
{"type":"log","timestamp":1759863375596,"level":"debug","message":"Page request: GET (document) file:///tmp/jsreport/autocleanup/13d99d07-d7ce-4c06-ae53-1cd854eecd8a-chrome-pdf.html","meta":{"rootId":"7e8k3wcvxvn70vg","id":"7e8k3wcvxvn70vg"},"id":"psen35qxzazf19i","previousOperationId":"1bu23b7xlwqpt9u"}
{"type":"log","timestamp":1759863375619,"level":"debug","message":"Page request finished: GET (document) 200 file:///tmp/jsreport/autocleanup/13d99d07-d7ce-4c06-ae53-1cd854eecd8a-chrome-pdf.html","meta":{"rootId":"7e8k3wcvxvn70vg","id":"7e8k3wcvxvn70vg"},"id":"he0pujv842u3loy","previousOperationId":"1bu23b7xlwqpt9u"}
{"type":"log","timestamp":1759863375652,"level":"debug","message":"Running chrome with params {\"printBackground\":true,\"timeout\":59967,\"margin\":{}}","meta":{"rootId":"7e8k3wcvxvn70vg","id":"7e8k3wcvxvn70vg"},"id":"z3q7n9i8o3x2tyc","previousOperationId":"1bu23b7xlwqpt9u"}
{"type":"operationEnd","operationId":"1bu23b7xlwqpt9u","timestamp":1759863375734,"id":"rbl7puazhbvttbl","previousEventId":"qa0qxbo7vdntiyg","previousOperationId":"1bu23b7xlwqpt9u"}
{"type":"log","timestamp":1759863375734,"level":"debug","message":"Skipping storing report.","meta":{"rootId":"7e8k3wcvxvn70vg","id":"7e8k3wcvxvn70vg"},"id":"i3gow02yajhnp5m","previousOperationId":"1bu23b7xlwqpt9u"}
{"type":"log","timestamp":1759863375734,"level":"info","message":"Rendering request 6 finished in 234 ms","meta":{"rootId":"7e8k3wcvxvn70vg","id":"7e8k3wcvxvn70vg"},"id":"gl7yckgb7ynuud8","previousOperationId":"1bu23b7xlwqpt9u"}
{"type":"operationEnd","subtype":"render","operationId":"66xjbm9dvtwgt4p","timestamp":1759863375734,"id":"7ggo8b8zjgtyfb9","previousEventId":"rbl7puazhbvttbl","previousOperationId":"1bu23b7xlwqpt9u"}
{"type":"operationEnd","doDiffs":false,"previousEventId":"2wk1hk5xcjou33i","previousOperationId":"67puoso2p8yaod6","operationId":"67puoso2p8yaod6","timestamp":1759863375739,"id":"66ioeyenm6b88og"}
