{"type":"operationStart","subtype":"profile","data":{"_id":"VXZGAUKHhViR7FxW","timestamp":"2025-10-08T15:19:38.831Z","state":"queued","mode":"standard","creationDate":"2025-10-08T15:19:38.833Z","modificationDate":"2025-10-08T15:19:38.833Z","shortid":"OVVoDkt","$entitySet":"profiles"},"doDiffs":false,"timestamp":1759936778832,"id":"jsd6etzk5focipi","previousOperationId":null,"operationId":"ni9a8vsid8ptdk8"}
{"type":"log","level":"info","message":"Render request 2 queued for execution and waiting for available worker","previousOperationId":"ni9a8vsid8ptdk8","timestamp":1759936778832,"id":"yipkumzolh05zi4"}
{"type":"operationStart","subtype":"render","name":"report-royalt-person","previousOperationId":"ni9a8vsid8ptdk8","timestamp":1759936778843,"id":"gphm4ek1klxe54h","previousEventId":"jsd6etzk5focipi","operationId":"nf1h5deu4cyfi3p"}
{"type":"log","timestamp":1759936778844,"level":"info","message":"Starting rendering request 2","meta":{"rootId":"9rkqc14hlbz1p8d","id":"9rkqc14hlbz1p8d"},"id":"lkmivez3tqjcd1p","previousOperationId":"nf1h5deu4cyfi3p"}
{"type":"log","timestamp":1759936778846,"level":"info","message":"Rendering template { name: report-royalt-person, recipe: chrome-pdf, engine: jsrender, preview: false }","meta":{"rootId":"9rkqc14hlbz1p8d","id":"9rkqc14hlbz1p8d"},"id":"itx2xkk0bu93f37","previousOperationId":"nf1h5deu4cyfi3p"}
{"type":"log","timestamp":1759936778846,"level":"debug","message":"Inline data specified.","meta":{"rootId":"9rkqc14hlbz1p8d","id":"9rkqc14hlbz1p8d"},"id":"jw93w8dgm3u6qws","previousOperationId":"nf1h5deu4cyfi3p"}
{"type":"log","timestamp":1759936778848,"level":"debug","message":"Base url not specified, skipping its injection.","meta":{"rootId":"9rkqc14hlbz1p8d","id":"9rkqc14hlbz1p8d"},"id":"360knyp6oj5t095","previousOperationId":"nf1h5deu4cyfi3p"}
{"type":"operationStart","subtype":"engine","name":"jsrender","timestamp":1759936778850,"id":"hhczclmxz043feo","previousEventId":"gphm4ek1klxe54h","operationId":"rzawgh81indx5zu","previousOperationId":"nf1h5deu4cyfi3p"}
{"type":"log","timestamp":1759936778850,"level":"debug","message":"Rendering engine jsrender","meta":{"rootId":"9rkqc14hlbz1p8d","id":"9rkqc14hlbz1p8d"},"id":"3s4hsqcgg344g7w","previousOperationId":"rzawgh81indx5zu"}
{"type":"operationEnd","operationId":"rzawgh81indx5zu","timestamp":1759936779179,"id":"vbebp0w2xkys1d6","previousEventId":"hhczclmxz043feo","previousOperationId":"rzawgh81indx5zu"}
{"type":"operationStart","subtype":"recipe","name":"chrome-pdf","timestamp":1759936779179,"id":"vubhepcvu7884qa","previousEventId":"vbebp0w2xkys1d6","operationId":"eoqe869kv2tmo37","previousOperationId":"rzawgh81indx5zu"}
{"type":"log","timestamp":1759936779179,"level":"debug","message":"Executing recipe chrome-pdf","meta":{"rootId":"9rkqc14hlbz1p8d","id":"9rkqc14hlbz1p8d"},"id":"blva291tfan8htf","previousOperationId":"eoqe869kv2tmo37"}
{"type":"log","timestamp":1759936779554,"level":"debug","message":"Converting with chrome Chrome/136.0.7103.49 using chrome-pool strategy","meta":{"rootId":"9rkqc14hlbz1p8d","id":"9rkqc14hlbz1p8d"},"id":"pu5zgl0csvwwd36","previousOperationId":"eoqe869kv2tmo37"}
{"type":"log","timestamp":1759936779637,"level":"debug","message":"Page request: GET (document) file:///tmp/jsreport/autocleanup/28f830dd-a64f-47fc-80af-f2aa1e329cfa-chrome-pdf.html","meta":{"rootId":"9rkqc14hlbz1p8d","id":"9rkqc14hlbz1p8d"},"id":"j8btu4mueb0b4ja","previousOperationId":"eoqe869kv2tmo37"}
{"type":"log","timestamp":1759936779663,"level":"debug","message":"Page request finished: GET (document) 200 file:///tmp/jsreport/autocleanup/28f830dd-a64f-47fc-80af-f2aa1e329cfa-chrome-pdf.html","meta":{"rootId":"9rkqc14hlbz1p8d","id":"9rkqc14hlbz1p8d"},"id":"147xowwmr1k8ync","previousOperationId":"eoqe869kv2tmo37"}
{"type":"log","timestamp":1759936779715,"level":"debug","message":"Running chrome with params {\"printBackground\":true,\"timeout\":59648,\"margin\":{}}","meta":{"rootId":"9rkqc14hlbz1p8d","id":"9rkqc14hlbz1p8d"},"id":"69pjeygun6blo38","previousOperationId":"eoqe869kv2tmo37"}
{"type":"operationEnd","operationId":"eoqe869kv2tmo37","timestamp":1759936779802,"id":"hlc864qspfua3mu","previousEventId":"vubhepcvu7884qa","previousOperationId":"eoqe869kv2tmo37"}
{"type":"log","timestamp":1759936779803,"level":"debug","message":"Skipping storing report.","meta":{"rootId":"9rkqc14hlbz1p8d","id":"9rkqc14hlbz1p8d"},"id":"fsv9owdqr2cj7ai","previousOperationId":"eoqe869kv2tmo37"}
{"type":"log","timestamp":1759936779803,"level":"info","message":"Rendering request 2 finished in 973 ms","meta":{"rootId":"9rkqc14hlbz1p8d","id":"9rkqc14hlbz1p8d"},"id":"qcbdcvfimdl8lm9","previousOperationId":"eoqe869kv2tmo37"}
{"type":"operationEnd","subtype":"render","operationId":"nf1h5deu4cyfi3p","timestamp":1759936779804,"id":"m2a8030qj8mgww0","previousEventId":"hlc864qspfua3mu","previousOperationId":"eoqe869kv2tmo37"}
{"type":"operationEnd","doDiffs":false,"previousEventId":"jsd6etzk5focipi","previousOperationId":"ni9a8vsid8ptdk8","operationId":"ni9a8vsid8ptdk8","timestamp":1759936779806,"id":"tbwc6h0zweuwgej"}
