{"type":"operationStart","subtype":"profile","data":{"_id":"fqgd30GzWd2P9Npe","timestamp":"2025-10-07T19:14:47.410Z","state":"queued","mode":"standard","creationDate":"2025-10-07T19:14:47.412Z","modificationDate":"2025-10-07T19:14:47.412Z","shortid":"a9BmSDj","$entitySet":"profiles"},"doDiffs":false,"timestamp":1759864487411,"id":"2eux91e64mkvsje","previousOperationId":null,"operationId":"aaio90tdmn70dtg"}
{"type":"log","level":"info","message":"Render request 9 queued for execution and waiting for available worker","previousOperationId":"aaio90tdmn70dtg","timestamp":1759864487411,"id":"ftk4drcfxyh49ef"}
{"type":"operationStart","subtype":"render","name":"report-royalt-person","previousOperationId":"aaio90tdmn70dtg","timestamp":1759864487422,"id":"l8xtlx5zbofazw1","previousEventId":"2eux91e64mkvsje","operationId":"9csjk1oo9baci6n"}
{"type":"log","timestamp":1759864487422,"level":"info","message":"Starting rendering request 9","meta":{"rootId":"avivugzxbdkfkxi","id":"avivugzxbdkfkxi"},"id":"nvhyxa5k1j5mipr","previousOperationId":"9csjk1oo9baci6n"}
{"type":"log","timestamp":1759864487422,"level":"info","message":"Rendering template { name: report-royalt-person, recipe: chrome-pdf, engine: jsrender, preview: true }","meta":{"rootId":"avivugzxbdkfkxi","id":"avivugzxbdkfkxi"},"id":"iwc39whyt5ain7t","previousOperationId":"9csjk1oo9baci6n"}
{"type":"log","timestamp":1759864487422,"level":"debug","message":"Inline data specified.","meta":{"rootId":"avivugzxbdkfkxi","id":"avivugzxbdkfkxi"},"id":"07y03sqtqn6lbwk","previousOperationId":"9csjk1oo9baci6n"}
{"type":"log","timestamp":1759864487424,"level":"debug","message":"Base url not specified, skipping its injection.","meta":{"rootId":"avivugzxbdkfkxi","id":"avivugzxbdkfkxi"},"id":"1mnxzsrpe0hfrk2","previousOperationId":"9csjk1oo9baci6n"}
{"type":"operationStart","subtype":"engine","name":"jsrender","timestamp":1759864487424,"id":"hzwhenmjw7kmj3u","previousEventId":"l8xtlx5zbofazw1","operationId":"h3r9xismr49pwld","previousOperationId":"9csjk1oo9baci6n"}
{"type":"log","timestamp":1759864487425,"level":"debug","message":"Rendering engine jsrender","meta":{"rootId":"avivugzxbdkfkxi","id":"avivugzxbdkfkxi"},"id":"9222p9c7if1dt44","previousOperationId":"h3r9xismr49pwld"}
{"type":"operationEnd","operationId":"h3r9xismr49pwld","timestamp":1759864487448,"id":"pumejm8oyau07e5","previousEventId":"hzwhenmjw7kmj3u","previousOperationId":"h3r9xismr49pwld"}
{"type":"operationStart","subtype":"recipe","name":"chrome-pdf","timestamp":1759864487449,"id":"5lcejny5bxxvrvf","previousEventId":"pumejm8oyau07e5","operationId":"q9tknzcsgkwiwh0","previousOperationId":"h3r9xismr49pwld"}
{"type":"log","timestamp":1759864487450,"level":"debug","message":"Executing recipe chrome-pdf","meta":{"rootId":"avivugzxbdkfkxi","id":"avivugzxbdkfkxi"},"id":"hlfct0rjbdmh4v0","previousOperationId":"q9tknzcsgkwiwh0"}
{"type":"log","timestamp":1759864487453,"level":"debug","message":"Converting with chrome Chrome/136.0.7103.49 using chrome-pool strategy","meta":{"rootId":"avivugzxbdkfkxi","id":"avivugzxbdkfkxi"},"id":"oltoqxramte7fx7","previousOperationId":"q9tknzcsgkwiwh0"}
{"type":"log","timestamp":1759864487517,"level":"debug","message":"Page request: GET (document) file:///tmp/jsreport/autocleanup/442a739f-1118-4371-9e15-92bed60a04a7-chrome-pdf.html","meta":{"rootId":"avivugzxbdkfkxi","id":"avivugzxbdkfkxi"},"id":"t45zj01dbw0tpld","previousOperationId":"q9tknzcsgkwiwh0"}
{"type":"log","timestamp":1759864487534,"level":"debug","message":"Page request finished: GET (document) 200 file:///tmp/jsreport/autocleanup/442a739f-1118-4371-9e15-92bed60a04a7-chrome-pdf.html","meta":{"rootId":"avivugzxbdkfkxi","id":"avivugzxbdkfkxi"},"id":"zxv5acwd5hmlyud","previousOperationId":"q9tknzcsgkwiwh0"}
{"type":"log","timestamp":1759864487555,"level":"debug","message":"Running chrome with params {\"printBackground\":true,\"timeout\":59958,\"margin\":{}}","meta":{"rootId":"avivugzxbdkfkxi","id":"avivugzxbdkfkxi"},"id":"bb2lr2nld0xxk7q","previousOperationId":"q9tknzcsgkwiwh0"}
{"type":"operationEnd","operationId":"q9tknzcsgkwiwh0","timestamp":1759864487634,"id":"g6n9na1h6gaylir","previousEventId":"5lcejny5bxxvrvf","previousOperationId":"q9tknzcsgkwiwh0"}
{"type":"log","timestamp":1759864487634,"level":"debug","message":"Skipping storing report.","meta":{"rootId":"avivugzxbdkfkxi","id":"avivugzxbdkfkxi"},"id":"mi39xyndn3kxjba","previousOperationId":"q9tknzcsgkwiwh0"}
{"type":"log","timestamp":1759864487635,"level":"info","message":"Rendering request 9 finished in 225 ms","meta":{"rootId":"avivugzxbdkfkxi","id":"avivugzxbdkfkxi"},"id":"qddx6o00vgcfyk7","previousOperationId":"q9tknzcsgkwiwh0"}
{"type":"operationEnd","subtype":"render","operationId":"9csjk1oo9baci6n","timestamp":1759864487635,"id":"rgijt07dkh6gmg5","previousEventId":"g6n9na1h6gaylir","previousOperationId":"q9tknzcsgkwiwh0"}
{"type":"operationEnd","doDiffs":false,"previousEventId":"2eux91e64mkvsje","previousOperationId":"aaio90tdmn70dtg","operationId":"aaio90tdmn70dtg","timestamp":1759864487640,"id":"r8lv5pooiz1dmd8"}
