{"type":"operationStart","subtype":"profile","data":{"_id":"mN0pkQPAhQQtVstH","timestamp":"2025-10-07T19:15:14.798Z","state":"queued","mode":"standard","creationDate":"2025-10-07T19:15:14.800Z","modificationDate":"2025-10-07T19:15:14.800Z","shortid":"wgRDhEl","$entitySet":"profiles"},"doDiffs":false,"timestamp":1759864514799,"id":"1tcoxd4m5lh5f01","previousOperationId":null,"operationId":"isx5slfvx1b7pw1"}
{"type":"log","level":"info","message":"Render request 11 queued for execution and waiting for available worker","previousOperationId":"isx5slfvx1b7pw1","timestamp":1759864514799,"id":"wss8utc136kkqxb"}
{"type":"operationStart","subtype":"render","name":"report-royalt-person","previousOperationId":"isx5slfvx1b7pw1","timestamp":1759864514830,"id":"tne681mi2bi2tf2","previousEventId":"1tcoxd4m5lh5f01","operationId":"wsvtz6st5s2ggc9"}
{"type":"log","timestamp":1759864514830,"level":"info","message":"Starting rendering request 11","meta":{"rootId":"bhrg4838n6mf0kq","id":"bhrg4838n6mf0kq"},"id":"403vi3y2mjfdtks","previousOperationId":"wsvtz6st5s2ggc9"}
{"type":"log","timestamp":1759864514830,"level":"info","message":"Rendering template { name: report-royalt-person, recipe: chrome-pdf, engine: jsrender, preview: true }","meta":{"rootId":"bhrg4838n6mf0kq","id":"bhrg4838n6mf0kq"},"id":"54u0pd8kt49rrjj","previousOperationId":"wsvtz6st5s2ggc9"}
{"type":"log","timestamp":1759864514830,"level":"debug","message":"Inline data specified.","meta":{"rootId":"bhrg4838n6mf0kq","id":"bhrg4838n6mf0kq"},"id":"o8xbc7uqhrgiz7w","previousOperationId":"wsvtz6st5s2ggc9"}
{"type":"log","timestamp":1759864514832,"level":"debug","message":"Base url not specified, skipping its injection.","meta":{"rootId":"bhrg4838n6mf0kq","id":"bhrg4838n6mf0kq"},"id":"aboc55y1ecptot5","previousOperationId":"wsvtz6st5s2ggc9"}
{"type":"operationStart","subtype":"engine","name":"jsrender","timestamp":1759864514833,"id":"u4max1bpt3c0dbx","previousEventId":"tne681mi2bi2tf2","operationId":"dcbkzt7ceinbgua","previousOperationId":"wsvtz6st5s2ggc9"}
{"type":"log","timestamp":1759864514833,"level":"debug","message":"Rendering engine jsrender","meta":{"rootId":"bhrg4838n6mf0kq","id":"bhrg4838n6mf0kq"},"id":"rp5okttrw2w0bp2","previousOperationId":"dcbkzt7ceinbgua"}
{"type":"operationEnd","operationId":"dcbkzt7ceinbgua","timestamp":1759864514847,"id":"bpcpb1v8encfj5s","previousEventId":"u4max1bpt3c0dbx","previousOperationId":"dcbkzt7ceinbgua"}
{"type":"operationStart","subtype":"recipe","name":"chrome-pdf","timestamp":1759864514848,"id":"smubv2hz3k8cmzu","previousEventId":"bpcpb1v8encfj5s","operationId":"vpicwydu69p4bzr","previousOperationId":"dcbkzt7ceinbgua"}
{"type":"log","timestamp":1759864514848,"level":"debug","message":"Executing recipe chrome-pdf","meta":{"rootId":"bhrg4838n6mf0kq","id":"bhrg4838n6mf0kq"},"id":"4zvt6bxr6ndqc6c","previousOperationId":"vpicwydu69p4bzr"}
{"type":"log","timestamp":1759864514850,"level":"debug","message":"Converting with chrome Chrome/136.0.7103.49 using chrome-pool strategy","meta":{"rootId":"bhrg4838n6mf0kq","id":"bhrg4838n6mf0kq"},"id":"5pdc9over8xzqi0","previousOperationId":"vpicwydu69p4bzr"}
{"type":"log","timestamp":1759864514914,"level":"debug","message":"Page request: GET (document) file:///tmp/jsreport/autocleanup/dbc86b1e-55a7-4226-992a-e18ee7301f0a-chrome-pdf.html","meta":{"rootId":"bhrg4838n6mf0kq","id":"bhrg4838n6mf0kq"},"id":"5mwidkg7zg6j6xq","previousOperationId":"vpicwydu69p4bzr"}
{"type":"log","timestamp":1759864514928,"level":"debug","message":"Page request finished: GET (document) 200 file:///tmp/jsreport/autocleanup/dbc86b1e-55a7-4226-992a-e18ee7301f0a-chrome-pdf.html","meta":{"rootId":"bhrg4838n6mf0kq","id":"bhrg4838n6mf0kq"},"id":"nsxceuf7s4kv9c6","previousOperationId":"vpicwydu69p4bzr"}
{"type":"log","timestamp":1759864514939,"level":"debug","message":"Running chrome with params {\"printBackground\":true,\"timeout\":59949,\"margin\":{}}","meta":{"rootId":"bhrg4838n6mf0kq","id":"bhrg4838n6mf0kq"},"id":"sf4f1zfz2ipkpj5","previousOperationId":"vpicwydu69p4bzr"}
{"type":"operationEnd","operationId":"vpicwydu69p4bzr","timestamp":1759864515012,"id":"vux654j0qyg5vi7","previousEventId":"smubv2hz3k8cmzu","previousOperationId":"vpicwydu69p4bzr"}
{"type":"log","timestamp":1759864515012,"level":"debug","message":"Skipping storing report.","meta":{"rootId":"bhrg4838n6mf0kq","id":"bhrg4838n6mf0kq"},"id":"1z65yrryz58hdnz","previousOperationId":"vpicwydu69p4bzr"}
{"type":"log","timestamp":1759864515012,"level":"info","message":"Rendering request 11 finished in 214 ms","meta":{"rootId":"bhrg4838n6mf0kq","id":"bhrg4838n6mf0kq"},"id":"onhuwkz6lbw18wi","previousOperationId":"vpicwydu69p4bzr"}
{"type":"operationEnd","subtype":"render","operationId":"wsvtz6st5s2ggc9","timestamp":1759864515012,"id":"f8g1lkrft74it9y","previousEventId":"vux654j0qyg5vi7","previousOperationId":"vpicwydu69p4bzr"}
{"type":"operationEnd","doDiffs":false,"previousEventId":"1tcoxd4m5lh5f01","previousOperationId":"isx5slfvx1b7pw1","operationId":"isx5slfvx1b7pw1","timestamp":1759864515014,"id":"8ps92m6iwqhd196"}
