{"type":"operationStart","subtype":"profile","data":{"_id":"QxJbmiN0NPGOLxhn","timestamp":"2025-10-08T15:23:12.957Z","state":"queued","mode":"standard","creationDate":"2025-10-08T15:23:12.959Z","modificationDate":"2025-10-08T15:23:12.959Z","shortid":"T0KhZA7","$entitySet":"profiles"},"doDiffs":false,"timestamp":1759936992959,"id":"3h486t6htg8oa5a","previousOperationId":null,"operationId":"4urc4xc2278d1f6"}
{"type":"log","level":"info","message":"Render request 3 queued for execution and waiting for available worker","previousOperationId":"4urc4xc2278d1f6","timestamp":1759936992959,"id":"w46qyo9xveyxt7l"}
{"type":"operationStart","subtype":"render","name":"report-royalt-person","previousOperationId":"4urc4xc2278d1f6","timestamp":1759936992970,"id":"nzlsz2wph5pb05z","previousEventId":"3h486t6htg8oa5a","operationId":"n6v3rvbtwjulk36"}
{"type":"log","timestamp":1759936992970,"level":"info","message":"Starting rendering request 3","meta":{"rootId":"eccsoyhdxfu1is8","id":"eccsoyhdxfu1is8"},"id":"z9akcrz4tmbnb2l","previousOperationId":"n6v3rvbtwjulk36"}
{"type":"log","timestamp":1759936992970,"level":"info","message":"Rendering template { name: report-royalt-person, recipe: chrome-pdf, engine: jsrender, preview: false }","meta":{"rootId":"eccsoyhdxfu1is8","id":"eccsoyhdxfu1is8"},"id":"t3mxtwn95fsne36","previousOperationId":"n6v3rvbtwjulk36"}
{"type":"log","timestamp":1759936992971,"level":"debug","message":"Inline data specified.","meta":{"rootId":"eccsoyhdxfu1is8","id":"eccsoyhdxfu1is8"},"id":"p3drv0x8jfkv42v","previousOperationId":"n6v3rvbtwjulk36"}
{"type":"log","timestamp":1759936992973,"level":"debug","message":"Base url not specified, skipping its injection.","meta":{"rootId":"eccsoyhdxfu1is8","id":"eccsoyhdxfu1is8"},"id":"3h0bcy4ihtcsasn","previousOperationId":"n6v3rvbtwjulk36"}
{"type":"operationStart","subtype":"engine","name":"jsrender","timestamp":1759936992974,"id":"lf3749hd7d28841","previousEventId":"nzlsz2wph5pb05z","operationId":"8y7xneynh87fpku","previousOperationId":"n6v3rvbtwjulk36"}
{"type":"log","timestamp":1759936992974,"level":"debug","message":"Rendering engine jsrender","meta":{"rootId":"eccsoyhdxfu1is8","id":"eccsoyhdxfu1is8"},"id":"5amyaxzhdc13w19","previousOperationId":"8y7xneynh87fpku"}
{"type":"operationEnd","operationId":"8y7xneynh87fpku","timestamp":1759936993001,"id":"de7m9uso53uutvz","previousEventId":"lf3749hd7d28841","previousOperationId":"8y7xneynh87fpku"}
{"type":"operationStart","subtype":"recipe","name":"chrome-pdf","timestamp":1759936993001,"id":"wk3bxuxcrp3vfdr","previousEventId":"de7m9uso53uutvz","operationId":"mb59zqtoqop0gxx","previousOperationId":"8y7xneynh87fpku"}
{"type":"log","timestamp":1759936993001,"level":"debug","message":"Executing recipe chrome-pdf","meta":{"rootId":"eccsoyhdxfu1is8","id":"eccsoyhdxfu1is8"},"id":"u4k0e2qc6dksc7s","previousOperationId":"mb59zqtoqop0gxx"}
{"type":"log","timestamp":1759936993005,"level":"debug","message":"Converting with chrome Chrome/136.0.7103.49 using chrome-pool strategy","meta":{"rootId":"eccsoyhdxfu1is8","id":"eccsoyhdxfu1is8"},"id":"p3qxmut0996dsd1","previousOperationId":"mb59zqtoqop0gxx"}
{"type":"log","timestamp":1759936993062,"level":"debug","message":"Page request: GET (document) file:///tmp/jsreport/autocleanup/594474ba-a5b6-4590-be27-6f3dfb1146e5-chrome-pdf.html","meta":{"rootId":"eccsoyhdxfu1is8","id":"eccsoyhdxfu1is8"},"id":"7hncdiq8mm96d7q","previousOperationId":"mb59zqtoqop0gxx"}
{"type":"log","timestamp":1759936993081,"level":"debug","message":"Page request finished: GET (document) 200 file:///tmp/jsreport/autocleanup/594474ba-a5b6-4590-be27-6f3dfb1146e5-chrome-pdf.html","meta":{"rootId":"eccsoyhdxfu1is8","id":"eccsoyhdxfu1is8"},"id":"da6eyu7fepiympv","previousOperationId":"mb59zqtoqop0gxx"}
{"type":"log","timestamp":1759936993109,"level":"debug","message":"Running chrome with params {\"printBackground\":true,\"timeout\":59954,\"margin\":{}}","meta":{"rootId":"eccsoyhdxfu1is8","id":"eccsoyhdxfu1is8"},"id":"6vkwn7cyolpyeoq","previousOperationId":"mb59zqtoqop0gxx"}
{"type":"operationEnd","operationId":"mb59zqtoqop0gxx","timestamp":1759936993204,"id":"qzkmx6jlo7prbsu","previousEventId":"wk3bxuxcrp3vfdr","previousOperationId":"mb59zqtoqop0gxx"}
{"type":"log","timestamp":1759936993204,"level":"debug","message":"Skipping storing report.","meta":{"rootId":"eccsoyhdxfu1is8","id":"eccsoyhdxfu1is8"},"id":"mldkrlykl7yv3ch","previousOperationId":"mb59zqtoqop0gxx"}
{"type":"log","timestamp":1759936993204,"level":"info","message":"Rendering request 3 finished in 247 ms","meta":{"rootId":"eccsoyhdxfu1is8","id":"eccsoyhdxfu1is8"},"id":"vvpvr97e36a0ml3","previousOperationId":"mb59zqtoqop0gxx"}
{"type":"operationEnd","subtype":"render","operationId":"n6v3rvbtwjulk36","timestamp":1759936993204,"id":"fg7j7uyqsanc1tm","previousEventId":"qzkmx6jlo7prbsu","previousOperationId":"mb59zqtoqop0gxx"}
{"type":"operationEnd","doDiffs":false,"previousEventId":"3h486t6htg8oa5a","previousOperationId":"4urc4xc2278d1f6","operationId":"4urc4xc2278d1f6","timestamp":1759936993206,"id":"gvannj2atm88sih"}
