{"type":"operationStart","subtype":"profile","data":{"_id":"N8dT1eyeb3Ry7QO7","timestamp":"2025-10-07T19:05:46.880Z","state":"queued","mode":"standard","creationDate":"2025-10-07T19:05:46.883Z","modificationDate":"2025-10-07T19:05:46.883Z","shortid":"i0isHBS","$entitySet":"profiles"},"doDiffs":false,"timestamp":1759863946881,"id":"zo8un6x7kgm49v6","previousOperationId":null,"operationId":"29f492fb1y77mui"}
{"type":"log","level":"info","message":"Render request 7 queued for execution and waiting for available worker","previousOperationId":"29f492fb1y77mui","timestamp":1759863946882,"id":"ya9h2kvfk1nnp4d"}
{"type":"operationStart","subtype":"render","name":"report-royalt-person","previousOperationId":"29f492fb1y77mui","timestamp":1759863946892,"id":"5phxl1dtfoj8ofd","previousEventId":"zo8un6x7kgm49v6","operationId":"208zwxav09436jy"}
{"type":"log","timestamp":1759863946892,"level":"info","message":"Starting rendering request 7","meta":{"rootId":"f14tu3s2h1pfvcy","id":"f14tu3s2h1pfvcy"},"id":"33butc6b6ddyq7h","previousOperationId":"208zwxav09436jy"}
{"type":"log","timestamp":1759863946892,"level":"info","message":"Rendering template { name: report-royalt-person, recipe: chrome-pdf, engine: jsrender, preview: true }","meta":{"rootId":"f14tu3s2h1pfvcy","id":"f14tu3s2h1pfvcy"},"id":"l8svmkqtzd8is82","previousOperationId":"208zwxav09436jy"}
{"type":"log","timestamp":1759863946892,"level":"debug","message":"Inline data specified.","meta":{"rootId":"f14tu3s2h1pfvcy","id":"f14tu3s2h1pfvcy"},"id":"smd9mudpp2282bg","previousOperationId":"208zwxav09436jy"}
{"type":"log","timestamp":1759863946896,"level":"debug","message":"Base url not specified, skipping its injection.","meta":{"rootId":"f14tu3s2h1pfvcy","id":"f14tu3s2h1pfvcy"},"id":"9vngb1vgo7wxwow","previousOperationId":"208zwxav09436jy"}
{"type":"operationStart","subtype":"engine","name":"jsrender","timestamp":1759863946896,"id":"39autfb6cvkuq6j","previousEventId":"5phxl1dtfoj8ofd","operationId":"qmvm8sjdh0dvjr2","previousOperationId":"208zwxav09436jy"}
{"type":"log","timestamp":1759863946896,"level":"debug","message":"Rendering engine jsrender","meta":{"rootId":"f14tu3s2h1pfvcy","id":"f14tu3s2h1pfvcy"},"id":"cx7x61sjp4urxzj","previousOperationId":"qmvm8sjdh0dvjr2"}
{"type":"operationEnd","operationId":"qmvm8sjdh0dvjr2","timestamp":1759863946914,"id":"e2t7aykhpcudzad","previousEventId":"39autfb6cvkuq6j","previousOperationId":"qmvm8sjdh0dvjr2"}
{"type":"operationStart","subtype":"recipe","name":"chrome-pdf","timestamp":1759863946915,"id":"mily4l7i088v81s","previousEventId":"e2t7aykhpcudzad","operationId":"abhuv99adjr7ocf","previousOperationId":"qmvm8sjdh0dvjr2"}
{"type":"log","timestamp":1759863946915,"level":"debug","message":"Executing recipe chrome-pdf","meta":{"rootId":"f14tu3s2h1pfvcy","id":"f14tu3s2h1pfvcy"},"id":"czm765njdfvui8s","previousOperationId":"abhuv99adjr7ocf"}
{"type":"log","timestamp":1759863946917,"level":"debug","message":"Converting with chrome Chrome/136.0.7103.49 using chrome-pool strategy","meta":{"rootId":"f14tu3s2h1pfvcy","id":"f14tu3s2h1pfvcy"},"id":"a23nwr39cnzgc4q","previousOperationId":"abhuv99adjr7ocf"}
{"type":"log","timestamp":1759863946974,"level":"debug","message":"Page request: GET (document) file:///tmp/jsreport/autocleanup/39b94458-7506-499b-ad8a-46f01e90b178-chrome-pdf.html","meta":{"rootId":"f14tu3s2h1pfvcy","id":"f14tu3s2h1pfvcy"},"id":"m2fmp3bgbk05nvw","previousOperationId":"abhuv99adjr7ocf"}
{"type":"log","timestamp":1759863946991,"level":"debug","message":"Page request finished: GET (document) 200 file:///tmp/jsreport/autocleanup/39b94458-7506-499b-ad8a-46f01e90b178-chrome-pdf.html","meta":{"rootId":"f14tu3s2h1pfvcy","id":"f14tu3s2h1pfvcy"},"id":"u2lgx02urftn2sm","previousOperationId":"abhuv99adjr7ocf"}
{"type":"log","timestamp":1759863947008,"level":"debug","message":"Running chrome with params {\"printBackground\":true,\"timeout\":59964,\"margin\":{}}","meta":{"rootId":"f14tu3s2h1pfvcy","id":"f14tu3s2h1pfvcy"},"id":"k3hp688b9ey5dgn","previousOperationId":"abhuv99adjr7ocf"}
{"type":"operationEnd","operationId":"abhuv99adjr7ocf","timestamp":1759863947090,"id":"bszrbbasfgz257y","previousEventId":"mily4l7i088v81s","previousOperationId":"abhuv99adjr7ocf"}
{"type":"log","timestamp":1759863947090,"level":"debug","message":"Skipping storing report.","meta":{"rootId":"f14tu3s2h1pfvcy","id":"f14tu3s2h1pfvcy"},"id":"y4p7pi0mgjogg4i","previousOperationId":"abhuv99adjr7ocf"}
{"type":"log","timestamp":1759863947090,"level":"info","message":"Rendering request 7 finished in 210 ms","meta":{"rootId":"f14tu3s2h1pfvcy","id":"f14tu3s2h1pfvcy"},"id":"y1naqcm0pxjs57x","previousOperationId":"abhuv99adjr7ocf"}
{"type":"operationEnd","subtype":"render","operationId":"208zwxav09436jy","timestamp":1759863947090,"id":"0lxi380x1hw5wa5","previousEventId":"bszrbbasfgz257y","previousOperationId":"abhuv99adjr7ocf"}
{"type":"operationEnd","doDiffs":false,"previousEventId":"zo8un6x7kgm49v6","previousOperationId":"29f492fb1y77mui","operationId":"29f492fb1y77mui","timestamp":1759863947094,"id":"7jtf61x89ytnlcl"}
