{"type":"operationStart","subtype":"profile","data":{"_id":"QxIqi456QQoeV24Z","timestamp":"2025-10-07T19:15:00.337Z","state":"queued","mode":"standard","creationDate":"2025-10-07T19:15:00.339Z","modificationDate":"2025-10-07T19:15:00.339Z","shortid":"lYmCjc0","$entitySet":"profiles"},"doDiffs":false,"timestamp":1759864500338,"id":"yh4ry7fhm1q3kg6","previousOperationId":null,"operationId":"4hzl9op1arybw24"}
{"type":"log","level":"info","message":"Render request 10 queued for execution and waiting for available worker","previousOperationId":"4hzl9op1arybw24","timestamp":1759864500338,"id":"b2ej06frtkzwgyx"}
{"type":"operationStart","subtype":"render","name":"report-royalt-person","previousOperationId":"4hzl9op1arybw24","timestamp":1759864500365,"id":"mxfkycloc9gmc6w","previousEventId":"yh4ry7fhm1q3kg6","operationId":"x10freb7ltm5wt1"}
{"type":"log","timestamp":1759864500365,"level":"info","message":"Starting rendering request 10","meta":{"rootId":"i4od7np6wapad32","id":"i4od7np6wapad32"},"id":"gqwpc2d1oviunjf","previousOperationId":"x10freb7ltm5wt1"}
{"type":"log","timestamp":1759864500365,"level":"info","message":"Rendering template { name: report-royalt-person, recipe: chrome-pdf, engine: jsrender, preview: true }","meta":{"rootId":"i4od7np6wapad32","id":"i4od7np6wapad32"},"id":"zr9o9ekyiy60at4","previousOperationId":"x10freb7ltm5wt1"}
{"type":"log","timestamp":1759864500365,"level":"debug","message":"Inline data specified.","meta":{"rootId":"i4od7np6wapad32","id":"i4od7np6wapad32"},"id":"trolvv98pgf3ory","previousOperationId":"x10freb7ltm5wt1"}
{"type":"log","timestamp":1759864500366,"level":"debug","message":"Base url not specified, skipping its injection.","meta":{"rootId":"i4od7np6wapad32","id":"i4od7np6wapad32"},"id":"ku4gfqaewk7zfop","previousOperationId":"x10freb7ltm5wt1"}
{"type":"operationStart","subtype":"engine","name":"jsrender","timestamp":1759864500367,"id":"1bh8nyi6mdts654","previousEventId":"mxfkycloc9gmc6w","operationId":"n15jyk7ytsrwgl2","previousOperationId":"x10freb7ltm5wt1"}
{"type":"log","timestamp":1759864500367,"level":"debug","message":"Rendering engine jsrender","meta":{"rootId":"i4od7np6wapad32","id":"i4od7np6wapad32"},"id":"iymzbzxmbte4p8f","previousOperationId":"n15jyk7ytsrwgl2"}
{"type":"operationEnd","operationId":"n15jyk7ytsrwgl2","timestamp":1759864500381,"id":"k1kwfhx1fvdghrb","previousEventId":"1bh8nyi6mdts654","previousOperationId":"n15jyk7ytsrwgl2"}
{"type":"operationStart","subtype":"recipe","name":"chrome-pdf","timestamp":1759864500382,"id":"jb5gmj4xtsylu85","previousEventId":"k1kwfhx1fvdghrb","operationId":"8n2pyq8yigq9ixe","previousOperationId":"n15jyk7ytsrwgl2"}
{"type":"log","timestamp":1759864500382,"level":"debug","message":"Executing recipe chrome-pdf","meta":{"rootId":"i4od7np6wapad32","id":"i4od7np6wapad32"},"id":"9cwuwckdc5yhf8z","previousOperationId":"8n2pyq8yigq9ixe"}
{"type":"log","timestamp":1759864500385,"level":"debug","message":"Converting with chrome Chrome/136.0.7103.49 using chrome-pool strategy","meta":{"rootId":"i4od7np6wapad32","id":"i4od7np6wapad32"},"id":"bdezcxm5ylnaqct","previousOperationId":"8n2pyq8yigq9ixe"}
{"type":"log","timestamp":1759864500441,"level":"debug","message":"Page request: GET (document) file:///tmp/jsreport/autocleanup/b2e8688c-552d-47ac-b528-30c0b2c63ae6-chrome-pdf.html","meta":{"rootId":"i4od7np6wapad32","id":"i4od7np6wapad32"},"id":"nt4rr3azao8bkib","previousOperationId":"8n2pyq8yigq9ixe"}
{"type":"log","timestamp":1759864500461,"level":"debug","message":"Page request finished: GET (document) 200 file:///tmp/jsreport/autocleanup/b2e8688c-552d-47ac-b528-30c0b2c63ae6-chrome-pdf.html","meta":{"rootId":"i4od7np6wapad32","id":"i4od7np6wapad32"},"id":"9e2n11738rztwg6","previousOperationId":"8n2pyq8yigq9ixe"}
{"type":"log","timestamp":1759864500485,"level":"debug","message":"Running chrome with params {\"printBackground\":true,\"timeout\":59954,\"margin\":{}}","meta":{"rootId":"i4od7np6wapad32","id":"i4od7np6wapad32"},"id":"saklly87tss8rqf","previousOperationId":"8n2pyq8yigq9ixe"}
{"type":"operationEnd","operationId":"8n2pyq8yigq9ixe","timestamp":1759864500576,"id":"rf48hc1tzozlq4x","previousEventId":"jb5gmj4xtsylu85","previousOperationId":"8n2pyq8yigq9ixe"}
{"type":"log","timestamp":1759864500576,"level":"debug","message":"Skipping storing report.","meta":{"rootId":"i4od7np6wapad32","id":"i4od7np6wapad32"},"id":"dvunvi4a7wju6kn","previousOperationId":"8n2pyq8yigq9ixe"}
{"type":"log","timestamp":1759864500576,"level":"info","message":"Rendering request 10 finished in 239 ms","meta":{"rootId":"i4od7np6wapad32","id":"i4od7np6wapad32"},"id":"bb2gso3z71k4nkv","previousOperationId":"8n2pyq8yigq9ixe"}
{"type":"operationEnd","subtype":"render","operationId":"x10freb7ltm5wt1","timestamp":1759864500576,"id":"nvmt06t14brcd5g","previousEventId":"rf48hc1tzozlq4x","previousOperationId":"8n2pyq8yigq9ixe"}
{"type":"operationEnd","doDiffs":false,"previousEventId":"yh4ry7fhm1q3kg6","previousOperationId":"4hzl9op1arybw24","operationId":"4hzl9op1arybw24","timestamp":1759864500581,"id":"kya8qbgylmr6vwq"}
