{"type":"operationStart","subtype":"profile","data":{"_id":"O22KWp3pGzHSSJsH","timestamp":"2025-10-07T18:44:34.822Z","state":"queued","mode":"standard","creationDate":"2025-10-07T18:44:34.824Z","modificationDate":"2025-10-07T18:44:34.824Z","shortid":"OsGkhF_","$entitySet":"profiles"},"doDiffs":false,"timestamp":1759862674823,"id":"fkk5cmln231z8ie","previousOperationId":null,"operationId":"46pifk2ansjnh0o"}
{"type":"log","level":"info","message":"Render request 3 queued for execution and waiting for available worker","previousOperationId":"46pifk2ansjnh0o","timestamp":1759862674823,"id":"jy1twzqo87k7ujo"}
{"type":"operationStart","subtype":"render","name":"report-royalt-person","previousOperationId":"46pifk2ansjnh0o","timestamp":1759862674835,"id":"r25sy1bbq62srux","previousEventId":"fkk5cmln231z8ie","operationId":"ioml0c2qmeobnr6"}
{"type":"log","timestamp":1759862674836,"level":"info","message":"Starting rendering request 3","meta":{"rootId":"lfh59ch0scnk3b6","id":"lfh59ch0scnk3b6"},"id":"npetoei0yfeh4hb","previousOperationId":"ioml0c2qmeobnr6"}
{"type":"log","timestamp":1759862674836,"level":"info","message":"Rendering template { name: report-royalt-person, recipe: chrome-pdf, engine: jsrender, preview: true }","meta":{"rootId":"lfh59ch0scnk3b6","id":"lfh59ch0scnk3b6"},"id":"0yzfce84y7t4mzz","previousOperationId":"ioml0c2qmeobnr6"}
{"type":"log","timestamp":1759862674837,"level":"debug","message":"Adding sample data DZNhAfkjj","meta":{"rootId":"lfh59ch0scnk3b6","id":"lfh59ch0scnk3b6"},"id":"9exw6d3zp0xiswe","previousOperationId":"ioml0c2qmeobnr6"}
{"type":"log","timestamp":1759862674839,"level":"debug","message":"Base url not specified, skipping its injection.","meta":{"rootId":"lfh59ch0scnk3b6","id":"lfh59ch0scnk3b6"},"id":"agssraq0d9x9vyd","previousOperationId":"ioml0c2qmeobnr6"}
{"type":"operationStart","subtype":"engine","name":"jsrender","timestamp":1759862674841,"id":"u91z5cw8lujcpje","previousEventId":"r25sy1bbq62srux","operationId":"q3y29k3cpxii4zm","previousOperationId":"ioml0c2qmeobnr6"}
{"type":"log","timestamp":1759862674841,"level":"debug","message":"Rendering engine jsrender","meta":{"rootId":"lfh59ch0scnk3b6","id":"lfh59ch0scnk3b6"},"id":"d9b50fdvdxjjj0s","previousOperationId":"q3y29k3cpxii4zm"}
{"type":"operationEnd","operationId":"q3y29k3cpxii4zm","timestamp":1759862674863,"id":"1hxe2456vmx2exs","previousEventId":"u91z5cw8lujcpje","previousOperationId":"q3y29k3cpxii4zm"}
{"type":"operationStart","subtype":"recipe","name":"chrome-pdf","timestamp":1759862674864,"id":"xnvs88qrfsca44g","previousEventId":"1hxe2456vmx2exs","operationId":"j2f3l415zeifao3","previousOperationId":"q3y29k3cpxii4zm"}
{"type":"log","timestamp":1759862674864,"level":"debug","message":"Executing recipe chrome-pdf","meta":{"rootId":"lfh59ch0scnk3b6","id":"lfh59ch0scnk3b6"},"id":"8bbkphct71evhn0","previousOperationId":"j2f3l415zeifao3"}
{"type":"log","timestamp":1759862675172,"level":"debug","message":"Converting with chrome Chrome/136.0.7103.49 using chrome-pool strategy","meta":{"rootId":"lfh59ch0scnk3b6","id":"lfh59ch0scnk3b6"},"id":"jc63wrvyuc3amya","previousOperationId":"j2f3l415zeifao3"}
{"type":"log","timestamp":1759862675215,"level":"debug","message":"Page request: GET (document) file:///tmp/jsreport/autocleanup/0bec1f4e-dbab-481f-b74b-f6493aa05ac0-chrome-pdf.html","meta":{"rootId":"lfh59ch0scnk3b6","id":"lfh59ch0scnk3b6"},"id":"15ekzqq55t4t1uz","previousOperationId":"j2f3l415zeifao3"}
{"type":"log","timestamp":1759862675233,"level":"debug","message":"Page request finished: GET (document) 200 file:///tmp/jsreport/autocleanup/0bec1f4e-dbab-481f-b74b-f6493aa05ac0-chrome-pdf.html","meta":{"rootId":"lfh59ch0scnk3b6","id":"lfh59ch0scnk3b6"},"id":"4wt3fnr24d45zgh","previousOperationId":"j2f3l415zeifao3"}
{"type":"log","timestamp":1759862675286,"level":"debug","message":"Running chrome with params {\"printBackground\":true,\"timeout\":59951,\"margin\":{}}","meta":{"rootId":"lfh59ch0scnk3b6","id":"lfh59ch0scnk3b6"},"id":"lg6ft4bydsnfjtt","previousOperationId":"j2f3l415zeifao3"}
{"type":"operationEnd","operationId":"j2f3l415zeifao3","timestamp":1759862675390,"id":"qz8l9pgbdpogcc1","previousEventId":"xnvs88qrfsca44g","previousOperationId":"j2f3l415zeifao3"}
{"type":"log","timestamp":1759862675391,"level":"debug","message":"Skipping storing report.","meta":{"rootId":"lfh59ch0scnk3b6","id":"lfh59ch0scnk3b6"},"id":"jrxmsrvdqihoqcp","previousOperationId":"j2f3l415zeifao3"}
{"type":"log","timestamp":1759862675391,"level":"info","message":"Rendering request 3 finished in 569 ms","meta":{"rootId":"lfh59ch0scnk3b6","id":"lfh59ch0scnk3b6"},"id":"qqm1zidtikt7xw4","previousOperationId":"j2f3l415zeifao3"}
{"type":"operationEnd","subtype":"render","operationId":"ioml0c2qmeobnr6","timestamp":1759862675391,"id":"ztdxfzrdbs6hybq","previousEventId":"qz8l9pgbdpogcc1","previousOperationId":"j2f3l415zeifao3"}
{"type":"operationEnd","doDiffs":false,"previousEventId":"fkk5cmln231z8ie","previousOperationId":"46pifk2ansjnh0o","operationId":"46pifk2ansjnh0o","timestamp":1759862675394,"id":"coucrnoilxz9bbv"}
