{"type":"operationStart","subtype":"profile","data":{"_id":"2tRT3HVHHspGTtEu","timestamp":"2025-10-08T15:39:33.364Z","state":"queued","mode":"standard","creationDate":"2025-10-08T15:39:33.365Z","modificationDate":"2025-10-08T15:39:33.365Z","shortid":"7KgWHEp","$entitySet":"profiles"},"doDiffs":false,"timestamp":1759937973364,"id":"8jxp6a9r3zefmpv","previousOperationId":null,"operationId":"dxp7fcjbvs8ip2f"}
{"type":"log","level":"info","message":"Render request 4 queued for execution and waiting for available worker","previousOperationId":"dxp7fcjbvs8ip2f","timestamp":1759937973364,"id":"d2ufdgnouzhqhkh"}
{"type":"operationStart","subtype":"render","name":"report-royalt-person","previousOperationId":"dxp7fcjbvs8ip2f","timestamp":1759937973367,"id":"gguekodjotrjjqk","previousEventId":"8jxp6a9r3zefmpv","operationId":"u203hjlir10tqax"}
{"type":"log","timestamp":1759937973367,"level":"info","message":"Starting rendering request 4","meta":{"rootId":"o0wbrlx48f7rxmq","id":"o0wbrlx48f7rxmq"},"id":"i395w62xlmwaxw8","previousOperationId":"u203hjlir10tqax"}
{"type":"log","timestamp":1759937973368,"level":"info","message":"Rendering template { name: report-royalt-person, recipe: chrome-pdf, engine: jsrender, preview: false }","meta":{"rootId":"o0wbrlx48f7rxmq","id":"o0wbrlx48f7rxmq"},"id":"squ577josf90zu0","previousOperationId":"u203hjlir10tqax"}
{"type":"log","timestamp":1759937973368,"level":"debug","message":"Inline data specified.","meta":{"rootId":"o0wbrlx48f7rxmq","id":"o0wbrlx48f7rxmq"},"id":"u7nuqtkgfvy63dn","previousOperationId":"u203hjlir10tqax"}
{"type":"log","timestamp":1759937973368,"level":"debug","message":"Base url not specified, skipping its injection.","meta":{"rootId":"o0wbrlx48f7rxmq","id":"o0wbrlx48f7rxmq"},"id":"dckrw2ndqh1bm8m","previousOperationId":"u203hjlir10tqax"}
{"type":"operationStart","subtype":"engine","name":"jsrender","timestamp":1759937973368,"id":"qo6cdu537ggzt3n","previousEventId":"gguekodjotrjjqk","operationId":"qb55vgwmhgdgvst","previousOperationId":"u203hjlir10tqax"}
{"type":"log","timestamp":1759937973368,"level":"debug","message":"Rendering engine jsrender","meta":{"rootId":"o0wbrlx48f7rxmq","id":"o0wbrlx48f7rxmq"},"id":"4789fx66hi3a3m2","previousOperationId":"qb55vgwmhgdgvst"}
{"type":"operationEnd","operationId":"qb55vgwmhgdgvst","timestamp":1759937973375,"id":"fatfkn3x0o2hqsj","previousEventId":"qo6cdu537ggzt3n","previousOperationId":"qb55vgwmhgdgvst"}
{"type":"operationStart","subtype":"recipe","name":"chrome-pdf","timestamp":1759937973375,"id":"6f8nhc387vebc8d","previousEventId":"fatfkn3x0o2hqsj","operationId":"lmzjqt27ago1gwt","previousOperationId":"qb55vgwmhgdgvst"}
{"type":"log","timestamp":1759937973375,"level":"debug","message":"Executing recipe chrome-pdf","meta":{"rootId":"o0wbrlx48f7rxmq","id":"o0wbrlx48f7rxmq"},"id":"ug3ml951epvvio8","previousOperationId":"lmzjqt27ago1gwt"}
{"type":"log","timestamp":1759937973376,"level":"debug","message":"Converting with chrome Chrome/136.0.7103.49 using chrome-pool strategy","meta":{"rootId":"o0wbrlx48f7rxmq","id":"o0wbrlx48f7rxmq"},"id":"yohgrrfqp6mawnj","previousOperationId":"lmzjqt27ago1gwt"}
{"type":"log","timestamp":1759937973398,"level":"debug","message":"Page request: GET (document) file:///tmp/jsreport/autocleanup/7aceece1-2c5b-4c6c-867a-3b04594b0485-chrome-pdf.html","meta":{"rootId":"o0wbrlx48f7rxmq","id":"o0wbrlx48f7rxmq"},"id":"dzw87xib1su911u","previousOperationId":"lmzjqt27ago1gwt"}
{"type":"log","timestamp":1759937973404,"level":"debug","message":"Page request finished: GET (document) 200 file:///tmp/jsreport/autocleanup/7aceece1-2c5b-4c6c-867a-3b04594b0485-chrome-pdf.html","meta":{"rootId":"o0wbrlx48f7rxmq","id":"o0wbrlx48f7rxmq"},"id":"4k1u4crki8kv957","previousOperationId":"lmzjqt27ago1gwt"}
{"type":"log","timestamp":1759937973409,"level":"debug","message":"Running chrome with params {\"printBackground\":true,\"timeout\":59988,\"margin\":{}}","meta":{"rootId":"o0wbrlx48f7rxmq","id":"o0wbrlx48f7rxmq"},"id":"m3yxhv2z6ia7kvg","previousOperationId":"lmzjqt27ago1gwt"}
{"type":"operationEnd","operationId":"lmzjqt27ago1gwt","timestamp":1759937973449,"id":"274pggtuu9t85iw","previousEventId":"6f8nhc387vebc8d","previousOperationId":"lmzjqt27ago1gwt"}
{"type":"log","timestamp":1759937973449,"level":"debug","message":"Skipping storing report.","meta":{"rootId":"o0wbrlx48f7rxmq","id":"o0wbrlx48f7rxmq"},"id":"1a9nudc7th5p1yp","previousOperationId":"lmzjqt27ago1gwt"}
{"type":"log","timestamp":1759937973449,"level":"info","message":"Rendering request 4 finished in 85 ms","meta":{"rootId":"o0wbrlx48f7rxmq","id":"o0wbrlx48f7rxmq"},"id":"q1nqroxnbk1ilgt","previousOperationId":"lmzjqt27ago1gwt"}
{"type":"operationEnd","subtype":"render","operationId":"u203hjlir10tqax","timestamp":1759937973450,"id":"qn8duvf8mdubwzg","previousEventId":"274pggtuu9t85iw","previousOperationId":"lmzjqt27ago1gwt"}
{"type":"operationEnd","doDiffs":false,"previousEventId":"8jxp6a9r3zefmpv","previousOperationId":"dxp7fcjbvs8ip2f","operationId":"dxp7fcjbvs8ip2f","timestamp":1759937973451,"id":"gzk6j6kyu7lv54x"}
