{"type":"operationStart","subtype":"profile","data":{"_id":"vDsyNKrY1nuIu5u3","timestamp":"2025-10-07T19:14:30.775Z","state":"queued","mode":"standard","creationDate":"2025-10-07T19:14:30.777Z","modificationDate":"2025-10-07T19:14:30.777Z","shortid":"Ea1E2H7","$entitySet":"profiles"},"doDiffs":false,"timestamp":1759864470776,"id":"k4mc8eyy30flnbl","previousOperationId":null,"operationId":"h4ga865p5zc53u9"}
{"type":"log","level":"info","message":"Render request 8 queued for execution and waiting for available worker","previousOperationId":"h4ga865p5zc53u9","timestamp":1759864470776,"id":"aac4a0iuihvgn5v"}
{"type":"operationStart","subtype":"render","name":"report-royalt-person","previousOperationId":"h4ga865p5zc53u9","timestamp":1759864470786,"id":"ac52mvgsa22cx8y","previousEventId":"k4mc8eyy30flnbl","operationId":"tkeswm8h1skv43v"}
{"type":"log","timestamp":1759864470786,"level":"info","message":"Starting rendering request 8","meta":{"rootId":"p5xk5l8vs7mjhdt","id":"p5xk5l8vs7mjhdt"},"id":"zoae4az7jsbtdpl","previousOperationId":"tkeswm8h1skv43v"}
{"type":"log","timestamp":1759864470786,"level":"info","message":"Rendering template { name: report-royalt-person, recipe: chrome-pdf, engine: jsrender, preview: true }","meta":{"rootId":"p5xk5l8vs7mjhdt","id":"p5xk5l8vs7mjhdt"},"id":"knaco5amiqmvurk","previousOperationId":"tkeswm8h1skv43v"}
{"type":"log","timestamp":1759864470786,"level":"debug","message":"Inline data specified.","meta":{"rootId":"p5xk5l8vs7mjhdt","id":"p5xk5l8vs7mjhdt"},"id":"ebjrs87w7cvbqnq","previousOperationId":"tkeswm8h1skv43v"}
{"type":"log","timestamp":1759864470788,"level":"debug","message":"Base url not specified, skipping its injection.","meta":{"rootId":"p5xk5l8vs7mjhdt","id":"p5xk5l8vs7mjhdt"},"id":"1egh1vhfs28yk8l","previousOperationId":"tkeswm8h1skv43v"}
{"type":"operationStart","subtype":"engine","name":"jsrender","timestamp":1759864470788,"id":"loi5d9khe5wrakc","previousEventId":"ac52mvgsa22cx8y","operationId":"4u4pns032yy5xsh","previousOperationId":"tkeswm8h1skv43v"}
{"type":"log","timestamp":1759864470788,"level":"debug","message":"Rendering engine jsrender","meta":{"rootId":"p5xk5l8vs7mjhdt","id":"p5xk5l8vs7mjhdt"},"id":"3yijvn68facqrxo","previousOperationId":"4u4pns032yy5xsh"}
{"type":"operationEnd","operationId":"4u4pns032yy5xsh","timestamp":1759864470809,"id":"36ayhpy68pov77e","previousEventId":"loi5d9khe5wrakc","previousOperationId":"4u4pns032yy5xsh"}
{"type":"operationStart","subtype":"recipe","name":"chrome-pdf","timestamp":1759864470809,"id":"6xxbkr3s9gtq76o","previousEventId":"36ayhpy68pov77e","operationId":"pyhnqpi2l8ggsvw","previousOperationId":"4u4pns032yy5xsh"}
{"type":"log","timestamp":1759864470809,"level":"debug","message":"Executing recipe chrome-pdf","meta":{"rootId":"p5xk5l8vs7mjhdt","id":"p5xk5l8vs7mjhdt"},"id":"izsbmr7d30iwgvj","previousOperationId":"pyhnqpi2l8ggsvw"}
{"type":"log","timestamp":1759864470814,"level":"debug","message":"Converting with chrome Chrome/136.0.7103.49 using chrome-pool strategy","meta":{"rootId":"p5xk5l8vs7mjhdt","id":"p5xk5l8vs7mjhdt"},"id":"8b2x2qclp170grz","previousOperationId":"pyhnqpi2l8ggsvw"}
{"type":"log","timestamp":1759864470870,"level":"debug","message":"Page request: GET (document) file:///tmp/jsreport/autocleanup/758fac56-3bae-489b-b0fc-1d133d37feba-chrome-pdf.html","meta":{"rootId":"p5xk5l8vs7mjhdt","id":"p5xk5l8vs7mjhdt"},"id":"db3br8pkwwpfoup","previousOperationId":"pyhnqpi2l8ggsvw"}
{"type":"log","timestamp":1759864470895,"level":"debug","message":"Page request finished: GET (document) 200 file:///tmp/jsreport/autocleanup/758fac56-3bae-489b-b0fc-1d133d37feba-chrome-pdf.html","meta":{"rootId":"p5xk5l8vs7mjhdt","id":"p5xk5l8vs7mjhdt"},"id":"v2jarqn26juj23n","previousOperationId":"pyhnqpi2l8ggsvw"}
{"type":"log","timestamp":1759864470914,"level":"debug","message":"Running chrome with params {\"printBackground\":true,\"timeout\":59963,\"margin\":{}}","meta":{"rootId":"p5xk5l8vs7mjhdt","id":"p5xk5l8vs7mjhdt"},"id":"hmbckrbjipiy24l","previousOperationId":"pyhnqpi2l8ggsvw"}
{"type":"operationEnd","operationId":"pyhnqpi2l8ggsvw","timestamp":1759864470976,"id":"vt9vp9tcok8u84w","previousEventId":"6xxbkr3s9gtq76o","previousOperationId":"pyhnqpi2l8ggsvw"}
{"type":"log","timestamp":1759864470976,"level":"debug","message":"Skipping storing report.","meta":{"rootId":"p5xk5l8vs7mjhdt","id":"p5xk5l8vs7mjhdt"},"id":"rhwgjaupdjkcb3c","previousOperationId":"pyhnqpi2l8ggsvw"}
{"type":"log","timestamp":1759864470976,"level":"info","message":"Rendering request 8 finished in 201 ms","meta":{"rootId":"p5xk5l8vs7mjhdt","id":"p5xk5l8vs7mjhdt"},"id":"afx84hle30m1rvs","previousOperationId":"pyhnqpi2l8ggsvw"}
{"type":"operationEnd","subtype":"render","operationId":"tkeswm8h1skv43v","timestamp":1759864470976,"id":"jisbhnwcl8iqt8f","previousEventId":"vt9vp9tcok8u84w","previousOperationId":"pyhnqpi2l8ggsvw"}
{"type":"operationEnd","doDiffs":false,"previousEventId":"k4mc8eyy30flnbl","previousOperationId":"h4ga865p5zc53u9","operationId":"h4ga865p5zc53u9","timestamp":1759864470979,"id":"s0dx32nx1pw8ldj"}
