{"type":"operationStart","subtype":"profile","data":{"_id":"7PECbAolovswZMQD","timestamp":"2025-10-08T01:09:41.332Z","state":"queued","mode":"standard","creationDate":"2025-10-08T01:09:41.333Z","modificationDate":"2025-10-08T01:09:41.333Z","shortid":"PYAJoOY","$entitySet":"profiles"},"doDiffs":false,"timestamp":1759885781333,"id":"yxlmw5bsuctjga4","previousOperationId":null,"operationId":"nkg46xhndmcxtl5"}
{"type":"log","level":"info","message":"Render request 15 queued for execution and waiting for available worker","previousOperationId":"nkg46xhndmcxtl5","timestamp":1759885781333,"id":"tkha4mpv4tedkup"}
{"type":"operationStart","subtype":"render","name":"report-royalt-person","previousOperationId":"nkg46xhndmcxtl5","timestamp":1759885781338,"id":"hawbcj75rmvdtpp","previousEventId":"yxlmw5bsuctjga4","operationId":"1alrry87ypss92y"}
{"type":"log","timestamp":1759885781338,"level":"info","message":"Starting rendering request 15","meta":{"rootId":"t5wc76cmtmcjr0p","id":"t5wc76cmtmcjr0p"},"id":"u82wlyizky85ki8","previousOperationId":"1alrry87ypss92y"}
{"type":"log","timestamp":1759885781339,"level":"info","message":"Rendering template { name: report-royalt-person, recipe: chrome-pdf, engine: jsrender, preview: false }","meta":{"rootId":"t5wc76cmtmcjr0p","id":"t5wc76cmtmcjr0p"},"id":"ihjuwbc8dqf517i","previousOperationId":"1alrry87ypss92y"}
{"type":"log","timestamp":1759885781339,"level":"debug","message":"Inline data specified.","meta":{"rootId":"t5wc76cmtmcjr0p","id":"t5wc76cmtmcjr0p"},"id":"sobshv6im7v5acp","previousOperationId":"1alrry87ypss92y"}
{"type":"log","timestamp":1759885781341,"level":"debug","message":"Base url not specified, skipping its injection.","meta":{"rootId":"t5wc76cmtmcjr0p","id":"t5wc76cmtmcjr0p"},"id":"mz6pnr261m7ll08","previousOperationId":"1alrry87ypss92y"}
{"type":"operationStart","subtype":"engine","name":"jsrender","timestamp":1759885781341,"id":"4m0w0igxxrq5xtk","previousEventId":"hawbcj75rmvdtpp","operationId":"5snehk4s6bipeb2","previousOperationId":"1alrry87ypss92y"}
{"type":"log","timestamp":1759885781341,"level":"debug","message":"Rendering engine jsrender","meta":{"rootId":"t5wc76cmtmcjr0p","id":"t5wc76cmtmcjr0p"},"id":"tdawwj7mtbg29hf","previousOperationId":"5snehk4s6bipeb2"}
{"type":"operationEnd","operationId":"5snehk4s6bipeb2","timestamp":1759885781362,"id":"fg65jyg8yp09bqj","previousEventId":"4m0w0igxxrq5xtk","previousOperationId":"5snehk4s6bipeb2"}
{"type":"operationStart","subtype":"recipe","name":"chrome-pdf","timestamp":1759885781362,"id":"1jt76bjsbgvow63","previousEventId":"fg65jyg8yp09bqj","operationId":"t8yl2mcz0zik0qn","previousOperationId":"5snehk4s6bipeb2"}
{"type":"log","timestamp":1759885781362,"level":"debug","message":"Executing recipe chrome-pdf","meta":{"rootId":"t5wc76cmtmcjr0p","id":"t5wc76cmtmcjr0p"},"id":"b5arlax3tknln7n","previousOperationId":"t8yl2mcz0zik0qn"}
{"type":"log","timestamp":1759885781365,"level":"debug","message":"Converting with chrome Chrome/136.0.7103.49 using chrome-pool strategy","meta":{"rootId":"t5wc76cmtmcjr0p","id":"t5wc76cmtmcjr0p"},"id":"pm0y6gge4hwa1ut","previousOperationId":"t8yl2mcz0zik0qn"}
{"type":"log","timestamp":1759885781419,"level":"debug","message":"Page request: GET (document) file:///tmp/jsreport/autocleanup/6a979840-862c-488a-bc91-ceefc6eb3869-chrome-pdf.html","meta":{"rootId":"t5wc76cmtmcjr0p","id":"t5wc76cmtmcjr0p"},"id":"ks9mcl76zkh23j2","previousOperationId":"t8yl2mcz0zik0qn"}
{"type":"log","timestamp":1759885781437,"level":"debug","message":"Page request finished: GET (document) 200 file:///tmp/jsreport/autocleanup/6a979840-862c-488a-bc91-ceefc6eb3869-chrome-pdf.html","meta":{"rootId":"t5wc76cmtmcjr0p","id":"t5wc76cmtmcjr0p"},"id":"gdr6cwjle6u8vtt","previousOperationId":"t8yl2mcz0zik0qn"}
{"type":"log","timestamp":1759885781455,"level":"debug","message":"Running chrome with params {\"printBackground\":true,\"timeout\":59969,\"margin\":{}}","meta":{"rootId":"t5wc76cmtmcjr0p","id":"t5wc76cmtmcjr0p"},"id":"tkadps1obbc1rh6","previousOperationId":"t8yl2mcz0zik0qn"}
{"type":"operationEnd","operationId":"t8yl2mcz0zik0qn","timestamp":1759885781529,"id":"267rl8upv499a2v","previousEventId":"1jt76bjsbgvow63","previousOperationId":"t8yl2mcz0zik0qn"}
{"type":"log","timestamp":1759885781529,"level":"debug","message":"Skipping storing report.","meta":{"rootId":"t5wc76cmtmcjr0p","id":"t5wc76cmtmcjr0p"},"id":"u9lpqv5rjx7b0qy","previousOperationId":"t8yl2mcz0zik0qn"}
{"type":"log","timestamp":1759885781529,"level":"info","message":"Rendering request 15 finished in 197 ms","meta":{"rootId":"t5wc76cmtmcjr0p","id":"t5wc76cmtmcjr0p"},"id":"4n58ycqzj6ou5ha","previousOperationId":"t8yl2mcz0zik0qn"}
{"type":"operationEnd","subtype":"render","operationId":"1alrry87ypss92y","timestamp":1759885781529,"id":"957k285t8wwxkcd","previousEventId":"267rl8upv499a2v","previousOperationId":"t8yl2mcz0zik0qn"}
{"type":"operationEnd","doDiffs":false,"previousEventId":"yxlmw5bsuctjga4","previousOperationId":"nkg46xhndmcxtl5","operationId":"nkg46xhndmcxtl5","timestamp":1759885781531,"id":"nug3jcv0jtxbecl"}
