{"type":"operationStart","subtype":"profile","data":{"_id":"vj86dee8E9NHhLL6","timestamp":"2025-10-07T18:53:15.247Z","state":"queued","mode":"standard","creationDate":"2025-10-07T18:53:15.251Z","modificationDate":"2025-10-07T18:53:15.251Z","shortid":"sfQcjN9","$entitySet":"profiles"},"doDiffs":false,"timestamp":1759863195250,"id":"1yhxv7iatgdn1fl","previousOperationId":null,"operationId":"zp0mpkv23lj7zue"}
{"type":"log","level":"info","message":"Render request 4 queued for execution and waiting for available worker","previousOperationId":"zp0mpkv23lj7zue","timestamp":1759863195250,"id":"m5u5xfgko00c8ba"}
{"type":"operationStart","subtype":"render","name":"report-royalt-person","previousOperationId":"zp0mpkv23lj7zue","timestamp":1759863195269,"id":"9maa71a5nyrhn3c","previousEventId":"1yhxv7iatgdn1fl","operationId":"lhv450m3xerh79f"}
{"type":"log","timestamp":1759863195269,"level":"info","message":"Starting rendering request 4","meta":{"rootId":"xi5iyn16j2lbqvu","id":"xi5iyn16j2lbqvu"},"id":"fup2ajxhxh0oltk","previousOperationId":"lhv450m3xerh79f"}
{"type":"log","timestamp":1759863195270,"level":"info","message":"Rendering template { name: report-royalt-person, recipe: chrome-pdf, engine: jsrender, preview: true }","meta":{"rootId":"xi5iyn16j2lbqvu","id":"xi5iyn16j2lbqvu"},"id":"uaz49u0gtnuve9f","previousOperationId":"lhv450m3xerh79f"}
{"type":"log","timestamp":1759863195270,"level":"debug","message":"Inline data specified.","meta":{"rootId":"xi5iyn16j2lbqvu","id":"xi5iyn16j2lbqvu"},"id":"03pfehc0410w9x0","previousOperationId":"lhv450m3xerh79f"}
{"type":"log","timestamp":1759863195279,"level":"debug","message":"Base url not specified, skipping its injection.","meta":{"rootId":"xi5iyn16j2lbqvu","id":"xi5iyn16j2lbqvu"},"id":"4lfoxgvoa2zbvqs","previousOperationId":"lhv450m3xerh79f"}
{"type":"operationStart","subtype":"engine","name":"jsrender","timestamp":1759863195280,"id":"is5eon9jf5dguhg","previousEventId":"9maa71a5nyrhn3c","operationId":"lmku5w54tszzdf1","previousOperationId":"lhv450m3xerh79f"}
{"type":"log","timestamp":1759863195280,"level":"debug","message":"Rendering engine jsrender","meta":{"rootId":"xi5iyn16j2lbqvu","id":"xi5iyn16j2lbqvu"},"id":"m2tkzb4ivy4dop4","previousOperationId":"lmku5w54tszzdf1"}
{"type":"operationEnd","operationId":"lmku5w54tszzdf1","timestamp":1759863195308,"id":"x22at749b3lxj18","previousEventId":"is5eon9jf5dguhg","previousOperationId":"lmku5w54tszzdf1"}
{"type":"operationStart","subtype":"recipe","name":"chrome-pdf","timestamp":1759863195309,"id":"cigpnpy7ysr6y0w","previousEventId":"x22at749b3lxj18","operationId":"45n0xcbyntnympn","previousOperationId":"lmku5w54tszzdf1"}
{"type":"log","timestamp":1759863195309,"level":"debug","message":"Executing recipe chrome-pdf","meta":{"rootId":"xi5iyn16j2lbqvu","id":"xi5iyn16j2lbqvu"},"id":"tcn4wcgpopgr1aa","previousOperationId":"45n0xcbyntnympn"}
{"type":"log","timestamp":1759863195312,"level":"debug","message":"Converting with chrome Chrome/136.0.7103.49 using chrome-pool strategy","meta":{"rootId":"xi5iyn16j2lbqvu","id":"xi5iyn16j2lbqvu"},"id":"q61p1g7p2x0bgl4","previousOperationId":"45n0xcbyntnympn"}
{"type":"log","timestamp":1759863195377,"level":"debug","message":"Page request: GET (document) file:///tmp/jsreport/autocleanup/ae290251-921b-4ad8-a2b2-5865d6f80c28-chrome-pdf.html","meta":{"rootId":"xi5iyn16j2lbqvu","id":"xi5iyn16j2lbqvu"},"id":"0cpel5ytsskktnd","previousOperationId":"45n0xcbyntnympn"}
{"type":"log","timestamp":1759863195397,"level":"debug","message":"Page request finished: GET (document) 200 file:///tmp/jsreport/autocleanup/ae290251-921b-4ad8-a2b2-5865d6f80c28-chrome-pdf.html","meta":{"rootId":"xi5iyn16j2lbqvu","id":"xi5iyn16j2lbqvu"},"id":"e4pvtxti1nis4rd","previousOperationId":"45n0xcbyntnympn"}
{"type":"log","timestamp":1759863195446,"level":"debug","message":"Running chrome with params {\"printBackground\":true,\"timeout\":59937,\"margin\":{}}","meta":{"rootId":"xi5iyn16j2lbqvu","id":"xi5iyn16j2lbqvu"},"id":"solm3vcp4jjl44q","previousOperationId":"45n0xcbyntnympn"}
{"type":"operationEnd","operationId":"45n0xcbyntnympn","timestamp":1759863195539,"id":"r3jhip1s52cbnb4","previousEventId":"cigpnpy7ysr6y0w","previousOperationId":"45n0xcbyntnympn"}
{"type":"log","timestamp":1759863195539,"level":"debug","message":"Skipping storing report.","meta":{"rootId":"xi5iyn16j2lbqvu","id":"xi5iyn16j2lbqvu"},"id":"fiyubhglpio94x0","previousOperationId":"45n0xcbyntnympn"}
{"type":"log","timestamp":1759863195539,"level":"info","message":"Rendering request 4 finished in 292 ms","meta":{"rootId":"xi5iyn16j2lbqvu","id":"xi5iyn16j2lbqvu"},"id":"gulebnskqmnz7xd","previousOperationId":"45n0xcbyntnympn"}
{"type":"operationEnd","subtype":"render","operationId":"lhv450m3xerh79f","timestamp":1759863195539,"id":"4f672n5g4zallvo","previousEventId":"r3jhip1s52cbnb4","previousOperationId":"45n0xcbyntnympn"}
{"type":"operationEnd","doDiffs":false,"previousEventId":"1yhxv7iatgdn1fl","previousOperationId":"zp0mpkv23lj7zue","operationId":"zp0mpkv23lj7zue","timestamp":1759863195542,"id":"k6d8rt5hvjttgso"}
