{"type":"operationStart","subtype":"profile","data":{"_id":"Fh7EyNluMopKxmgG","timestamp":"2025-10-08T01:13:45.171Z","state":"queued","mode":"standard","creationDate":"2025-10-08T01:13:45.174Z","modificationDate":"2025-10-08T01:13:45.174Z","shortid":"T3MKAaw","$entitySet":"profiles"},"doDiffs":false,"timestamp":1759886025173,"id":"cf1isrs8tagg1h4","previousOperationId":null,"operationId":"h2w73c5qc5fc3e1"}
{"type":"log","level":"info","message":"Render request 16 queued for execution and waiting for available worker","previousOperationId":"h2w73c5qc5fc3e1","timestamp":1759886025173,"id":"sujbuzbws63cccj"}
{"type":"operationStart","subtype":"render","name":"report-royalt-person","previousOperationId":"h2w73c5qc5fc3e1","timestamp":1759886025182,"id":"n44svgq8odrwipj","previousEventId":"cf1isrs8tagg1h4","operationId":"l97g81rak0s7dfj"}
{"type":"log","timestamp":1759886025182,"level":"info","message":"Starting rendering request 16","meta":{"rootId":"yqj412svthtrpy2","id":"yqj412svthtrpy2"},"id":"gcshp4bpq7ao675","previousOperationId":"l97g81rak0s7dfj"}
{"type":"log","timestamp":1759886025182,"level":"info","message":"Rendering template { name: report-royalt-person, recipe: chrome-pdf, engine: jsrender, preview: false }","meta":{"rootId":"yqj412svthtrpy2","id":"yqj412svthtrpy2"},"id":"r0fhmnnm5dkgslb","previousOperationId":"l97g81rak0s7dfj"}
{"type":"log","timestamp":1759886025182,"level":"debug","message":"Inline data specified.","meta":{"rootId":"yqj412svthtrpy2","id":"yqj412svthtrpy2"},"id":"ggb278eet92x8yx","previousOperationId":"l97g81rak0s7dfj"}
{"type":"log","timestamp":1759886025184,"level":"debug","message":"Base url not specified, skipping its injection.","meta":{"rootId":"yqj412svthtrpy2","id":"yqj412svthtrpy2"},"id":"zhnflw3vag7fs9w","previousOperationId":"l97g81rak0s7dfj"}
{"type":"operationStart","subtype":"engine","name":"jsrender","timestamp":1759886025184,"id":"vhfl4xpx0gacd23","previousEventId":"n44svgq8odrwipj","operationId":"sqjpxc8wt6qx9y6","previousOperationId":"l97g81rak0s7dfj"}
{"type":"log","timestamp":1759886025184,"level":"debug","message":"Rendering engine jsrender","meta":{"rootId":"yqj412svthtrpy2","id":"yqj412svthtrpy2"},"id":"lpdu03jyafhhmfz","previousOperationId":"sqjpxc8wt6qx9y6"}
{"type":"operationEnd","operationId":"sqjpxc8wt6qx9y6","timestamp":1759886025197,"id":"zglg0wlsae1np5d","previousEventId":"vhfl4xpx0gacd23","previousOperationId":"sqjpxc8wt6qx9y6"}
{"type":"operationStart","subtype":"recipe","name":"chrome-pdf","timestamp":1759886025198,"id":"5nvsiawfvqw65hf","previousEventId":"zglg0wlsae1np5d","operationId":"m714t60nznhe0sx","previousOperationId":"sqjpxc8wt6qx9y6"}
{"type":"log","timestamp":1759886025198,"level":"debug","message":"Executing recipe chrome-pdf","meta":{"rootId":"yqj412svthtrpy2","id":"yqj412svthtrpy2"},"id":"trcoz8jhn7s01op","previousOperationId":"m714t60nznhe0sx"}
{"type":"log","timestamp":1759886025201,"level":"debug","message":"Converting with chrome Chrome/136.0.7103.49 using chrome-pool strategy","meta":{"rootId":"yqj412svthtrpy2","id":"yqj412svthtrpy2"},"id":"y92e5ccfl9otirl","previousOperationId":"m714t60nznhe0sx"}
{"type":"log","timestamp":1759886025253,"level":"debug","message":"Page request: GET (document) file:///tmp/jsreport/autocleanup/212d3b61-619d-46d1-be1b-faa7abb00530-chrome-pdf.html","meta":{"rootId":"yqj412svthtrpy2","id":"yqj412svthtrpy2"},"id":"3fmy6216v05mk59","previousOperationId":"m714t60nznhe0sx"}
{"type":"log","timestamp":1759886025268,"level":"debug","message":"Page request finished: GET (document) 200 file:///tmp/jsreport/autocleanup/212d3b61-619d-46d1-be1b-faa7abb00530-chrome-pdf.html","meta":{"rootId":"yqj412svthtrpy2","id":"yqj412svthtrpy2"},"id":"s5qlidv2vl07mj5","previousOperationId":"m714t60nznhe0sx"}
{"type":"log","timestamp":1759886025287,"level":"debug","message":"Running chrome with params {\"printBackground\":true,\"timeout\":59971,\"margin\":{}}","meta":{"rootId":"yqj412svthtrpy2","id":"yqj412svthtrpy2"},"id":"h2zcaduf2re9fvt","previousOperationId":"m714t60nznhe0sx"}
{"type":"operationEnd","operationId":"m714t60nznhe0sx","timestamp":1759886025362,"id":"02mp2cevf82jden","previousEventId":"5nvsiawfvqw65hf","previousOperationId":"m714t60nznhe0sx"}
{"type":"log","timestamp":1759886025362,"level":"debug","message":"Skipping storing report.","meta":{"rootId":"yqj412svthtrpy2","id":"yqj412svthtrpy2"},"id":"ww2o5gmjwpnn01v","previousOperationId":"m714t60nznhe0sx"}
{"type":"log","timestamp":1759886025362,"level":"info","message":"Rendering request 16 finished in 191 ms","meta":{"rootId":"yqj412svthtrpy2","id":"yqj412svthtrpy2"},"id":"vqxfwmbjiwumpow","previousOperationId":"m714t60nznhe0sx"}
{"type":"operationEnd","subtype":"render","operationId":"l97g81rak0s7dfj","timestamp":1759886025362,"id":"i9jrr17w7q15bxm","previousEventId":"02mp2cevf82jden","previousOperationId":"m714t60nznhe0sx"}
{"type":"operationEnd","doDiffs":false,"previousEventId":"cf1isrs8tagg1h4","previousOperationId":"h2w73c5qc5fc3e1","operationId":"h2w73c5qc5fc3e1","timestamp":1759886025364,"id":"tu8xipskvflbtlw"}
