{"type":"operationStart","subtype":"profile","data":{"_id":"N7bsgCB5iqdbRTyb","timestamp":"2025-10-08T16:09:22.815Z","state":"queued","mode":"standard","creationDate":"2025-10-08T16:09:22.816Z","modificationDate":"2025-10-08T16:09:22.816Z","shortid":"rGtiljH","$entitySet":"profiles"},"doDiffs":false,"timestamp":1759939762815,"id":"zm5xqsco9m6nw5p","previousOperationId":null,"operationId":"2qnczvswimiqg8c"}
{"type":"log","level":"info","message":"Render request 14 queued for execution and waiting for available worker","previousOperationId":"2qnczvswimiqg8c","timestamp":1759939762815,"id":"zmvfvh1y2u16a3c"}
{"type":"operationStart","subtype":"render","name":"report-royalt-bellow","previousOperationId":"2qnczvswimiqg8c","timestamp":1759939762822,"id":"lc1rx3r35amgg07","previousEventId":"zm5xqsco9m6nw5p","operationId":"fqnc6oj8jmrbz2v"}
{"type":"log","timestamp":1759939762822,"level":"info","message":"Starting rendering request 14","meta":{"rootId":"1it7y98x2mqx1gy","id":"1it7y98x2mqx1gy"},"id":"izimpbnswu1gm0l","previousOperationId":"fqnc6oj8jmrbz2v"}
{"type":"log","timestamp":1759939762822,"level":"info","message":"Rendering template { name: report-royalt-bellow, recipe: chrome-pdf, engine: jsrender, preview: false }","meta":{"rootId":"1it7y98x2mqx1gy","id":"1it7y98x2mqx1gy"},"id":"u61q1t6lvyhr932","previousOperationId":"fqnc6oj8jmrbz2v"}
{"type":"log","timestamp":1759939762822,"level":"debug","message":"Inline data specified.","meta":{"rootId":"1it7y98x2mqx1gy","id":"1it7y98x2mqx1gy"},"id":"cf455q6qmskegl3","previousOperationId":"fqnc6oj8jmrbz2v"}
{"type":"log","timestamp":1759939762823,"level":"debug","message":"Base url not specified, skipping its injection.","meta":{"rootId":"1it7y98x2mqx1gy","id":"1it7y98x2mqx1gy"},"id":"ftpe7y89if9nqhp","previousOperationId":"fqnc6oj8jmrbz2v"}
{"type":"operationStart","subtype":"engine","name":"jsrender","timestamp":1759939762824,"id":"zaoajmgqpkykpxn","previousEventId":"lc1rx3r35amgg07","operationId":"vut9r8nkf83cshx","previousOperationId":"fqnc6oj8jmrbz2v"}
{"type":"log","timestamp":1759939762824,"level":"debug","message":"Rendering engine jsrender","meta":{"rootId":"1it7y98x2mqx1gy","id":"1it7y98x2mqx1gy"},"id":"xkqkeesf6m1zjph","previousOperationId":"vut9r8nkf83cshx"}
{"type":"operationEnd","operationId":"vut9r8nkf83cshx","timestamp":1759939762833,"id":"tzp8rtife8rif8i","previousEventId":"zaoajmgqpkykpxn","previousOperationId":"vut9r8nkf83cshx"}
{"type":"operationStart","subtype":"recipe","name":"chrome-pdf","timestamp":1759939762834,"id":"ppjwjmw5z41htpn","previousEventId":"tzp8rtife8rif8i","operationId":"enynjsmpxywlk4d","previousOperationId":"vut9r8nkf83cshx"}
{"type":"log","timestamp":1759939762834,"level":"debug","message":"Executing recipe chrome-pdf","meta":{"rootId":"1it7y98x2mqx1gy","id":"1it7y98x2mqx1gy"},"id":"bo9223wavmo1nw7","previousOperationId":"enynjsmpxywlk4d"}
{"type":"log","timestamp":1759939762837,"level":"debug","message":"Converting with chrome Chrome/136.0.7103.49 using chrome-pool strategy","meta":{"rootId":"1it7y98x2mqx1gy","id":"1it7y98x2mqx1gy"},"id":"518nlkw1jk1fovj","previousOperationId":"enynjsmpxywlk4d"}
{"type":"log","timestamp":1759939762887,"level":"debug","message":"Page request: GET (document) file:///tmp/jsreport/autocleanup/f7a178e8-d3a0-4922-9936-85959d496485-chrome-pdf.html","meta":{"rootId":"1it7y98x2mqx1gy","id":"1it7y98x2mqx1gy"},"id":"0v28x02erp8viyi","previousOperationId":"enynjsmpxywlk4d"}
{"type":"log","timestamp":1759939762905,"level":"debug","message":"Page request finished: GET (document) 200 file:///tmp/jsreport/autocleanup/f7a178e8-d3a0-4922-9936-85959d496485-chrome-pdf.html","meta":{"rootId":"1it7y98x2mqx1gy","id":"1it7y98x2mqx1gy"},"id":"dirkig6nid6r6r8","previousOperationId":"enynjsmpxywlk4d"}
{"type":"log","timestamp":1759939762927,"level":"debug","message":"Running chrome with params {\"printBackground\":true,\"timeout\":59979,\"margin\":{}}","meta":{"rootId":"1it7y98x2mqx1gy","id":"1it7y98x2mqx1gy"},"id":"txgo8w4dk6oq2y0","previousOperationId":"enynjsmpxywlk4d"}
{"type":"operationEnd","operationId":"enynjsmpxywlk4d","timestamp":1759939763007,"id":"o0c5ous4h9jhwtr","previousEventId":"ppjwjmw5z41htpn","previousOperationId":"enynjsmpxywlk4d"}
{"type":"log","timestamp":1759939763007,"level":"debug","message":"Skipping storing report.","meta":{"rootId":"1it7y98x2mqx1gy","id":"1it7y98x2mqx1gy"},"id":"945ivc495ltcx7v","previousOperationId":"enynjsmpxywlk4d"}
{"type":"log","timestamp":1759939763007,"level":"info","message":"Rendering request 14 finished in 193 ms","meta":{"rootId":"1it7y98x2mqx1gy","id":"1it7y98x2mqx1gy"},"id":"twpfv449gmkyb11","previousOperationId":"enynjsmpxywlk4d"}
{"type":"operationEnd","subtype":"render","operationId":"fqnc6oj8jmrbz2v","timestamp":1759939763007,"id":"c03tuvekz0qhaax","previousEventId":"o0c5ous4h9jhwtr","previousOperationId":"enynjsmpxywlk4d"}
{"type":"operationEnd","doDiffs":false,"previousEventId":"zm5xqsco9m6nw5p","previousOperationId":"2qnczvswimiqg8c","operationId":"2qnczvswimiqg8c","timestamp":1759939763009,"id":"f4m7i5qxxi2vhdi"}
