{"type":"operationStart","subtype":"profile","data":{"_id":"cKrEdSknsocUlYpr","timestamp":"2025-10-08T16:03:19.603Z","state":"queued","mode":"standard","creationDate":"2025-10-08T16:03:19.605Z","modificationDate":"2025-10-08T16:03:19.605Z","shortid":"WdaJJvu","$entitySet":"profiles"},"doDiffs":false,"timestamp":1759939399604,"id":"q6cglcjf3lgbh0m","previousOperationId":null,"operationId":"v4safsb4d4hwh9x"}
{"type":"log","level":"info","message":"Render request 12 queued for execution and waiting for available worker","previousOperationId":"v4safsb4d4hwh9x","timestamp":1759939399604,"id":"372xfq5u1og4op3"}
{"type":"operationStart","subtype":"render","name":"report-royalt-bellow","previousOperationId":"v4safsb4d4hwh9x","timestamp":1759939399624,"id":"vh3m2579c3f2dco","previousEventId":"q6cglcjf3lgbh0m","operationId":"30afm9pymx38c0i"}
{"type":"log","timestamp":1759939399624,"level":"info","message":"Starting rendering request 12","meta":{"rootId":"3ido7rwtsj0pwl9","id":"3ido7rwtsj0pwl9"},"id":"64i84jtbcd14o36","previousOperationId":"30afm9pymx38c0i"}
{"type":"log","timestamp":1759939399624,"level":"info","message":"Rendering template { name: report-royalt-bellow, recipe: chrome-pdf, engine: jsrender, preview: false }","meta":{"rootId":"3ido7rwtsj0pwl9","id":"3ido7rwtsj0pwl9"},"id":"v4e4q3oitnoq4jh","previousOperationId":"30afm9pymx38c0i"}
{"type":"log","timestamp":1759939399624,"level":"debug","message":"Inline data specified.","meta":{"rootId":"3ido7rwtsj0pwl9","id":"3ido7rwtsj0pwl9"},"id":"ca0xiqri10jfu3f","previousOperationId":"30afm9pymx38c0i"}
{"type":"log","timestamp":1759939399625,"level":"debug","message":"Base url not specified, skipping its injection.","meta":{"rootId":"3ido7rwtsj0pwl9","id":"3ido7rwtsj0pwl9"},"id":"zffxxi2lka3yaeq","previousOperationId":"30afm9pymx38c0i"}
{"type":"operationStart","subtype":"engine","name":"jsrender","timestamp":1759939399626,"id":"wdcozykzitw3cc5","previousEventId":"vh3m2579c3f2dco","operationId":"5yqn0y4fhvwzclq","previousOperationId":"30afm9pymx38c0i"}
{"type":"log","timestamp":1759939399626,"level":"debug","message":"Rendering engine jsrender","meta":{"rootId":"3ido7rwtsj0pwl9","id":"3ido7rwtsj0pwl9"},"id":"d5ukwr7o3iafx7e","previousOperationId":"5yqn0y4fhvwzclq"}
{"type":"operationEnd","operationId":"5yqn0y4fhvwzclq","timestamp":1759939399640,"id":"8ommzflj7d36ibm","previousEventId":"wdcozykzitw3cc5","previousOperationId":"5yqn0y4fhvwzclq"}
{"type":"operationStart","subtype":"recipe","name":"chrome-pdf","timestamp":1759939399640,"id":"tldmbalwkrmuw0v","previousEventId":"8ommzflj7d36ibm","operationId":"ga98o4qgnt44u54","previousOperationId":"5yqn0y4fhvwzclq"}
{"type":"log","timestamp":1759939399640,"level":"debug","message":"Executing recipe chrome-pdf","meta":{"rootId":"3ido7rwtsj0pwl9","id":"3ido7rwtsj0pwl9"},"id":"75dhtywku39eq0c","previousOperationId":"ga98o4qgnt44u54"}
{"type":"log","timestamp":1759939399643,"level":"debug","message":"Converting with chrome Chrome/136.0.7103.49 using chrome-pool strategy","meta":{"rootId":"3ido7rwtsj0pwl9","id":"3ido7rwtsj0pwl9"},"id":"hqvamdrabt9k9ti","previousOperationId":"ga98o4qgnt44u54"}
{"type":"log","timestamp":1759939399698,"level":"debug","message":"Page request: GET (document) file:///tmp/jsreport/autocleanup/e84ec5f6-2143-4201-a693-2f5729350754-chrome-pdf.html","meta":{"rootId":"3ido7rwtsj0pwl9","id":"3ido7rwtsj0pwl9"},"id":"wfopp0vkzxm6vnp","previousOperationId":"ga98o4qgnt44u54"}
{"type":"log","timestamp":1759939399714,"level":"debug","message":"Page request finished: GET (document) 200 file:///tmp/jsreport/autocleanup/e84ec5f6-2143-4201-a693-2f5729350754-chrome-pdf.html","meta":{"rootId":"3ido7rwtsj0pwl9","id":"3ido7rwtsj0pwl9"},"id":"ri5agrmscyt7p7y","previousOperationId":"ga98o4qgnt44u54"}
{"type":"log","timestamp":1759939399730,"level":"debug","message":"Running chrome with params {\"printBackground\":true,\"timeout\":59961,\"margin\":{}}","meta":{"rootId":"3ido7rwtsj0pwl9","id":"3ido7rwtsj0pwl9"},"id":"d17jr51mcikd6kn","previousOperationId":"ga98o4qgnt44u54"}
{"type":"operationEnd","operationId":"ga98o4qgnt44u54","timestamp":1759939399807,"id":"a3gf7oo8cuha5cg","previousEventId":"tldmbalwkrmuw0v","previousOperationId":"ga98o4qgnt44u54"}
{"type":"log","timestamp":1759939399807,"level":"debug","message":"Skipping storing report.","meta":{"rootId":"3ido7rwtsj0pwl9","id":"3ido7rwtsj0pwl9"},"id":"50rt1e2iy16sntk","previousOperationId":"ga98o4qgnt44u54"}
{"type":"log","timestamp":1759939399807,"level":"info","message":"Rendering request 12 finished in 204 ms","meta":{"rootId":"3ido7rwtsj0pwl9","id":"3ido7rwtsj0pwl9"},"id":"ehhkwf8gxm7pcaq","previousOperationId":"ga98o4qgnt44u54"}
{"type":"operationEnd","subtype":"render","operationId":"30afm9pymx38c0i","timestamp":1759939399807,"id":"k0ebd7hrfc5o38o","previousEventId":"a3gf7oo8cuha5cg","previousOperationId":"ga98o4qgnt44u54"}
{"type":"operationEnd","doDiffs":false,"previousEventId":"q6cglcjf3lgbh0m","previousOperationId":"v4safsb4d4hwh9x","operationId":"v4safsb4d4hwh9x","timestamp":1759939399810,"id":"zmjn8jedvf4lwtr"}
