{"type":"operationStart","subtype":"profile","data":{"_id":"91EQTJ33UUp1Z4V6","timestamp":"2025-10-08T16:06:44.404Z","state":"queued","mode":"standard","creationDate":"2025-10-08T16:06:44.405Z","modificationDate":"2025-10-08T16:06:44.405Z","shortid":"lL0GNjb","$entitySet":"profiles"},"doDiffs":false,"timestamp":1759939604404,"id":"f37xx86m36h2caj","previousOperationId":null,"operationId":"e498hv31dke0syq"}
{"type":"log","level":"info","message":"Render request 13 queued for execution and waiting for available worker","previousOperationId":"e498hv31dke0syq","timestamp":1759939604404,"id":"pen1ht5vio25rks"}
{"type":"operationStart","subtype":"render","name":"report-royalt-bellow","previousOperationId":"e498hv31dke0syq","timestamp":1759939604422,"id":"3fem5lh1ymi0gzd","previousEventId":"f37xx86m36h2caj","operationId":"dmqo5wxw483swd9"}
{"type":"log","timestamp":1759939604422,"level":"info","message":"Starting rendering request 13","meta":{"rootId":"44aml9dc6i9ro1y","id":"44aml9dc6i9ro1y"},"id":"rr4zdyjvadffkqk","previousOperationId":"dmqo5wxw483swd9"}
{"type":"log","timestamp":1759939604422,"level":"info","message":"Rendering template { name: report-royalt-bellow, recipe: chrome-pdf, engine: jsrender, preview: false }","meta":{"rootId":"44aml9dc6i9ro1y","id":"44aml9dc6i9ro1y"},"id":"87bnrefihdfieb3","previousOperationId":"dmqo5wxw483swd9"}
{"type":"log","timestamp":1759939604422,"level":"debug","message":"Inline data specified.","meta":{"rootId":"44aml9dc6i9ro1y","id":"44aml9dc6i9ro1y"},"id":"jx3wfarhjcm5hst","previousOperationId":"dmqo5wxw483swd9"}
{"type":"log","timestamp":1759939604424,"level":"debug","message":"Base url not specified, skipping its injection.","meta":{"rootId":"44aml9dc6i9ro1y","id":"44aml9dc6i9ro1y"},"id":"vs94fqkrpszi13d","previousOperationId":"dmqo5wxw483swd9"}
{"type":"operationStart","subtype":"engine","name":"jsrender","timestamp":1759939604424,"id":"pl6sze6qxkytt8r","previousEventId":"3fem5lh1ymi0gzd","operationId":"xesrqwcaf6pj5ep","previousOperationId":"dmqo5wxw483swd9"}
{"type":"log","timestamp":1759939604424,"level":"debug","message":"Rendering engine jsrender","meta":{"rootId":"44aml9dc6i9ro1y","id":"44aml9dc6i9ro1y"},"id":"hpdymwga3qhyglq","previousOperationId":"xesrqwcaf6pj5ep"}
{"type":"operationEnd","operationId":"xesrqwcaf6pj5ep","timestamp":1759939604441,"id":"h20rb7wgacogubm","previousEventId":"pl6sze6qxkytt8r","previousOperationId":"xesrqwcaf6pj5ep"}
{"type":"operationStart","subtype":"recipe","name":"chrome-pdf","timestamp":1759939604442,"id":"gw7k78y9qczzo3h","previousEventId":"h20rb7wgacogubm","operationId":"rf3jo6qy7q3cgyz","previousOperationId":"xesrqwcaf6pj5ep"}
{"type":"log","timestamp":1759939604442,"level":"debug","message":"Executing recipe chrome-pdf","meta":{"rootId":"44aml9dc6i9ro1y","id":"44aml9dc6i9ro1y"},"id":"u9h16cwfw1y5s57","previousOperationId":"rf3jo6qy7q3cgyz"}
{"type":"log","timestamp":1759939604445,"level":"debug","message":"Converting with chrome Chrome/136.0.7103.49 using chrome-pool strategy","meta":{"rootId":"44aml9dc6i9ro1y","id":"44aml9dc6i9ro1y"},"id":"0f16iclbyfbyua9","previousOperationId":"rf3jo6qy7q3cgyz"}
{"type":"log","timestamp":1759939604496,"level":"debug","message":"Page request: GET (document) file:///tmp/jsreport/autocleanup/fafacb38-7c8e-41ef-b74e-d58a86a6629e-chrome-pdf.html","meta":{"rootId":"44aml9dc6i9ro1y","id":"44aml9dc6i9ro1y"},"id":"0re1n9xf466b33p","previousOperationId":"rf3jo6qy7q3cgyz"}
{"type":"log","timestamp":1759939604512,"level":"debug","message":"Page request finished: GET (document) 200 file:///tmp/jsreport/autocleanup/fafacb38-7c8e-41ef-b74e-d58a86a6629e-chrome-pdf.html","meta":{"rootId":"44aml9dc6i9ro1y","id":"44aml9dc6i9ro1y"},"id":"jb9dt22feyvop6z","previousOperationId":"rf3jo6qy7q3cgyz"}
{"type":"log","timestamp":1759939604534,"level":"debug","message":"Running chrome with params {\"printBackground\":true,\"timeout\":59960,\"margin\":{}}","meta":{"rootId":"44aml9dc6i9ro1y","id":"44aml9dc6i9ro1y"},"id":"h3mo738ax565xke","previousOperationId":"rf3jo6qy7q3cgyz"}
{"type":"operationEnd","operationId":"rf3jo6qy7q3cgyz","timestamp":1759939604615,"id":"xnz28zd1fzrr48w","previousEventId":"gw7k78y9qczzo3h","previousOperationId":"rf3jo6qy7q3cgyz"}
{"type":"log","timestamp":1759939604615,"level":"debug","message":"Skipping storing report.","meta":{"rootId":"44aml9dc6i9ro1y","id":"44aml9dc6i9ro1y"},"id":"lv5v2eknxzydej8","previousOperationId":"rf3jo6qy7q3cgyz"}
{"type":"log","timestamp":1759939604615,"level":"info","message":"Rendering request 13 finished in 212 ms","meta":{"rootId":"44aml9dc6i9ro1y","id":"44aml9dc6i9ro1y"},"id":"6a5bs54md06yk92","previousOperationId":"rf3jo6qy7q3cgyz"}
{"type":"operationEnd","subtype":"render","operationId":"dmqo5wxw483swd9","timestamp":1759939604615,"id":"7wylayfcbw0wvap","previousEventId":"xnz28zd1fzrr48w","previousOperationId":"rf3jo6qy7q3cgyz"}
{"type":"operationEnd","doDiffs":false,"previousEventId":"f37xx86m36h2caj","previousOperationId":"e498hv31dke0syq","operationId":"e498hv31dke0syq","timestamp":1759939604617,"id":"k3lyze106dwz474"}
