{"type":"operationStart","subtype":"profile","data":{"_id":"dzb9Tkfs4VSTeeVx","timestamp":"2025-10-08T15:54:42.380Z","state":"queued","mode":"standard","creationDate":"2025-10-08T15:54:42.382Z","modificationDate":"2025-10-08T15:54:42.382Z","shortid":"XIpccxT","$entitySet":"profiles"},"doDiffs":false,"timestamp":1759938882382,"id":"qjtnbb5kryfn5dk","previousOperationId":null,"operationId":"cl9i61bxfw4yex6"}
{"type":"log","level":"info","message":"Render request 9 queued for execution and waiting for available worker","previousOperationId":"cl9i61bxfw4yex6","timestamp":1759938882382,"id":"x94w37syrqfxmbk"}
{"type":"operationStart","subtype":"render","name":"report-royalt-bellow","previousOperationId":"cl9i61bxfw4yex6","timestamp":1759938882399,"id":"cjuet6rp87b72s4","previousEventId":"qjtnbb5kryfn5dk","operationId":"yknpl4ftna2jka4"}
{"type":"log","timestamp":1759938882400,"level":"info","message":"Starting rendering request 9","meta":{"rootId":"4m8efu12pucvogs","id":"4m8efu12pucvogs"},"id":"ap9ys1qp9fi0eyu","previousOperationId":"yknpl4ftna2jka4"}
{"type":"log","timestamp":1759938882400,"level":"info","message":"Rendering template { name: report-royalt-bellow, recipe: chrome-pdf, engine: jsrender, preview: false }","meta":{"rootId":"4m8efu12pucvogs","id":"4m8efu12pucvogs"},"id":"mjushdhemfiq1m6","previousOperationId":"yknpl4ftna2jka4"}
{"type":"log","timestamp":1759938882400,"level":"debug","message":"Inline data specified.","meta":{"rootId":"4m8efu12pucvogs","id":"4m8efu12pucvogs"},"id":"r9ae0sj7nctj7gt","previousOperationId":"yknpl4ftna2jka4"}
{"type":"log","timestamp":1759938882401,"level":"debug","message":"Base url not specified, skipping its injection.","meta":{"rootId":"4m8efu12pucvogs","id":"4m8efu12pucvogs"},"id":"hh3j53pkbr5k6jp","previousOperationId":"yknpl4ftna2jka4"}
{"type":"operationStart","subtype":"engine","name":"jsrender","timestamp":1759938882402,"id":"qo6lo5x6zqkoea8","previousEventId":"cjuet6rp87b72s4","operationId":"2wrslv0jxyvjty5","previousOperationId":"yknpl4ftna2jka4"}
{"type":"log","timestamp":1759938882402,"level":"debug","message":"Rendering engine jsrender","meta":{"rootId":"4m8efu12pucvogs","id":"4m8efu12pucvogs"},"id":"pl4j9rbz3nuaca3","previousOperationId":"2wrslv0jxyvjty5"}
{"type":"operationEnd","operationId":"2wrslv0jxyvjty5","timestamp":1759938882410,"id":"2t1cgxp6xu34uce","previousEventId":"qo6lo5x6zqkoea8","previousOperationId":"2wrslv0jxyvjty5"}
{"type":"operationStart","subtype":"recipe","name":"chrome-pdf","timestamp":1759938882411,"id":"sj8wq222r9k3xn6","previousEventId":"2t1cgxp6xu34uce","operationId":"mjadzwf4i9vwzgl","previousOperationId":"2wrslv0jxyvjty5"}
{"type":"log","timestamp":1759938882411,"level":"debug","message":"Executing recipe chrome-pdf","meta":{"rootId":"4m8efu12pucvogs","id":"4m8efu12pucvogs"},"id":"ihmogebds66ixvu","previousOperationId":"mjadzwf4i9vwzgl"}
{"type":"log","timestamp":1759938882413,"level":"debug","message":"Converting with chrome Chrome/136.0.7103.49 using chrome-pool strategy","meta":{"rootId":"4m8efu12pucvogs","id":"4m8efu12pucvogs"},"id":"ih86ee2qagqy6ka","previousOperationId":"mjadzwf4i9vwzgl"}
{"type":"log","timestamp":1759938882463,"level":"debug","message":"Page request: GET (document) file:///tmp/jsreport/autocleanup/e059bfca-857d-4717-b08e-241353706b4d-chrome-pdf.html","meta":{"rootId":"4m8efu12pucvogs","id":"4m8efu12pucvogs"},"id":"unwvx2u49irbes0","previousOperationId":"mjadzwf4i9vwzgl"}
{"type":"log","timestamp":1759938882480,"level":"debug","message":"Page request finished: GET (document) 200 file:///tmp/jsreport/autocleanup/e059bfca-857d-4717-b08e-241353706b4d-chrome-pdf.html","meta":{"rootId":"4m8efu12pucvogs","id":"4m8efu12pucvogs"},"id":"bw96xnaietjqfxy","previousOperationId":"mjadzwf4i9vwzgl"}
{"type":"log","timestamp":1759938882501,"level":"debug","message":"Running chrome with params {\"printBackground\":true,\"timeout\":59968,\"margin\":{}}","meta":{"rootId":"4m8efu12pucvogs","id":"4m8efu12pucvogs"},"id":"p38znmxl2wpuo5p","previousOperationId":"mjadzwf4i9vwzgl"}
{"type":"operationEnd","operationId":"mjadzwf4i9vwzgl","timestamp":1759938882582,"id":"3or2wsnq9bxxb8x","previousEventId":"sj8wq222r9k3xn6","previousOperationId":"mjadzwf4i9vwzgl"}
{"type":"log","timestamp":1759938882582,"level":"debug","message":"Skipping storing report.","meta":{"rootId":"4m8efu12pucvogs","id":"4m8efu12pucvogs"},"id":"0hbjw6rs78y44p8","previousOperationId":"mjadzwf4i9vwzgl"}
{"type":"log","timestamp":1759938882582,"level":"info","message":"Rendering request 9 finished in 202 ms","meta":{"rootId":"4m8efu12pucvogs","id":"4m8efu12pucvogs"},"id":"vgau200oylwup11","previousOperationId":"mjadzwf4i9vwzgl"}
{"type":"operationEnd","subtype":"render","operationId":"yknpl4ftna2jka4","timestamp":1759938882582,"id":"a0e95smo6qc8ktr","previousEventId":"3or2wsnq9bxxb8x","previousOperationId":"mjadzwf4i9vwzgl"}
{"type":"operationEnd","doDiffs":false,"previousEventId":"qjtnbb5kryfn5dk","previousOperationId":"cl9i61bxfw4yex6","operationId":"cl9i61bxfw4yex6","timestamp":1759938882584,"id":"xk2oeovhs93cqs0"}
