{"type":"operationStart","subtype":"profile","data":{"_id":"Zht8Frur9GP393DI","timestamp":"2025-10-08T15:15:03.632Z","state":"queued","mode":"standard","creationDate":"2025-10-08T15:15:03.636Z","modificationDate":"2025-10-08T15:15:03.636Z","shortid":"V5ux-ks","$entitySet":"profiles"},"doDiffs":false,"timestamp":1759936503634,"id":"lxs7m646wf6w34y","previousOperationId":null,"operationId":"26s4pwwptnucne1"}
{"type":"log","level":"info","message":"Render request 1 queued for execution and waiting for available worker","previousOperationId":"26s4pwwptnucne1","timestamp":1759936503635,"id":"dnrlnhl7d4u9730"}
{"type":"operationStart","subtype":"render","name":"report-royalt-bellow","previousOperationId":"26s4pwwptnucne1","timestamp":1759936503660,"id":"bep28gkbx0eka2e","previousEventId":"lxs7m646wf6w34y","operationId":"xrrr0b78ren0kw7"}
{"type":"log","timestamp":1759936503662,"level":"info","message":"Starting rendering request 1","meta":{"rootId":"epwcayxsc17sdyz","id":"epwcayxsc17sdyz"},"id":"14rwcah28cc2wzu","previousOperationId":"xrrr0b78ren0kw7"}
{"type":"log","timestamp":1759936503663,"level":"info","message":"Rendering template { name: report-royalt-bellow, recipe: chrome-pdf, engine: jsrender, preview: true }","meta":{"rootId":"epwcayxsc17sdyz","id":"epwcayxsc17sdyz"},"id":"peckcpzri7im70k","previousOperationId":"xrrr0b78ren0kw7"}
{"type":"log","timestamp":1759936503664,"level":"debug","message":"Inline data specified.","meta":{"rootId":"epwcayxsc17sdyz","id":"epwcayxsc17sdyz"},"id":"ibo12sq9wet1l2i","previousOperationId":"xrrr0b78ren0kw7"}
{"type":"log","timestamp":1759936503668,"level":"debug","message":"Base url not specified, skipping its injection.","meta":{"rootId":"epwcayxsc17sdyz","id":"epwcayxsc17sdyz"},"id":"eellea50np0ykxx","previousOperationId":"xrrr0b78ren0kw7"}
{"type":"operationStart","subtype":"engine","name":"jsrender","timestamp":1759936503671,"id":"g9vn5ik7axux3de","previousEventId":"bep28gkbx0eka2e","operationId":"37hz4hr14u3ndem","previousOperationId":"xrrr0b78ren0kw7"}
{"type":"log","timestamp":1759936503671,"level":"debug","message":"Rendering engine jsrender","meta":{"rootId":"epwcayxsc17sdyz","id":"epwcayxsc17sdyz"},"id":"egfcckbez27kbmx","previousOperationId":"37hz4hr14u3ndem"}
{"type":"operationEnd","operationId":"37hz4hr14u3ndem","timestamp":1759936504190,"id":"ml6tfi3n1aal938","previousEventId":"g9vn5ik7axux3de","previousOperationId":"37hz4hr14u3ndem"}
{"type":"operationStart","subtype":"recipe","name":"chrome-pdf","timestamp":1759936504191,"id":"3k7ae0o2v3ec2zg","previousEventId":"ml6tfi3n1aal938","operationId":"sjgbhpu2zgnercz","previousOperationId":"37hz4hr14u3ndem"}
{"type":"log","timestamp":1759936504191,"level":"debug","message":"Executing recipe chrome-pdf","meta":{"rootId":"epwcayxsc17sdyz","id":"epwcayxsc17sdyz"},"id":"ygatbjsp6ten856","previousOperationId":"sjgbhpu2zgnercz"}
{"type":"log","timestamp":1759936504863,"level":"debug","message":"Converting with chrome Chrome/136.0.7103.49 using chrome-pool strategy","meta":{"rootId":"epwcayxsc17sdyz","id":"epwcayxsc17sdyz"},"id":"eouxjf9zv5o3flj","previousOperationId":"sjgbhpu2zgnercz"}
{"type":"log","timestamp":1759936504947,"level":"debug","message":"Page request: GET (document) file:///tmp/jsreport/autocleanup/326d4435-b5f0-4a14-9b86-7c2ecb0d45bd-chrome-pdf.html","meta":{"rootId":"epwcayxsc17sdyz","id":"epwcayxsc17sdyz"},"id":"3tj3z2pl2rcyo10","previousOperationId":"sjgbhpu2zgnercz"}
{"type":"log","timestamp":1759936504973,"level":"debug","message":"Page request finished: GET (document) 200 file:///tmp/jsreport/autocleanup/326d4435-b5f0-4a14-9b86-7c2ecb0d45bd-chrome-pdf.html","meta":{"rootId":"epwcayxsc17sdyz","id":"epwcayxsc17sdyz"},"id":"60vkvviekni44nm","previousOperationId":"sjgbhpu2zgnercz"}
{"type":"log","timestamp":1759936505033,"level":"debug","message":"Running chrome with params {\"printBackground\":true,\"timeout\":59432,\"margin\":{}}","meta":{"rootId":"epwcayxsc17sdyz","id":"epwcayxsc17sdyz"},"id":"svwnbbki4yz6tc0","previousOperationId":"sjgbhpu2zgnercz"}
{"type":"operationEnd","operationId":"sjgbhpu2zgnercz","timestamp":1759936505141,"id":"vo6u8a77t7bf1h1","previousEventId":"3k7ae0o2v3ec2zg","previousOperationId":"sjgbhpu2zgnercz"}
{"type":"log","timestamp":1759936505143,"level":"debug","message":"Skipping storing report.","meta":{"rootId":"epwcayxsc17sdyz","id":"epwcayxsc17sdyz"},"id":"hwnozugkla0jp3q","previousOperationId":"sjgbhpu2zgnercz"}
{"type":"log","timestamp":1759936505143,"level":"info","message":"Rendering request 1 finished in 1513 ms","meta":{"rootId":"epwcayxsc17sdyz","id":"epwcayxsc17sdyz"},"id":"qf2r7zzeyqfurfm","previousOperationId":"sjgbhpu2zgnercz"}
{"type":"operationEnd","subtype":"render","operationId":"xrrr0b78ren0kw7","timestamp":1759936505143,"id":"5ltwj0371lhzis1","previousEventId":"vo6u8a77t7bf1h1","previousOperationId":"sjgbhpu2zgnercz"}
{"type":"operationEnd","doDiffs":false,"previousEventId":"lxs7m646wf6w34y","previousOperationId":"26s4pwwptnucne1","operationId":"26s4pwwptnucne1","timestamp":1759936505148,"id":"vzgygs0bc653sug"}
