{"type":"operationStart","subtype":"profile","data":{"_id":"pk8zMfVkqNHmsaz4","timestamp":"2025-10-08T15:50:49.378Z","state":"queued","mode":"standard","creationDate":"2025-10-08T15:50:49.379Z","modificationDate":"2025-10-08T15:50:49.379Z","shortid":"LHikb8v","$entitySet":"profiles"},"doDiffs":false,"timestamp":1759938649379,"id":"e26017gvi2p9aty","previousOperationId":null,"operationId":"7y0cv0be56k2df8"}
{"type":"log","level":"info","message":"Render request 6 queued for execution and waiting for available worker","previousOperationId":"7y0cv0be56k2df8","timestamp":1759938649379,"id":"l6jll7r8ve3huqe"}
{"type":"operationStart","subtype":"render","name":"report-royalt-bellow","previousOperationId":"7y0cv0be56k2df8","timestamp":1759938649381,"id":"rdolafrre324ej2","previousEventId":"e26017gvi2p9aty","operationId":"97vbhxt94f7y5c0"}
{"type":"log","timestamp":1759938649381,"level":"info","message":"Starting rendering request 6","meta":{"rootId":"nadrz29fk3d7dxj","id":"nadrz29fk3d7dxj"},"id":"b9qrogt1nhzb9c8","previousOperationId":"97vbhxt94f7y5c0"}
{"type":"log","timestamp":1759938649381,"level":"info","message":"Rendering template { name: report-royalt-bellow, recipe: chrome-pdf, engine: jsrender, preview: false }","meta":{"rootId":"nadrz29fk3d7dxj","id":"nadrz29fk3d7dxj"},"id":"jmgwdr14d0c836b","previousOperationId":"97vbhxt94f7y5c0"}
{"type":"log","timestamp":1759938649381,"level":"debug","message":"Inline data specified.","meta":{"rootId":"nadrz29fk3d7dxj","id":"nadrz29fk3d7dxj"},"id":"glo8encear237nn","previousOperationId":"97vbhxt94f7y5c0"}
{"type":"log","timestamp":1759938649381,"level":"debug","message":"Base url not specified, skipping its injection.","meta":{"rootId":"nadrz29fk3d7dxj","id":"nadrz29fk3d7dxj"},"id":"wm5xng2o2mn77eg","previousOperationId":"97vbhxt94f7y5c0"}
{"type":"operationStart","subtype":"engine","name":"jsrender","timestamp":1759938649382,"id":"yipbc9e19wmt6h1","previousEventId":"rdolafrre324ej2","operationId":"b9qz1ah0ptb944w","previousOperationId":"97vbhxt94f7y5c0"}
{"type":"log","timestamp":1759938649382,"level":"debug","message":"Rendering engine jsrender","meta":{"rootId":"nadrz29fk3d7dxj","id":"nadrz29fk3d7dxj"},"id":"fcrttf14b072oh0","previousOperationId":"b9qz1ah0ptb944w"}
{"type":"operationEnd","operationId":"b9qz1ah0ptb944w","timestamp":1759938649387,"id":"q8rv4b3m9f7adu3","previousEventId":"yipbc9e19wmt6h1","previousOperationId":"b9qz1ah0ptb944w"}
{"type":"operationStart","subtype":"recipe","name":"chrome-pdf","timestamp":1759938649387,"id":"30xh8zs79bs3ea0","previousEventId":"q8rv4b3m9f7adu3","operationId":"1seeggoolgtq4ml","previousOperationId":"b9qz1ah0ptb944w"}
{"type":"log","timestamp":1759938649387,"level":"debug","message":"Executing recipe chrome-pdf","meta":{"rootId":"nadrz29fk3d7dxj","id":"nadrz29fk3d7dxj"},"id":"bxtmnv25e6oljau","previousOperationId":"1seeggoolgtq4ml"}
{"type":"log","timestamp":1759938649389,"level":"debug","message":"Converting with chrome Chrome/136.0.7103.49 using chrome-pool strategy","meta":{"rootId":"nadrz29fk3d7dxj","id":"nadrz29fk3d7dxj"},"id":"gm355ns99g0k83h","previousOperationId":"1seeggoolgtq4ml"}
{"type":"log","timestamp":1759938649408,"level":"debug","message":"Page request: GET (document) file:///tmp/jsreport/autocleanup/27a6281a-272c-4257-ada8-a69ecefa2400-chrome-pdf.html","meta":{"rootId":"nadrz29fk3d7dxj","id":"nadrz29fk3d7dxj"},"id":"7d78zgc12q0q2x8","previousOperationId":"1seeggoolgtq4ml"}
{"type":"log","timestamp":1759938649414,"level":"debug","message":"Page request finished: GET (document) 200 file:///tmp/jsreport/autocleanup/27a6281a-272c-4257-ada8-a69ecefa2400-chrome-pdf.html","meta":{"rootId":"nadrz29fk3d7dxj","id":"nadrz29fk3d7dxj"},"id":"kgdi5cyt0qxsiqi","previousOperationId":"1seeggoolgtq4ml"}
{"type":"log","timestamp":1759938649420,"level":"debug","message":"Running chrome with params {\"printBackground\":true,\"timeout\":59989,\"margin\":{}}","meta":{"rootId":"nadrz29fk3d7dxj","id":"nadrz29fk3d7dxj"},"id":"kailvzwybio8h3o","previousOperationId":"1seeggoolgtq4ml"}
{"type":"operationEnd","operationId":"1seeggoolgtq4ml","timestamp":1759938649452,"id":"h0ax96ujgccl3l0","previousEventId":"30xh8zs79bs3ea0","previousOperationId":"1seeggoolgtq4ml"}
{"type":"log","timestamp":1759938649452,"level":"debug","message":"Skipping storing report.","meta":{"rootId":"nadrz29fk3d7dxj","id":"nadrz29fk3d7dxj"},"id":"5r3cnmo1vyiwft8","previousOperationId":"1seeggoolgtq4ml"}
{"type":"log","timestamp":1759938649452,"level":"info","message":"Rendering request 6 finished in 74 ms","meta":{"rootId":"nadrz29fk3d7dxj","id":"nadrz29fk3d7dxj"},"id":"gdt8qyn0pvvkbf8","previousOperationId":"1seeggoolgtq4ml"}
{"type":"operationEnd","subtype":"render","operationId":"97vbhxt94f7y5c0","timestamp":1759938649452,"id":"st0c1lxeoqtzcry","previousEventId":"h0ax96ujgccl3l0","previousOperationId":"1seeggoolgtq4ml"}
{"type":"operationEnd","doDiffs":false,"previousEventId":"e26017gvi2p9aty","previousOperationId":"7y0cv0be56k2df8","operationId":"7y0cv0be56k2df8","timestamp":1759938649453,"id":"k4s7u6wnd76772u"}
