{"type":"operationStart","subtype":"profile","data":{"_id":"zGGhIuHWDJCYXrqE","timestamp":"2025-10-08T15:54:20.365Z","state":"queued","mode":"standard","creationDate":"2025-10-08T15:54:20.366Z","modificationDate":"2025-10-08T15:54:20.366Z","shortid":"3NdMNFM","$entitySet":"profiles"},"doDiffs":false,"timestamp":1759938860365,"id":"u24fw8l40ppixws","previousOperationId":null,"operationId":"5t4no13ete9h4y2"}
{"type":"log","level":"info","message":"Render request 8 queued for execution and waiting for available worker","previousOperationId":"5t4no13ete9h4y2","timestamp":1759938860366,"id":"ne8axrmznjmjb9n"}
{"type":"operationStart","subtype":"render","name":"report-royalt-bellow","previousOperationId":"5t4no13ete9h4y2","timestamp":1759938860381,"id":"4p1562lfz9cbynm","previousEventId":"u24fw8l40ppixws","operationId":"pwz482j9at9ry8q"}
{"type":"log","timestamp":1759938860381,"level":"info","message":"Starting rendering request 8","meta":{"rootId":"nk53r61g77z86bf","id":"nk53r61g77z86bf"},"id":"thzhqb3zyu287zv","previousOperationId":"pwz482j9at9ry8q"}
{"type":"log","timestamp":1759938860381,"level":"info","message":"Rendering template { name: report-royalt-bellow, recipe: chrome-pdf, engine: jsrender, preview: false }","meta":{"rootId":"nk53r61g77z86bf","id":"nk53r61g77z86bf"},"id":"p8jvodt2pdx3twc","previousOperationId":"pwz482j9at9ry8q"}
{"type":"log","timestamp":1759938860381,"level":"debug","message":"Inline data specified.","meta":{"rootId":"nk53r61g77z86bf","id":"nk53r61g77z86bf"},"id":"i8zelsa04e9uhdq","previousOperationId":"pwz482j9at9ry8q"}
{"type":"log","timestamp":1759938860383,"level":"debug","message":"Base url not specified, skipping its injection.","meta":{"rootId":"nk53r61g77z86bf","id":"nk53r61g77z86bf"},"id":"ll81r2dmu5fzwuf","previousOperationId":"pwz482j9at9ry8q"}
{"type":"operationStart","subtype":"engine","name":"jsrender","timestamp":1759938860383,"id":"d06f1waxtmodv9t","previousEventId":"4p1562lfz9cbynm","operationId":"xmwdzt76rg77i41","previousOperationId":"pwz482j9at9ry8q"}
{"type":"log","timestamp":1759938860383,"level":"debug","message":"Rendering engine jsrender","meta":{"rootId":"nk53r61g77z86bf","id":"nk53r61g77z86bf"},"id":"qpubmklo6jz13lg","previousOperationId":"xmwdzt76rg77i41"}
{"type":"operationEnd","operationId":"xmwdzt76rg77i41","timestamp":1759938860394,"id":"iu2q8qvg5km4ul4","previousEventId":"d06f1waxtmodv9t","previousOperationId":"xmwdzt76rg77i41"}
{"type":"operationStart","subtype":"recipe","name":"chrome-pdf","timestamp":1759938860395,"id":"u504u7k0trnjpaf","previousEventId":"iu2q8qvg5km4ul4","operationId":"v2ujj0q2aomy577","previousOperationId":"xmwdzt76rg77i41"}
{"type":"log","timestamp":1759938860395,"level":"debug","message":"Executing recipe chrome-pdf","meta":{"rootId":"nk53r61g77z86bf","id":"nk53r61g77z86bf"},"id":"g13ayiwjkgg0k5b","previousOperationId":"v2ujj0q2aomy577"}
{"type":"log","timestamp":1759938860397,"level":"debug","message":"Converting with chrome Chrome/136.0.7103.49 using chrome-pool strategy","meta":{"rootId":"nk53r61g77z86bf","id":"nk53r61g77z86bf"},"id":"aic0pymh117xd4m","previousOperationId":"v2ujj0q2aomy577"}
{"type":"log","timestamp":1759938860455,"level":"debug","message":"Page request: GET (document) file:///tmp/jsreport/autocleanup/0dc9f65e-c2fb-456d-8e6f-8f2778fa9d4b-chrome-pdf.html","meta":{"rootId":"nk53r61g77z86bf","id":"nk53r61g77z86bf"},"id":"9f3f7ln6k6968wq","previousOperationId":"v2ujj0q2aomy577"}
{"type":"log","timestamp":1759938860481,"level":"debug","message":"Page request finished: GET (document) 200 file:///tmp/jsreport/autocleanup/0dc9f65e-c2fb-456d-8e6f-8f2778fa9d4b-chrome-pdf.html","meta":{"rootId":"nk53r61g77z86bf","id":"nk53r61g77z86bf"},"id":"bt073p0j7c9fr73","previousOperationId":"v2ujj0q2aomy577"}
{"type":"log","timestamp":1759938860500,"level":"debug","message":"Running chrome with params {\"printBackground\":true,\"timeout\":59968,\"margin\":{}}","meta":{"rootId":"nk53r61g77z86bf","id":"nk53r61g77z86bf"},"id":"62nhnaue44x4kx6","previousOperationId":"v2ujj0q2aomy577"}
{"type":"operationEnd","operationId":"v2ujj0q2aomy577","timestamp":1759938860582,"id":"voi52vrbkbmdmjj","previousEventId":"u504u7k0trnjpaf","previousOperationId":"v2ujj0q2aomy577"}
{"type":"log","timestamp":1759938860582,"level":"debug","message":"Skipping storing report.","meta":{"rootId":"nk53r61g77z86bf","id":"nk53r61g77z86bf"},"id":"12dctlpf4oisag4","previousOperationId":"v2ujj0q2aomy577"}
{"type":"log","timestamp":1759938860582,"level":"info","message":"Rendering request 8 finished in 218 ms","meta":{"rootId":"nk53r61g77z86bf","id":"nk53r61g77z86bf"},"id":"a5rs6ckhxdg10z2","previousOperationId":"v2ujj0q2aomy577"}
{"type":"operationEnd","subtype":"render","operationId":"pwz482j9at9ry8q","timestamp":1759938860582,"id":"vdh3eyuu6skpb33","previousEventId":"voi52vrbkbmdmjj","previousOperationId":"v2ujj0q2aomy577"}
{"type":"operationEnd","doDiffs":false,"previousEventId":"u24fw8l40ppixws","previousOperationId":"5t4no13ete9h4y2","operationId":"5t4no13ete9h4y2","timestamp":1759938860584,"id":"392spwfvszfhldy"}
