{"type":"operationStart","subtype":"profile","data":{"_id":"FYgskFDNVUAGYtDt","timestamp":"2025-10-08T15:51:51.061Z","state":"queued","mode":"standard","creationDate":"2025-10-08T15:51:51.063Z","modificationDate":"2025-10-08T15:51:51.063Z","shortid":"3u-ThSR","$entitySet":"profiles"},"doDiffs":false,"timestamp":1759938711062,"id":"vcdtc40xrlliktx","previousOperationId":null,"operationId":"eyggopdb942oxm6"}
{"type":"log","level":"info","message":"Render request 7 queued for execution and waiting for available worker","previousOperationId":"eyggopdb942oxm6","timestamp":1759938711062,"id":"13rbqwq3c0mgyjt"}
{"type":"operationStart","subtype":"render","name":"report-royalt-bellow","previousOperationId":"eyggopdb942oxm6","timestamp":1759938711080,"id":"u90e2ezxurq9qh3","previousEventId":"vcdtc40xrlliktx","operationId":"hz7sf62mh0nlm06"}
{"type":"log","timestamp":1759938711080,"level":"info","message":"Starting rendering request 7","meta":{"rootId":"szlghlebpgm13ua","id":"szlghlebpgm13ua"},"id":"v5rlzt7v614hzwm","previousOperationId":"hz7sf62mh0nlm06"}
{"type":"log","timestamp":1759938711080,"level":"info","message":"Rendering template { name: report-royalt-bellow, recipe: chrome-pdf, engine: jsrender, preview: false }","meta":{"rootId":"szlghlebpgm13ua","id":"szlghlebpgm13ua"},"id":"5crjl0u0zazukpl","previousOperationId":"hz7sf62mh0nlm06"}
{"type":"log","timestamp":1759938711080,"level":"debug","message":"Inline data specified.","meta":{"rootId":"szlghlebpgm13ua","id":"szlghlebpgm13ua"},"id":"fkvactk5x1h6jjn","previousOperationId":"hz7sf62mh0nlm06"}
{"type":"log","timestamp":1759938711081,"level":"debug","message":"Base url not specified, skipping its injection.","meta":{"rootId":"szlghlebpgm13ua","id":"szlghlebpgm13ua"},"id":"hot9goy7ssf73f7","previousOperationId":"hz7sf62mh0nlm06"}
{"type":"operationStart","subtype":"engine","name":"jsrender","timestamp":1759938711082,"id":"hm3ax7wau59cjnu","previousEventId":"u90e2ezxurq9qh3","operationId":"v5murm4zh5d7sc0","previousOperationId":"hz7sf62mh0nlm06"}
{"type":"log","timestamp":1759938711082,"level":"debug","message":"Rendering engine jsrender","meta":{"rootId":"szlghlebpgm13ua","id":"szlghlebpgm13ua"},"id":"mukkj6fkq7tneyf","previousOperationId":"v5murm4zh5d7sc0"}
{"type":"operationEnd","operationId":"v5murm4zh5d7sc0","timestamp":1759938711094,"id":"98mpz0sl3lhhqqz","previousEventId":"hm3ax7wau59cjnu","previousOperationId":"v5murm4zh5d7sc0"}
{"type":"operationStart","subtype":"recipe","name":"chrome-pdf","timestamp":1759938711094,"id":"xx7w6r5zp5xgysp","previousEventId":"98mpz0sl3lhhqqz","operationId":"r3xc92o8obryyux","previousOperationId":"v5murm4zh5d7sc0"}
{"type":"log","timestamp":1759938711094,"level":"debug","message":"Executing recipe chrome-pdf","meta":{"rootId":"szlghlebpgm13ua","id":"szlghlebpgm13ua"},"id":"0ijbtimxynasget","previousOperationId":"r3xc92o8obryyux"}
{"type":"log","timestamp":1759938711097,"level":"debug","message":"Converting with chrome Chrome/136.0.7103.49 using chrome-pool strategy","meta":{"rootId":"szlghlebpgm13ua","id":"szlghlebpgm13ua"},"id":"xwfjic2j23jm82o","previousOperationId":"r3xc92o8obryyux"}
{"type":"log","timestamp":1759938711153,"level":"debug","message":"Page request: GET (document) file:///tmp/jsreport/autocleanup/c1f086d9-ece0-4b81-8025-91e0446684b3-chrome-pdf.html","meta":{"rootId":"szlghlebpgm13ua","id":"szlghlebpgm13ua"},"id":"r9tad51qnjuxwlj","previousOperationId":"r3xc92o8obryyux"}
{"type":"log","timestamp":1759938711173,"level":"debug","message":"Page request finished: GET (document) 200 file:///tmp/jsreport/autocleanup/c1f086d9-ece0-4b81-8025-91e0446684b3-chrome-pdf.html","meta":{"rootId":"szlghlebpgm13ua","id":"szlghlebpgm13ua"},"id":"dzsdttdun2dbini","previousOperationId":"r3xc92o8obryyux"}
{"type":"log","timestamp":1759938711183,"level":"debug","message":"Running chrome with params {\"printBackground\":true,\"timeout\":59965,\"margin\":{}}","meta":{"rootId":"szlghlebpgm13ua","id":"szlghlebpgm13ua"},"id":"yb2555u1efhl1lz","previousOperationId":"r3xc92o8obryyux"}
{"type":"operationEnd","operationId":"r3xc92o8obryyux","timestamp":1759938711258,"id":"crdvuj1enfw24dj","previousEventId":"xx7w6r5zp5xgysp","previousOperationId":"r3xc92o8obryyux"}
{"type":"log","timestamp":1759938711258,"level":"debug","message":"Skipping storing report.","meta":{"rootId":"szlghlebpgm13ua","id":"szlghlebpgm13ua"},"id":"08tja9gky6vmjv5","previousOperationId":"r3xc92o8obryyux"}
{"type":"log","timestamp":1759938711258,"level":"info","message":"Rendering request 7 finished in 197 ms","meta":{"rootId":"szlghlebpgm13ua","id":"szlghlebpgm13ua"},"id":"9gqcr32ir8h9wfq","previousOperationId":"r3xc92o8obryyux"}
{"type":"operationEnd","subtype":"render","operationId":"hz7sf62mh0nlm06","timestamp":1759938711258,"id":"m3rvhx4oxhr6xu7","previousEventId":"crdvuj1enfw24dj","previousOperationId":"r3xc92o8obryyux"}
{"type":"operationEnd","doDiffs":false,"previousEventId":"vcdtc40xrlliktx","previousOperationId":"eyggopdb942oxm6","operationId":"eyggopdb942oxm6","timestamp":1759938711260,"id":"3e2j5fi8yqu4fb3"}
