{"type":"operationStart","subtype":"profile","data":{"_id":"GUazK6cersAJ7ado","timestamp":"2025-10-08T15:48:29.948Z","state":"queued","mode":"standard","creationDate":"2025-10-08T15:48:29.948Z","modificationDate":"2025-10-08T15:48:29.948Z","shortid":"PeSSJ6k","$entitySet":"profiles"},"doDiffs":false,"timestamp":1759938509948,"id":"vqjlylb50r3icow","previousOperationId":null,"operationId":"p9aqa6mfipl53ac"}
{"type":"log","level":"info","message":"Render request 5 queued for execution and waiting for available worker","previousOperationId":"p9aqa6mfipl53ac","timestamp":1759938509948,"id":"r3kbs7hoggn1s67"}
{"type":"operationStart","subtype":"render","name":"report-royalt-bellow","previousOperationId":"p9aqa6mfipl53ac","timestamp":1759938509950,"id":"th7l9plm687eich","previousEventId":"vqjlylb50r3icow","operationId":"luabg2f76hlhl0t"}
{"type":"log","timestamp":1759938509950,"level":"info","message":"Starting rendering request 5","meta":{"rootId":"v41k86djarddta6","id":"v41k86djarddta6"},"id":"lcauugv4veqkk5w","previousOperationId":"luabg2f76hlhl0t"}
{"type":"log","timestamp":1759938509950,"level":"info","message":"Rendering template { name: report-royalt-bellow, recipe: chrome-pdf, engine: jsrender, preview: false }","meta":{"rootId":"v41k86djarddta6","id":"v41k86djarddta6"},"id":"w7flt5ci5gsigc5","previousOperationId":"luabg2f76hlhl0t"}
{"type":"log","timestamp":1759938509951,"level":"debug","message":"Inline data specified.","meta":{"rootId":"v41k86djarddta6","id":"v41k86djarddta6"},"id":"h2wlka6j867bbts","previousOperationId":"luabg2f76hlhl0t"}
{"type":"log","timestamp":1759938509951,"level":"debug","message":"Base url not specified, skipping its injection.","meta":{"rootId":"v41k86djarddta6","id":"v41k86djarddta6"},"id":"cyhcuge66zrmat0","previousOperationId":"luabg2f76hlhl0t"}
{"type":"operationStart","subtype":"engine","name":"jsrender","timestamp":1759938509951,"id":"3tfgn0s7l5gmvkv","previousEventId":"th7l9plm687eich","operationId":"8pja1vdtrvsytos","previousOperationId":"luabg2f76hlhl0t"}
{"type":"log","timestamp":1759938509951,"level":"debug","message":"Rendering engine jsrender","meta":{"rootId":"v41k86djarddta6","id":"v41k86djarddta6"},"id":"to8xhqda0iont78","previousOperationId":"8pja1vdtrvsytos"}
{"type":"operationEnd","operationId":"8pja1vdtrvsytos","timestamp":1759938509954,"id":"f32f0b99d8q7y12","previousEventId":"3tfgn0s7l5gmvkv","previousOperationId":"8pja1vdtrvsytos"}
{"type":"operationStart","subtype":"recipe","name":"chrome-pdf","timestamp":1759938509954,"id":"458bczadb1g0kfo","previousEventId":"f32f0b99d8q7y12","operationId":"f79cx28yde7kv6d","previousOperationId":"8pja1vdtrvsytos"}
{"type":"log","timestamp":1759938509954,"level":"debug","message":"Executing recipe chrome-pdf","meta":{"rootId":"v41k86djarddta6","id":"v41k86djarddta6"},"id":"qvj2309zaq76b1z","previousOperationId":"f79cx28yde7kv6d"}
{"type":"log","timestamp":1759938509956,"level":"debug","message":"Converting with chrome Chrome/136.0.7103.49 using chrome-pool strategy","meta":{"rootId":"v41k86djarddta6","id":"v41k86djarddta6"},"id":"tiv5k5qvmzt2q7f","previousOperationId":"f79cx28yde7kv6d"}
{"type":"log","timestamp":1759938509980,"level":"debug","message":"Page request: GET (document) file:///tmp/jsreport/autocleanup/8eb979d3-26ee-45e2-b5b6-19fba54aa13b-chrome-pdf.html","meta":{"rootId":"v41k86djarddta6","id":"v41k86djarddta6"},"id":"h213abyxrowzqei","previousOperationId":"f79cx28yde7kv6d"}
{"type":"log","timestamp":1759938509987,"level":"debug","message":"Page request finished: GET (document) 200 file:///tmp/jsreport/autocleanup/8eb979d3-26ee-45e2-b5b6-19fba54aa13b-chrome-pdf.html","meta":{"rootId":"v41k86djarddta6","id":"v41k86djarddta6"},"id":"fat78aghwmto9nk","previousOperationId":"f79cx28yde7kv6d"}
{"type":"log","timestamp":1759938509993,"level":"debug","message":"Running chrome with params {\"printBackground\":true,\"timeout\":59993,\"margin\":{}}","meta":{"rootId":"v41k86djarddta6","id":"v41k86djarddta6"},"id":"zm1rvu6k90n51n1","previousOperationId":"f79cx28yde7kv6d"}
{"type":"operationEnd","operationId":"f79cx28yde7kv6d","timestamp":1759938510024,"id":"a4tht1elro9a9s9","previousEventId":"458bczadb1g0kfo","previousOperationId":"f79cx28yde7kv6d"}
{"type":"log","timestamp":1759938510024,"level":"debug","message":"Skipping storing report.","meta":{"rootId":"v41k86djarddta6","id":"v41k86djarddta6"},"id":"gvdnv14hk3v836s","previousOperationId":"f79cx28yde7kv6d"}
{"type":"log","timestamp":1759938510024,"level":"info","message":"Rendering request 5 finished in 76 ms","meta":{"rootId":"v41k86djarddta6","id":"v41k86djarddta6"},"id":"vkkpk8po8npj0pd","previousOperationId":"f79cx28yde7kv6d"}
{"type":"operationEnd","subtype":"render","operationId":"luabg2f76hlhl0t","timestamp":1759938510024,"id":"jd7887tdzlnaa2o","previousEventId":"a4tht1elro9a9s9","previousOperationId":"f79cx28yde7kv6d"}
{"type":"operationEnd","doDiffs":false,"previousEventId":"vqjlylb50r3icow","previousOperationId":"p9aqa6mfipl53ac","operationId":"p9aqa6mfipl53ac","timestamp":1759938510026,"id":"u5crx81q1hsjlal"}
