{"type":"operationStart","subtype":"profile","data":{"_id":"C6tW9055Wvmflajv","timestamp":"2025-10-08T16:01:46.490Z","state":"queued","mode":"standard","creationDate":"2025-10-08T16:01:46.492Z","modificationDate":"2025-10-08T16:01:46.492Z","shortid":"kBWx1ZO","$entitySet":"profiles"},"doDiffs":false,"timestamp":1759939306491,"id":"hghm9b6glhs9aaq","previousOperationId":null,"operationId":"av0243bgvjuwwt6"}
{"type":"log","level":"info","message":"Render request 11 queued for execution and waiting for available worker","previousOperationId":"av0243bgvjuwwt6","timestamp":1759939306491,"id":"2g0g3op0iob9g8p"}
{"type":"operationStart","subtype":"render","name":"report-royalt-bellow","previousOperationId":"av0243bgvjuwwt6","timestamp":1759939306503,"id":"eh3l075ohyq8pvp","previousEventId":"hghm9b6glhs9aaq","operationId":"0ssactc7driuqsh"}
{"type":"log","timestamp":1759939306503,"level":"info","message":"Starting rendering request 11","meta":{"rootId":"wi2nophq3soz6wl","id":"wi2nophq3soz6wl"},"id":"job4ht3ar3qtad3","previousOperationId":"0ssactc7driuqsh"}
{"type":"log","timestamp":1759939306503,"level":"info","message":"Rendering template { name: report-royalt-bellow, recipe: chrome-pdf, engine: jsrender, preview: false }","meta":{"rootId":"wi2nophq3soz6wl","id":"wi2nophq3soz6wl"},"id":"hbbb9pkexmcnlnm","previousOperationId":"0ssactc7driuqsh"}
{"type":"log","timestamp":1759939306503,"level":"debug","message":"Inline data specified.","meta":{"rootId":"wi2nophq3soz6wl","id":"wi2nophq3soz6wl"},"id":"dkej8x9ka7gqcxh","previousOperationId":"0ssactc7driuqsh"}
{"type":"log","timestamp":1759939306506,"level":"debug","message":"Base url not specified, skipping its injection.","meta":{"rootId":"wi2nophq3soz6wl","id":"wi2nophq3soz6wl"},"id":"9er1qovi2qirdsf","previousOperationId":"0ssactc7driuqsh"}
{"type":"operationStart","subtype":"engine","name":"jsrender","timestamp":1759939306507,"id":"li6tnhic9wetzfa","previousEventId":"eh3l075ohyq8pvp","operationId":"t3xwmkbzcxwbqf5","previousOperationId":"0ssactc7driuqsh"}
{"type":"log","timestamp":1759939306507,"level":"debug","message":"Rendering engine jsrender","meta":{"rootId":"wi2nophq3soz6wl","id":"wi2nophq3soz6wl"},"id":"ai8gy85naxne3jb","previousOperationId":"t3xwmkbzcxwbqf5"}
{"type":"operationEnd","operationId":"t3xwmkbzcxwbqf5","timestamp":1759939306516,"id":"xgo38hh8hodh7wq","previousEventId":"li6tnhic9wetzfa","previousOperationId":"t3xwmkbzcxwbqf5"}
{"type":"operationStart","subtype":"recipe","name":"chrome-pdf","timestamp":1759939306516,"id":"6pjeognmwm5l6r3","previousEventId":"xgo38hh8hodh7wq","operationId":"c4i5arv1d0wp0dw","previousOperationId":"t3xwmkbzcxwbqf5"}
{"type":"log","timestamp":1759939306516,"level":"debug","message":"Executing recipe chrome-pdf","meta":{"rootId":"wi2nophq3soz6wl","id":"wi2nophq3soz6wl"},"id":"q1rqqi0gzxgn8ir","previousOperationId":"c4i5arv1d0wp0dw"}
{"type":"log","timestamp":1759939306519,"level":"debug","message":"Converting with chrome Chrome/136.0.7103.49 using chrome-pool strategy","meta":{"rootId":"wi2nophq3soz6wl","id":"wi2nophq3soz6wl"},"id":"u774x0i6nf6bh0w","previousOperationId":"c4i5arv1d0wp0dw"}
{"type":"log","timestamp":1759939306574,"level":"debug","message":"Page request: GET (document) file:///tmp/jsreport/autocleanup/37f6808a-d668-4ebe-a240-c349370b5988-chrome-pdf.html","meta":{"rootId":"wi2nophq3soz6wl","id":"wi2nophq3soz6wl"},"id":"9do2owm5cdknv3o","previousOperationId":"c4i5arv1d0wp0dw"}
{"type":"log","timestamp":1759939306590,"level":"debug","message":"Page request finished: GET (document) 200 file:///tmp/jsreport/autocleanup/37f6808a-d668-4ebe-a240-c349370b5988-chrome-pdf.html","meta":{"rootId":"wi2nophq3soz6wl","id":"wi2nophq3soz6wl"},"id":"3v7tbq1aj8df7y0","previousOperationId":"c4i5arv1d0wp0dw"}
{"type":"log","timestamp":1759939306609,"level":"debug","message":"Running chrome with params {\"printBackground\":true,\"timeout\":59972,\"margin\":{}}","meta":{"rootId":"wi2nophq3soz6wl","id":"wi2nophq3soz6wl"},"id":"ezitwo25xt804ij","previousOperationId":"c4i5arv1d0wp0dw"}
{"type":"operationEnd","operationId":"c4i5arv1d0wp0dw","timestamp":1759939306684,"id":"l2u8szd1qbpqv9d","previousEventId":"6pjeognmwm5l6r3","previousOperationId":"c4i5arv1d0wp0dw"}
{"type":"log","timestamp":1759939306684,"level":"debug","message":"Skipping storing report.","meta":{"rootId":"wi2nophq3soz6wl","id":"wi2nophq3soz6wl"},"id":"8gvolul9z078vi5","previousOperationId":"c4i5arv1d0wp0dw"}
{"type":"log","timestamp":1759939306684,"level":"info","message":"Rendering request 11 finished in 194 ms","meta":{"rootId":"wi2nophq3soz6wl","id":"wi2nophq3soz6wl"},"id":"6kwbpkcqkuptxqh","previousOperationId":"c4i5arv1d0wp0dw"}
{"type":"operationEnd","subtype":"render","operationId":"0ssactc7driuqsh","timestamp":1759939306684,"id":"1ztu0pxnr44r3q4","previousEventId":"l2u8szd1qbpqv9d","previousOperationId":"c4i5arv1d0wp0dw"}
{"type":"operationEnd","doDiffs":false,"previousEventId":"hghm9b6glhs9aaq","previousOperationId":"av0243bgvjuwwt6","operationId":"av0243bgvjuwwt6","timestamp":1759939306686,"id":"vbtkyju1x115bt1"}
