{"type":"operationStart","subtype":"profile","data":{"_id":"1411CvMTNU9v5nUV","timestamp":"2025-10-08T15:58:55.748Z","state":"queued","mode":"standard","creationDate":"2025-10-08T15:58:55.750Z","modificationDate":"2025-10-08T15:58:55.750Z","shortid":"h_9PbOx","$entitySet":"profiles"},"doDiffs":false,"timestamp":1759939135749,"id":"n2l160ne58jao05","previousOperationId":null,"operationId":"pymdnt4b5yy8sns"}
{"type":"log","level":"info","message":"Render request 10 queued for execution and waiting for available worker","previousOperationId":"pymdnt4b5yy8sns","timestamp":1759939135749,"id":"nq4dyc83dvjwrjt"}
{"type":"operationStart","subtype":"render","name":"report-royalt-bellow","previousOperationId":"pymdnt4b5yy8sns","timestamp":1759939135756,"id":"hhcdxubculfyox9","previousEventId":"n2l160ne58jao05","operationId":"gi5wqoyp95yxaxr"}
{"type":"log","timestamp":1759939135756,"level":"info","message":"Starting rendering request 10","meta":{"rootId":"x8xy8ho1q24fwwf","id":"x8xy8ho1q24fwwf"},"id":"fk8y7d724reyu6p","previousOperationId":"gi5wqoyp95yxaxr"}
{"type":"log","timestamp":1759939135756,"level":"info","message":"Rendering template { name: report-royalt-bellow, recipe: chrome-pdf, engine: jsrender, preview: false }","meta":{"rootId":"x8xy8ho1q24fwwf","id":"x8xy8ho1q24fwwf"},"id":"4js823vxn52morw","previousOperationId":"gi5wqoyp95yxaxr"}
{"type":"log","timestamp":1759939135756,"level":"debug","message":"Inline data specified.","meta":{"rootId":"x8xy8ho1q24fwwf","id":"x8xy8ho1q24fwwf"},"id":"uw0dsnzm060ugpr","previousOperationId":"gi5wqoyp95yxaxr"}
{"type":"log","timestamp":1759939135758,"level":"debug","message":"Base url not specified, skipping its injection.","meta":{"rootId":"x8xy8ho1q24fwwf","id":"x8xy8ho1q24fwwf"},"id":"5am42j9ne31v3t0","previousOperationId":"gi5wqoyp95yxaxr"}
{"type":"operationStart","subtype":"engine","name":"jsrender","timestamp":1759939135758,"id":"oy7a129icjmzfk6","previousEventId":"hhcdxubculfyox9","operationId":"pga92pwa257uosz","previousOperationId":"gi5wqoyp95yxaxr"}
{"type":"log","timestamp":1759939135758,"level":"debug","message":"Rendering engine jsrender","meta":{"rootId":"x8xy8ho1q24fwwf","id":"x8xy8ho1q24fwwf"},"id":"1vrj768wf7j6i86","previousOperationId":"pga92pwa257uosz"}
{"type":"operationEnd","operationId":"pga92pwa257uosz","timestamp":1759939135768,"id":"yc0ld55lok30drh","previousEventId":"oy7a129icjmzfk6","previousOperationId":"pga92pwa257uosz"}
{"type":"operationStart","subtype":"recipe","name":"chrome-pdf","timestamp":1759939135769,"id":"o6v10j9q1zjavoa","previousEventId":"yc0ld55lok30drh","operationId":"0msur1edzasuhxs","previousOperationId":"pga92pwa257uosz"}
{"type":"log","timestamp":1759939135769,"level":"debug","message":"Executing recipe chrome-pdf","meta":{"rootId":"x8xy8ho1q24fwwf","id":"x8xy8ho1q24fwwf"},"id":"i40lupif2t6u1sn","previousOperationId":"0msur1edzasuhxs"}
{"type":"log","timestamp":1759939135772,"level":"debug","message":"Converting with chrome Chrome/136.0.7103.49 using chrome-pool strategy","meta":{"rootId":"x8xy8ho1q24fwwf","id":"x8xy8ho1q24fwwf"},"id":"l388dvt50af0vqt","previousOperationId":"0msur1edzasuhxs"}
{"type":"log","timestamp":1759939135825,"level":"debug","message":"Page request: GET (document) file:///tmp/jsreport/autocleanup/600a684b-594c-4700-8dde-edf9e9df0eb7-chrome-pdf.html","meta":{"rootId":"x8xy8ho1q24fwwf","id":"x8xy8ho1q24fwwf"},"id":"mh8rmem4o1pla7g","previousOperationId":"0msur1edzasuhxs"}
{"type":"log","timestamp":1759939135846,"level":"debug","message":"Page request finished: GET (document) 200 file:///tmp/jsreport/autocleanup/600a684b-594c-4700-8dde-edf9e9df0eb7-chrome-pdf.html","meta":{"rootId":"x8xy8ho1q24fwwf","id":"x8xy8ho1q24fwwf"},"id":"87wwv5gjz19dykw","previousOperationId":"0msur1edzasuhxs"}
{"type":"log","timestamp":1759939135862,"level":"debug","message":"Running chrome with params {\"printBackground\":true,\"timeout\":59977,\"margin\":{}}","meta":{"rootId":"x8xy8ho1q24fwwf","id":"x8xy8ho1q24fwwf"},"id":"32bk5mtvov7szib","previousOperationId":"0msur1edzasuhxs"}
{"type":"operationEnd","operationId":"0msur1edzasuhxs","timestamp":1759939135949,"id":"63cttefkgybh3mt","previousEventId":"o6v10j9q1zjavoa","previousOperationId":"0msur1edzasuhxs"}
{"type":"log","timestamp":1759939135949,"level":"debug","message":"Skipping storing report.","meta":{"rootId":"x8xy8ho1q24fwwf","id":"x8xy8ho1q24fwwf"},"id":"twsnoeuoafefl7u","previousOperationId":"0msur1edzasuhxs"}
{"type":"log","timestamp":1759939135950,"level":"info","message":"Rendering request 10 finished in 202 ms","meta":{"rootId":"x8xy8ho1q24fwwf","id":"x8xy8ho1q24fwwf"},"id":"xg4ff5e1fmfv5ox","previousOperationId":"0msur1edzasuhxs"}
{"type":"operationEnd","subtype":"render","operationId":"gi5wqoyp95yxaxr","timestamp":1759939135950,"id":"f7wb7vrcpnkrwrx","previousEventId":"63cttefkgybh3mt","previousOperationId":"0msur1edzasuhxs"}
{"type":"operationEnd","doDiffs":false,"previousEventId":"n2l160ne58jao05","previousOperationId":"pymdnt4b5yy8sns","operationId":"pymdnt4b5yy8sns","timestamp":1759939135952,"id":"w3xj3k2fst0erdz"}
